Archive member included to satisfy reference by file (symbol)

d:/programas/stm32cubeide/stm32cubeide_1.12.0/stm32cubeide/plugins/com.st.stm32cube.ide.mcu.externaltools.gnu-tools-for-stm32.10.3-2021.10.win32_1.0.200.202301161003/tools/bin/../lib/gcc/arm-none-eabi/10.3.1/../../../../arm-none-eabi/lib/thumb/v7e-m+fp/hard\libc_nano.a(lib_a-errno.o)
                              ./Core/Src/syscalls.o (__errno)
d:/programas/stm32cubeide/stm32cubeide_1.12.0/stm32cubeide/plugins/com.st.stm32cube.ide.mcu.externaltools.gnu-tools-for-stm32.10.3-2021.10.win32_1.0.200.202301161003/tools/bin/../lib/gcc/arm-none-eabi/10.3.1/../../../../arm-none-eabi/lib/thumb/v7e-m+fp/hard\libc_nano.a(lib_a-exit.o)
                              d:/programas/stm32cubeide/stm32cubeide_1.12.0/stm32cubeide/plugins/com.st.stm32cube.ide.mcu.externaltools.gnu-tools-for-stm32.10.3-2021.10.win32_1.0.200.202301161003/tools/bin/../lib/gcc/arm-none-eabi/10.3.1/../../../../arm-none-eabi/lib/thumb/v7e-m+fp/hard/crt0.o (exit)
d:/programas/stm32cubeide/stm32cubeide_1.12.0/stm32cubeide/plugins/com.st.stm32cube.ide.mcu.externaltools.gnu-tools-for-stm32.10.3-2021.10.win32_1.0.200.202301161003/tools/bin/../lib/gcc/arm-none-eabi/10.3.1/../../../../arm-none-eabi/lib/thumb/v7e-m+fp/hard\libc_nano.a(lib_a-impure.o)
                              d:/programas/stm32cubeide/stm32cubeide_1.12.0/stm32cubeide/plugins/com.st.stm32cube.ide.mcu.externaltools.gnu-tools-for-stm32.10.3-2021.10.win32_1.0.200.202301161003/tools/bin/../lib/gcc/arm-none-eabi/10.3.1/../../../../arm-none-eabi/lib/thumb/v7e-m+fp/hard\libc_nano.a(lib_a-exit.o) (_global_impure_ptr)
d:/programas/stm32cubeide/stm32cubeide_1.12.0/stm32cubeide/plugins/com.st.stm32cube.ide.mcu.externaltools.gnu-tools-for-stm32.10.3-2021.10.win32_1.0.200.202301161003/tools/bin/../lib/gcc/arm-none-eabi/10.3.1/../../../../arm-none-eabi/lib/thumb/v7e-m+fp/hard\libc_nano.a(lib_a-init.o)
                              d:/programas/stm32cubeide/stm32cubeide_1.12.0/stm32cubeide/plugins/com.st.stm32cube.ide.mcu.externaltools.gnu-tools-for-stm32.10.3-2021.10.win32_1.0.200.202301161003/tools/bin/../lib/gcc/arm-none-eabi/10.3.1/../../../../arm-none-eabi/lib/thumb/v7e-m+fp/hard/crt0.o (__libc_init_array)
d:/programas/stm32cubeide/stm32cubeide_1.12.0/stm32cubeide/plugins/com.st.stm32cube.ide.mcu.externaltools.gnu-tools-for-stm32.10.3-2021.10.win32_1.0.200.202301161003/tools/bin/../lib/gcc/arm-none-eabi/10.3.1/../../../../arm-none-eabi/lib/thumb/v7e-m+fp/hard\libc_nano.a(lib_a-memset.o)
                              d:/programas/stm32cubeide/stm32cubeide_1.12.0/stm32cubeide/plugins/com.st.stm32cube.ide.mcu.externaltools.gnu-tools-for-stm32.10.3-2021.10.win32_1.0.200.202301161003/tools/bin/../lib/gcc/arm-none-eabi/10.3.1/../../../../arm-none-eabi/lib/thumb/v7e-m+fp/hard/crt0.o (memset)
d:/programas/stm32cubeide/stm32cubeide_1.12.0/stm32cubeide/plugins/com.st.stm32cube.ide.mcu.externaltools.gnu-tools-for-stm32.10.3-2021.10.win32_1.0.200.202301161003/tools/bin/../lib/gcc/arm-none-eabi/10.3.1/../../../../arm-none-eabi/lib/thumb/v7e-m+fp/hard\libc_nano.a(lib_a-rand.o)
                              ./Core/Src/main.o (rand)
d:/programas/stm32cubeide/stm32cubeide_1.12.0/stm32cubeide/plugins/com.st.stm32cube.ide.mcu.externaltools.gnu-tools-for-stm32.10.3-2021.10.win32_1.0.200.202301161003/tools/bin/../lib/gcc/arm-none-eabi/10.3.1/../../../../arm-none-eabi/lib/thumb/v7e-m+fp/hard\libc_nano.a(lib_a-assert.o)
                              d:/programas/stm32cubeide/stm32cubeide_1.12.0/stm32cubeide/plugins/com.st.stm32cube.ide.mcu.externaltools.gnu-tools-for-stm32.10.3-2021.10.win32_1.0.200.202301161003/tools/bin/../lib/gcc/arm-none-eabi/10.3.1/../../../../arm-none-eabi/lib/thumb/v7e-m+fp/hard\libc_nano.a(lib_a-rand.o) (__assert_func)
d:/programas/stm32cubeide/stm32cubeide_1.12.0/stm32cubeide/plugins/com.st.stm32cube.ide.mcu.externaltools.gnu-tools-for-stm32.10.3-2021.10.win32_1.0.200.202301161003/tools/bin/../lib/gcc/arm-none-eabi/10.3.1/../../../../arm-none-eabi/lib/thumb/v7e-m+fp/hard\libc_nano.a(lib_a-fprintf.o)
                              d:/programas/stm32cubeide/stm32cubeide_1.12.0/stm32cubeide/plugins/com.st.stm32cube.ide.mcu.externaltools.gnu-tools-for-stm32.10.3-2021.10.win32_1.0.200.202301161003/tools/bin/../lib/gcc/arm-none-eabi/10.3.1/../../../../arm-none-eabi/lib/thumb/v7e-m+fp/hard\libc_nano.a(lib_a-assert.o) (fiprintf)
d:/programas/stm32cubeide/stm32cubeide_1.12.0/stm32cubeide/plugins/com.st.stm32cube.ide.mcu.externaltools.gnu-tools-for-stm32.10.3-2021.10.win32_1.0.200.202301161003/tools/bin/../lib/gcc/arm-none-eabi/10.3.1/../../../../arm-none-eabi/lib/thumb/v7e-m+fp/hard\libc_nano.a(lib_a-malloc.o)
                              d:/programas/stm32cubeide/stm32cubeide_1.12.0/stm32cubeide/plugins/com.st.stm32cube.ide.mcu.externaltools.gnu-tools-for-stm32.10.3-2021.10.win32_1.0.200.202301161003/tools/bin/../lib/gcc/arm-none-eabi/10.3.1/../../../../arm-none-eabi/lib/thumb/v7e-m+fp/hard\libc_nano.a(lib_a-rand.o) (malloc)
[...]
Memory Configuration

Name             Origin             Length             Attributes
CCMRAM           0x0000000010000000 0x0000000000010000 xrw
RAM              0x0000000020000000 0x0000000000030000 xrw
FLASH            0x0000000008000000 0x0000000000200000 xr
*default*        0x0000000000000000 0xffffffffffffffff

Linker script and memory map

LOAD d:/programas/stm32cubeide/stm32cubeide_1.12.0/stm32cubeide/plugins/com.st.stm32cube.ide.mcu.externaltools.gnu-tools-for-stm32.10.3-2021.10.win32_1.0.200.202301161003/tools/bin/../lib/gcc/arm-none-eabi/10.3.1/thumb/v7e-m+fp/hard/crti.o
LOAD d:/programas/stm32cubeide/stm32cubeide_1.12.0/stm32cubeide/plugins/com.st.stm32cube.ide.mcu.externaltools.gnu-tools-for-stm32.10.3-2021.10.win32_1.0.200.202301161003/tools/bin/../lib/gcc/arm-none-eabi/10.3.1/thumb/v7e-m+fp/hard/crtbegin.o
LOAD d:/programas/stm32cubeide/stm32cubeide_1.12.0/stm32cubeide/plugins/com.st.stm32cube.ide.mcu.externaltools.gnu-tools-for-stm32.10.3-2021.10.win32_1.0.200.202301161003/tools/bin/../lib/gcc/arm-none-eabi/10.3.1/../../../../arm-none-eabi/lib/thumb/v7e-m+fp/hard/crt0.o
LOAD ./Core/Src/asm_func.o
LOAD ./Core/Src/main.o
LOAD ./Core/Src/stm32f4xx_hal_msp.o
LOAD ./Core/Src/stm32f4xx_it.o
LOAD ./Core/Src/syscalls.o
LOAD ./Core/Src/sysmem.o
LOAD ./Core/Src/system_stm32f4xx.o
LOAD ./Core/Startup/startup_stm32f429zitx.o
LOAD ./Drivers/STM32F4xx_HAL_Driver/stm32f4xx_hal.o
LOAD ./Drivers/STM32F4xx_HAL_Driver/stm32f4xx_hal_cortex.o
LOAD ./Drivers/STM32F4xx_HAL_Driver/stm32f4xx_hal_dma.o
LOAD ./Drivers/STM32F4xx_HAL_Driver/stm32f4xx_hal_dma_ex.o
LOAD ./Drivers/STM32F4xx_HAL_Driver/stm32f4xx_hal_eth.o
LOAD ./Drivers/STM32F4xx_HAL_Driver/stm32f4xx_hal_exti.o
LOAD ./Drivers/STM32F4xx_HAL_Driver/stm32f4xx_hal_flash.o
LOAD ./Drivers/STM32F4xx_HAL_Driver/stm32f4xx_hal_flash_ex.o
LOAD ./Drivers/STM32F4xx_HAL_Driver/stm32f4xx_hal_flash_ramfunc.o
LOAD ./Drivers/STM32F4xx_HAL_Driver/stm32f4xx_hal_gpio.o
LOAD ./Drivers/STM32F4xx_HAL_Driver/stm32f4xx_hal_pcd.o
LOAD ./Drivers/STM32F4xx_HAL_Driver/stm32f4xx_hal_pcd_ex.o
LOAD ./Drivers/STM32F4xx_HAL_Driver/stm32f4xx_hal_pwr.o
LOAD ./Drivers/STM32F4xx_HAL_Driver/stm32f4xx_hal_pwr_ex.o
LOAD ./Drivers/STM32F4xx_HAL_Driver/stm32f4xx_hal_rcc.o
LOAD ./Drivers/STM32F4xx_HAL_Driver/stm32f4xx_hal_rcc_ex.o
LOAD ./Drivers/STM32F4xx_HAL_Driver/stm32f4xx_hal_tim.o
LOAD ./Drivers/STM32F4xx_HAL_Driver/stm32f4xx_hal_tim_ex.o
LOAD ./Drivers/STM32F4xx_HAL_Driver/stm32f4xx_hal_uart.o
LOAD ./Drivers/STM32F4xx_HAL_Driver/stm32f4xx_ll_usb.o
START GROUP
LOAD d:/programas/stm32cubeide/stm32cubeide_1.12.0/stm32cubeide/plugins/com.st.stm32cube.ide.mcu.externaltools.gnu-tools-for-stm32.10.3-2021.10.win32_1.0.200.202301161003/tools/bin/../lib/gcc/arm-none-eabi/10.3.1/../../../../arm-none-eabi/lib/thumb/v7e-m+fp/hard\libc_nano.a
LOAD d:/programas/stm32cubeide/stm32cubeide_1.12.0/stm32cubeide/plugins/com.st.stm32cube.ide.mcu.externaltools.gnu-tools-for-stm32.10.3-2021.10.win32_1.0.200.202301161003/tools/bin/../lib/gcc/arm-none-eabi/10.3.1/../../../../arm-none-eabi/lib/thumb/v7e-m+fp/hard\libm.a
END GROUP
START GROUP
LOAD d:/programas/stm32cubeide/stm32cubeide_1.12.0/stm32cubeide/plugins/com.st.stm32cube.ide.mcu.externaltools.gnu-tools-for-stm32.10.3-2021.10.win32_1.0.200.202301161003/tools/bin/../lib/gcc/arm-none-eabi/10.3.1/thumb/v7e-m+fp/hard\libgcc.a
LOAD d:/programas/stm32cubeide/stm32cubeide_1.12.0/stm32cubeide/plugins/com.st.stm32cube.ide.mcu.externaltools.gnu-tools-for-stm32.10.3-2021.10.win32_1.0.200.202301161003/tools/bin/../lib/gcc/arm-none-eabi/10.3.1/../../../../arm-none-eabi/lib/thumb/v7e-m+fp/hard\libc_nano.a
END GROUP
START GROUP
LOAD d:/programas/stm32cubeide/stm32cubeide_1.12.0/stm32cubeide/plugins/com.st.stm32cube.ide.mcu.externaltools.gnu-tools-for-stm32.10.3-2021.10.win32_1.0.200.202301161003/tools/bin/../lib/gcc/arm-none-eabi/10.3.1/thumb/v7e-m+fp/hard\libgcc.a
LOAD d:/programas/stm32cubeide/stm32cubeide_1.12.0/stm32cubeide/plugins/com.st.stm32cube.ide.mcu.externaltools.gnu-tools-for-stm32.10.3-2021.10.win32_1.0.200.202301161003/tools/bin/../lib/gcc/arm-none-eabi/10.3.1/../../../../arm-none-eabi/lib/thumb/v7e-m+fp/hard\libc_nano.a
LOAD d:/programas/stm32cubeide/stm32cubeide_1.12.0/stm32cubeide/plugins/com.st.stm32cube.ide.mcu.externaltools.gnu-tools-for-stm32.10.3-2021.10.win32_1.0.200.202301161003/tools/bin/../lib/gcc/arm-none-eabi/10.3.1/../../../../arm-none-eabi/lib/thumb/v7e-m+fp/hard\libnosys.a
END GROUP
START GROUP
LOAD d:/programas/stm32cubeide/stm32cubeide_1.12.0/stm32cubeide/plugins/com.st.stm32cube.ide.mcu.externaltools.gnu-tools-for-stm32.10.3-2021.10.win32_1.0.200.202301161003/tools/bin/../lib/gcc/arm-none-eabi/10.3.1/thumb/v7e-m+fp/hard\libgcc.a
LOAD d:/programas/stm32cubeide/stm32cubeide_1.12.0/stm32cubeide/plugins/com.st.stm32cube.ide.mcu.externaltools.gnu-tools-for-stm32.10.3-2021.10.win32_1.0.200.202301161003/tools/bin/../lib/gcc/arm-none-eabi/10.3.1/../../../../arm-none-eabi/lib/thumb/v7e-m+fp/hard\libc_nano.a
LOAD d:/programas/stm32cubeide/stm32cubeide_1.12.0/stm32cubeide/plugins/com.st.stm32cube.ide.mcu.externaltools.gnu-tools-for-stm32.10.3-2021.10.win32_1.0.200.202301161003/tools/bin/../lib/gcc/arm-none-eabi/10.3.1/../../../../arm-none-eabi/lib/thumb/v7e-m+fp/hard\libnosys.a
END GROUP
LOAD d:/programas/stm32cubeide/stm32cubeide_1.12.0/stm32cubeide/plugins/com.st.stm32cube.ide.mcu.externaltools.gnu-tools-for-stm32.10.3-2021.10.win32_1.0.200.202301161003/tools/bin/../lib/gcc/arm-none-eabi/10.3.1/thumb/v7e-m+fp/hard/crtend.o
LOAD d:/programas/stm32cubeide/stm32cubeide_1.12.0/stm32cubeide/plugins/com.st.stm32cube.ide.mcu.externaltools.gnu-tools-for-stm32.10.3-2021.10.win32_1.0.200.202301161003/tools/bin/../lib/gcc/arm-none-eabi/10.3.1/thumb/v7e-m+fp/hard/crtn.o
                0x0000000020030000                _estack = (ORIGIN (RAM) + LENGTH (RAM))
                0x0000000000000200                _Min_Heap_Size = 0x200
                0x0000000000000400                _Min_Stack_Size = 0x400

.isr_vector     0x0000000008000000      0x1ac
                0x0000000008000000                . = ALIGN (0x4)
 *(.isr_vector)
 .isr_vector    0x0000000008000000      0x1ac ./Core/Startup/startup_stm32f429zitx.o
                0x0000000008000000                g_pfnVectors
                0x00000000080001ac                . = ALIGN (0x4)

.text           0x00000000080001ac     0x34a0
                0x00000000080001ac                . = ALIGN (0x4)
 *(.text)
 .text          0x00000000080001ac       0x40 d:/programas/stm32cubeide/stm32cubeide_1.12.0/stm32cubeide/plugins/com.st.stm32cube.ide.mcu.externaltools.gnu-tools-for-stm32.10.3-2021.10.win32_1.0.200.202301161003/tools/bin/../lib/gcc/arm-none-eabi/10.3.1/thumb/v7e-m+fp/hard/crtbegin.o
 .text          0x00000000080001ec      0x28c ./Core/Src/asm_func.o
                0x00000000080001ec                asm_svc
                0x00000000080001f0                asm_sum
                0x00000000080001f4                asm_zeros
                0x0000000008000206                asm_zeros16
                0x0000000008000218                asm_productoEscalar32
                0x0000000008000232                asm_productoEscalar16
                0x0000000008000248                asm_productoEscalar12
                0x0000000008000262                asm_filtroVentana10
                0x00000000080002aa                asm_pack32to16
                0x00000000080002c0                asm_max
                0x00000000080002e4                asm_downSampleM
                0x0000000008000314                asm_invertir
                0x000000000800033c                asm_generaEco
                0x000000000800038c                asm_generaEcoSIMD
                0x00000000080003e2                asm_corr
                0x000000000800042c                asm_corrSIMD
 .text          0x0000000008000478       0x30 d:/programas/stm32cubeide/stm32cubeide_1.12.0/stm32cubeide/plugins/com.st.stm32cube.ide.mcu.externaltools.gnu-tools-for-stm32.10.3-2021.10.win32_1.0.200.202301161003/tools/bin/../lib/gcc/arm-none-eabi/10.3.1/thumb/v7e-m+fp/hard\libgcc.a(_aeabi_uldivmod.o)
                0x0000000008000478                __aeabi_uldivmod
 .text          0x00000000080004a8      0x2d0 d:/programas/stm32cubeide/stm32cubeide_1.12.0/stm32cubeide/plugins/com.st.stm32cube.ide.mcu.externaltools.gnu-tools-for-stm32.10.3-2021.10.win32_1.0.200.202301161003/tools/bin/../lib/gcc/arm-none-eabi/10.3.1/thumb/v7e-m+fp/hard\libgcc.a(_udivmoddi4.o)
                0x00000000080004a8                __udivmoddi4
 .text          0x0000000008000778        0x4 d:/programas/stm32cubeide/stm32cubeide_1.12.0/stm32cubeide/plugins/com.st.stm32cube.ide.mcu.externaltools.gnu-tools-for-stm32.10.3-2021.10.win32_1.0.200.202301161003/tools/bin/../lib/gcc/arm-none-eabi/10.3.1/thumb/v7e-m+fp/hard\libgcc.a(_dvmd_tls.o)
                0x0000000008000778                __aeabi_idiv0
                0x0000000008000778                __aeabi_ldiv0
 *(.text*)
 .text.PrivilegiosSVC
                0x000000000800077c       0x62 ./Core/Src/main.o
 *fill*         0x00000000080007de        0x2 
 .text.main     0x00000000080007e0      0x120 ./Core/Src/main.o
                0x00000000080007e0                main
 .text.SystemClock_Config
                0x0000000008000900       0xd4 ./Core/Src/main.o
                0x0000000008000900                SystemClock_Config
 .text.MX_ETH_Init
                0x00000000080009d4       0x9c ./Core/Src/main.o
 .text.MX_USART3_UART_Init
                0x0000000008000a70       0x54 ./Core/Src/main.o
 .text.MX_USB_OTG_FS_PCD_Init
                0x0000000008000ac4       0x5c ./Core/Src/main.o
 .text.MX_GPIO_Init
                0x0000000008000b20      0x15c ./Core/Src/main.o
 .text.corr     0x0000000008000c7c       0x7e ./Core/Src/main.o
                0x0000000008000c7c                corr
 .text.corrInt  0x0000000008000cfa      0x100 ./Core/Src/main.o
                0x0000000008000cfa                corrInt
 .text.Error_Handler
                0x0000000008000dfa        0xa ./Core/Src/main.o
                0x0000000008000dfa                Error_Handler
 .text.HAL_MspInit
                0x0000000008000e04       0x50 ./Core/Src/stm32f4xx_hal_msp.o
                0x0000000008000e04                HAL_MspInit
 .text.HAL_ETH_MspInit
                0x0000000008000e54      0x18c ./Core/Src/stm32f4xx_hal_msp.o
                0x0000000008000e54                HAL_ETH_MspInit
 .text.HAL_UART_MspInit
                0x0000000008000fe0       0x90 ./Core/Src/stm32f4xx_hal_msp.o
                0x0000000008000fe0                HAL_UART_MspInit
 .text.HAL_PCD_MspInit
                0x0000000008001070       0xb4 ./Core/Src/stm32f4xx_hal_msp.o
                0x0000000008001070                HAL_PCD_MspInit
 .text.NMI_Handler
                0x0000000008001124        0x6 ./Core/Src/stm32f4xx_it.o
                0x0000000008001124                NMI_Handler
 .text.HardFault_Handler
                0x000000000800112a        0x6 ./Core/Src/stm32f4xx_it.o
                0x000000000800112a                HardFault_Handler
 .text.MemManage_Handler
                0x0000000008001130        0x6 ./Core/Src/stm32f4xx_it.o
                0x0000000008001130                MemManage_Handler
 .text.BusFault_Handler
                0x0000000008001136        0x6 ./Core/Src/stm32f4xx_it.o
                0x0000000008001136                BusFault_Handler
 .text.UsageFault_Handler
                0x000000000800113c        0x6 ./Core/Src/stm32f4xx_it.o
                0x000000000800113c                UsageFault_Handler
 .text.SVC_Handler
                0x0000000008001142       0x30 ./Core/Src/stm32f4xx_it.o
                0x0000000008001142                SVC_Handler
 .text.DebugMon_Handler
                0x0000000008001172        0xe ./Core/Src/stm32f4xx_it.o
                0x0000000008001172                DebugMon_Handler
 .text.PendSV_Handler
                0x0000000008001180        0xe ./Core/Src/stm32f4xx_it.o
                0x0000000008001180                PendSV_Handler
 .text.SysTick_Handler
                0x000000000800118e        0xc ./Core/Src/stm32f4xx_it.o
                0x000000000800118e                SysTick_Handler
 *fill*         0x000000000800119a        0x2 
 .text.SystemInit
                0x000000000800119c       0x24 ./Core/Src/system_stm32f4xx.o
                0x000000000800119c                SystemInit
 .text.Reset_Handler
                0x00000000080011c0       0x54 ./Core/Startup/startup_stm32f429zitx.o
                0x00000000080011c0                Reset_Handler
 .text.Default_Handler
                0x0000000008001214        0x2 ./Core/Startup/startup_stm32f429zitx.o
                0x0000000008001214                RTC_Alarm_IRQHandler
                0x0000000008001214                HASH_RNG_IRQHandler
                0x0000000008001214                EXTI2_IRQHandler
                0x0000000008001214                TIM8_CC_IRQHandler
                0x0000000008001214                UART8_IRQHandler
                0x0000000008001214                SPI4_IRQHandler
                0x0000000008001214                TIM1_CC_IRQHandler
                0x0000000008001214                DMA2_Stream5_IRQHandler
                0x0000000008001214                DMA1_Stream5_IRQHandler
                0x0000000008001214                PVD_IRQHandler
                0x0000000008001214                SDIO_IRQHandler
                0x0000000008001214                TAMP_STAMP_IRQHandler
                0x0000000008001214                CAN2_RX1_IRQHandler
                0x0000000008001214                EXTI3_IRQHandler
                0x0000000008001214                TIM8_TRG_COM_TIM14_IRQHandler
                0x0000000008001214                TIM1_UP_TIM10_IRQHandler
                0x0000000008001214                TIM8_UP_TIM13_IRQHandler
                0x0000000008001214                I2C3_ER_IRQHandler
                0x0000000008001214                EXTI0_IRQHandler
                0x0000000008001214                I2C2_EV_IRQHandler
                0x0000000008001214                DMA1_Stream2_IRQHandler
                0x0000000008001214                CAN1_RX0_IRQHandler
                0x0000000008001214                FPU_IRQHandler
                0x0000000008001214                OTG_HS_WKUP_IRQHandler
                0x0000000008001214                LTDC_ER_IRQHandler
                0x0000000008001214                CAN2_SCE_IRQHandler
                0x0000000008001214                DMA2_Stream2_IRQHandler
                0x0000000008001214                SPI1_IRQHandler
                0x0000000008001214                TIM6_DAC_IRQHandler
                0x0000000008001214                TIM1_BRK_TIM9_IRQHandler
                0x0000000008001214                DCMI_IRQHandler
                0x0000000008001214                CAN2_RX0_IRQHandler
                0x0000000008001214                DMA2_Stream3_IRQHandler
                0x0000000008001214                USART6_IRQHandler
                0x0000000008001214                USART3_IRQHandler
                0x0000000008001214                CAN1_RX1_IRQHandler
                0x0000000008001214                UART5_IRQHandler
                0x0000000008001214                DMA2_Stream0_IRQHandler
                0x0000000008001214                TIM4_IRQHandler
                0x0000000008001214                I2C1_EV_IRQHandler
                0x0000000008001214                DMA1_Stream6_IRQHandler
                0x0000000008001214                DMA1_Stream1_IRQHandler
                0x0000000008001214                UART4_IRQHandler
                0x0000000008001214                TIM3_IRQHandler
                0x0000000008001214                RCC_IRQHandler
                0x0000000008001214                TIM8_BRK_TIM12_IRQHandler
                0x0000000008001214                Default_Handler
                0x0000000008001214                EXTI15_10_IRQHandler
                0x0000000008001214                ADC_IRQHandler
                0x0000000008001214                DMA1_Stream7_IRQHandler
                0x0000000008001214                SPI5_IRQHandler
                0x0000000008001214                TIM7_IRQHandler
                0x0000000008001214                CAN2_TX_IRQHandler
                0x0000000008001214                TIM5_IRQHandler
                0x0000000008001214                DMA2_Stream7_IRQHandler
                0x0000000008001214                I2C3_EV_IRQHandler
                0x0000000008001214                EXTI9_5_IRQHandler
                0x0000000008001214                RTC_WKUP_IRQHandler
                0x0000000008001214                LTDC_IRQHandler
                0x0000000008001214                ETH_WKUP_IRQHandler
                0x0000000008001214                SPI2_IRQHandler
                0x0000000008001214                OTG_HS_EP1_IN_IRQHandler
                0x0000000008001214                DMA1_Stream0_IRQHandler
                0x0000000008001214                CAN1_TX_IRQHandler
                0x0000000008001214                EXTI4_IRQHandler
                0x0000000008001214                ETH_IRQHandler
                0x0000000008001214                OTG_HS_EP1_OUT_IRQHandler
                0x0000000008001214                WWDG_IRQHandler
                0x0000000008001214                SPI6_IRQHandler
                0x0000000008001214                TIM2_IRQHandler
                0x0000000008001214                OTG_FS_WKUP_IRQHandler
                0x0000000008001214                TIM1_TRG_COM_TIM11_IRQHandler
                0x0000000008001214                OTG_HS_IRQHandler
                0x0000000008001214                DMA2D_IRQHandler
                0x0000000008001214                EXTI1_IRQHandler
                0x0000000008001214                UART7_IRQHandler
                0x0000000008001214                USART2_IRQHandler
                0x0000000008001214                I2C2_ER_IRQHandler
                0x0000000008001214                DMA2_Stream1_IRQHandler
                0x0000000008001214                CAN1_SCE_IRQHandler
                0x0000000008001214                FLASH_IRQHandler
                0x0000000008001214                DMA2_Stream4_IRQHandler
                0x0000000008001214                USART1_IRQHandler
                0x0000000008001214                OTG_FS_IRQHandler
                0x0000000008001214                SPI3_IRQHandler
                0x0000000008001214                DMA1_Stream4_IRQHandler
                0x0000000008001214                I2C1_ER_IRQHandler
                0x0000000008001214                FMC_IRQHandler
                0x0000000008001214                DMA2_Stream6_IRQHandler
                0x0000000008001214                SAI1_IRQHandler
                0x0000000008001214                DMA1_Stream3_IRQHandler
 *fill*         0x0000000008001216        0x2 
 .text.HAL_Init
                0x0000000008001218       0x44 ./Drivers/STM32F4xx_HAL_Driver/stm32f4xx_hal.o
                0x0000000008001218                HAL_Init
 .text.HAL_InitTick
                0x000000000800125c       0x60 ./Drivers/STM32F4xx_HAL_Driver/stm32f4xx_hal.o
                0x000000000800125c                HAL_InitTick
 .text.HAL_IncTick
                0x00000000080012bc       0x28 ./Drivers/STM32F4xx_HAL_Driver/stm32f4xx_hal.o
                0x00000000080012bc                HAL_IncTick
 .text.HAL_GetTick
                0x00000000080012e4       0x18 ./Drivers/STM32F4xx_HAL_Driver/stm32f4xx_hal.o
                0x00000000080012e4                HAL_GetTick
 .text.HAL_Delay
                0x00000000080012fc       0x48 ./Drivers/STM32F4xx_HAL_Driver/stm32f4xx_hal.o
                0x00000000080012fc                HAL_Delay
 .text.__NVIC_SetPriorityGrouping
                0x0000000008001344       0x48 ./Drivers/STM32F4xx_HAL_Driver/stm32f4xx_hal_cortex.o
 .text.__NVIC_GetPriorityGrouping
                0x000000000800138c       0x1c ./Drivers/STM32F4xx_HAL_Driver/stm32f4xx_hal_cortex.o
 .text.__NVIC_SetPriority
                0x00000000080013a8       0x54 ./Drivers/STM32F4xx_HAL_Driver/stm32f4xx_hal_cortex.o
 .text.NVIC_EncodePriority
                0x00000000080013fc       0x66 ./Drivers/STM32F4xx_HAL_Driver/stm32f4xx_hal_cortex.o
 *fill*         0x0000000008001462        0x2 
 .text.SysTick_Config
                0x0000000008001464       0x44 ./Drivers/STM32F4xx_HAL_Driver/stm32f4xx_hal_cortex.o
 .text.HAL_NVIC_SetPriorityGrouping
                0x00000000080014a8       0x16 ./Drivers/STM32F4xx_HAL_Driver/stm32f4xx_hal_cortex.o
                0x00000000080014a8                HAL_NVIC_SetPriorityGrouping
 .text.HAL_NVIC_SetPriority
                0x00000000080014be       0x38 ./Drivers/STM32F4xx_HAL_Driver/stm32f4xx_hal_cortex.o
                0x00000000080014be                HAL_NVIC_SetPriority
 .text.HAL_SYSTICK_Config
                0x00000000080014f6       0x18 ./Drivers/STM32F4xx_HAL_Driver/stm32f4xx_hal_cortex.o
                0x00000000080014f6                HAL_SYSTICK_Config
 *fill*         0x000000000800150e        0x2 
 .text.HAL_ETH_Init
                0x0000000008001510       0xfc ./Drivers/STM32F4xx_HAL_Driver/stm32f4xx_hal_eth.o
                0x0000000008001510                HAL_ETH_Init
 .text.ETH_SetMACConfig
                0x000000000800160c      0x160 ./Drivers/STM32F4xx_HAL_Driver/stm32f4xx_hal_eth.o
 .text.ETH_SetDMAConfig
                0x000000000800176c      0x114 ./Drivers/STM32F4xx_HAL_Driver/stm32f4xx_hal_eth.o
 .text.ETH_MACDMAConfig
                0x0000000008001880       0xe4 ./Drivers/STM32F4xx_HAL_Driver/stm32f4xx_hal_eth.o
 .text.ETH_MACAddressConfig
                0x0000000008001964       0x70 ./Drivers/STM32F4xx_HAL_Driver/stm32f4xx_hal_eth.o
 .text.ETH_DMATxDescListInit
                0x00000000080019d4       0xb2 ./Drivers/STM32F4xx_HAL_Driver/stm32f4xx_hal_eth.o
 .text.ETH_DMARxDescListInit
                0x0000000008001a86       0xda ./Drivers/STM32F4xx_HAL_Driver/stm32f4xx_hal_eth.o
 .text.HAL_GPIO_Init
                0x0000000008001b60      0x358 ./Drivers/STM32F4xx_HAL_Driver/stm32f4xx_hal_gpio.o
                0x0000000008001b60                HAL_GPIO_Init
 .text.HAL_GPIO_WritePin
                0x0000000008001eb8       0x32 ./Drivers/STM32F4xx_HAL_Driver/stm32f4xx_hal_gpio.o
                0x0000000008001eb8                HAL_GPIO_WritePin
 .text.HAL_PCD_Init
                0x0000000008001eea      0x23a ./Drivers/STM32F4xx_HAL_Driver/stm32f4xx_hal_pcd.o
                0x0000000008001eea                HAL_PCD_Init
 .text.HAL_RCC_OscConfig
                0x0000000008002124      0x4f0 ./Drivers/STM32F4xx_HAL_Driver/stm32f4xx_hal_rcc.o
                0x0000000008002124                HAL_RCC_OscConfig
 .text.HAL_RCC_ClockConfig
                0x0000000008002614      0x1cc ./Drivers/STM32F4xx_HAL_Driver/stm32f4xx_hal_rcc.o
                0x0000000008002614                HAL_RCC_ClockConfig
 .text.HAL_RCC_GetSysClockFreq
                0x00000000080027e0      0x20c ./Drivers/STM32F4xx_HAL_Driver/stm32f4xx_hal_rcc.o
                0x00000000080027e0                HAL_RCC_GetSysClockFreq
 .text.HAL_RCC_GetHCLKFreq
                0x00000000080029ec       0x18 ./Drivers/STM32F4xx_HAL_Driver/stm32f4xx_hal_rcc.o
                0x00000000080029ec                HAL_RCC_GetHCLKFreq
 .text.HAL_RCC_GetPCLK1Freq
                0x0000000008002a04       0x28 ./Drivers/STM32F4xx_HAL_Driver/stm32f4xx_hal_rcc.o
                0x0000000008002a04                HAL_RCC_GetPCLK1Freq
 .text.HAL_RCC_GetPCLK2Freq
                0x0000000008002a2c       0x28 ./Drivers/STM32F4xx_HAL_Driver/stm32f4xx_hal_rcc.o
                0x0000000008002a2c                HAL_RCC_GetPCLK2Freq
 .text.HAL_UART_Init
                0x0000000008002a54       0x9a ./Drivers/STM32F4xx_HAL_Driver/stm32f4xx_hal_uart.o
                0x0000000008002a54                HAL_UART_Init
 *fill*         0x0000000008002aee        0x2 
 .text.UART_SetConfig
                0x0000000008002af0      0x4e8 ./Drivers/STM32F4xx_HAL_Driver/stm32f4xx_hal_uart.o
 .text.USB_CoreInit
                0x0000000008002fd8       0xc2 ./Drivers/STM32F4xx_HAL_Driver/stm32f4xx_ll_usb.o
                0x0000000008002fd8                USB_CoreInit
 .text.USB_DisableGlobalInt
                0x000000000800309a       0x22 ./Drivers/STM32F4xx_HAL_Driver/stm32f4xx_ll_usb.o
                0x000000000800309a                USB_DisableGlobalInt
 .text.USB_SetCurrentMode
                0x00000000080030bc       0x98 ./Drivers/STM32F4xx_HAL_Driver/stm32f4xx_ll_usb.o
                0x00000000080030bc                USB_SetCurrentMode
 .text.USB_DevInit
                0x0000000008003154      0x2c8 ./Drivers/STM32F4xx_HAL_Driver/stm32f4xx_ll_usb.o
                0x0000000008003154                USB_DevInit
 .text.USB_FlushTxFifo
                0x000000000800341c       0x68 ./Drivers/STM32F4xx_HAL_Driver/stm32f4xx_ll_usb.o
                0x000000000800341c                USB_FlushTxFifo
 .text.USB_FlushRxFifo
                0x0000000008003484       0x60 ./Drivers/STM32F4xx_HAL_Driver/stm32f4xx_ll_usb.o
                0x0000000008003484                USB_FlushRxFifo
 .text.USB_SetDevSpeed
                0x00000000080034e4       0x32 ./Drivers/STM32F4xx_HAL_Driver/stm32f4xx_ll_usb.o
                0x00000000080034e4                USB_SetDevSpeed
 .text.USB_DevDisconnect
                0x0000000008003516       0x42 ./Drivers/STM32F4xx_HAL_Driver/stm32f4xx_ll_usb.o
                0x0000000008003516                USB_DevDisconnect
 .text.USB_GetMode
                0x0000000008003558       0x1c ./Drivers/STM32F4xx_HAL_Driver/stm32f4xx_ll_usb.o
                0x0000000008003558                USB_GetMode
 .text.USB_CoreReset
                0x0000000008003574       0x68 ./Drivers/STM32F4xx_HAL_Driver/stm32f4xx_ll_usb.o
 .text.__libc_init_array
                0x00000000080035dc       0x48 d:/programas/stm32cubeide/stm32cubeide_1.12.0/stm32cubeide/plugins/com.st.stm32cube.ide.mcu.externaltools.gnu-tools-for-stm32.10.3-2021.10.win32_1.0.200.202301161003/tools/bin/../lib/gcc/arm-none-eabi/10.3.1/../../../../arm-none-eabi/lib/thumb/v7e-m+fp/hard\libc_nano.a(lib_a-init.o)
                0x00000000080035dc                __libc_init_array
 .text.memset   0x0000000008003624       0x10 d:/programas/stm32cubeide/stm32cubeide_1.12.0/stm32cubeide/plugins/com.st.stm32cube.ide.mcu.externaltools.gnu-tools-for-stm32.10.3-2021.10.win32_1.0.200.202301161003/tools/bin/../lib/gcc/arm-none-eabi/10.3.1/../../../../arm-none-eabi/lib/thumb/v7e-m+fp/hard\libc_nano.a(lib_a-memset.o)
                0x0000000008003624                memset
 *(.glue_7)
 .glue_7        0x0000000008003634        0x0 linker stubs
 *(.glue_7t)
 .glue_7t       0x0000000008003634        0x0 linker stubs
 *(.eh_frame)
 .eh_frame      0x0000000008003634        0x0 d:/programas/stm32cubeide/stm32cubeide_1.12.0/stm32cubeide/plugins/com.st.stm32cube.ide.mcu.externaltools.gnu-tools-for-stm32.10.3-2021.10.win32_1.0.200.202301161003/tools/bin/../lib/gcc/arm-none-eabi/10.3.1/thumb/v7e-m+fp/hard/crtbegin.o
 *(.init)
 .init          0x0000000008003634        0x4 d:/programas/stm32cubeide/stm32cubeide_1.12.0/stm32cubeide/plugins/com.st.stm32cube.ide.mcu.externaltools.gnu-tools-for-stm32.10.3-2021.10.win32_1.0.200.202301161003/tools/bin/../lib/gcc/arm-none-eabi/10.3.1/thumb/v7e-m+fp/hard/crti.o
                0x0000000008003634                _init
 .init          0x0000000008003638        0x8 d:/programas/stm32cubeide/stm32cubeide_1.12.0/stm32cubeide/plugins/com.st.stm32cube.ide.mcu.externaltools.gnu-tools-for-stm32.10.3-2021.10.win32_1.0.200.202301161003/tools/bin/../lib/gcc/arm-none-eabi/10.3.1/thumb/v7e-m+fp/hard/crtn.o
 *(.fini)
 .fini          0x0000000008003640        0x4 d:/programas/stm32cubeide/stm32cubeide_1.12.0/stm32cubeide/plugins/com.st.stm32cube.ide.mcu.externaltools.gnu-tools-for-stm32.10.3-2021.10.win32_1.0.200.202301161003/tools/bin/../lib/gcc/arm-none-eabi/10.3.1/thumb/v7e-m+fp/hard/crti.o
                0x0000000008003640                _fini
 .fini          0x0000000008003644        0x8 d:/programas/stm32cubeide/stm32cubeide_1.12.0/stm32cubeide/plugins/com.st.stm32cube.ide.mcu.externaltools.gnu-tools-for-stm32.10.3-2021.10.win32_1.0.200.202301161003/tools/bin/../lib/gcc/arm-none-eabi/10.3.1/thumb/v7e-m+fp/hard/crtn.o
                0x000000000800364c                . = ALIGN (0x4)
                0x000000000800364c                _etext = .

.vfp11_veneer   0x000000000800364c        0x0
 .vfp11_veneer  0x000000000800364c        0x0 linker stubs

.v4_bx          0x000000000800364c        0x0
 .v4_bx         0x000000000800364c        0x0 linker stubs

.iplt           0x000000000800364c        0x0
 .iplt          0x000000000800364c        0x0 d:/programas/stm32cubeide/stm32cubeide_1.12.0/stm32cubeide/plugins/com.st.stm32cube.ide.mcu.externaltools.gnu-tools-for-stm32.10.3-2021.10.win32_1.0.200.202301161003/tools/bin/../lib/gcc/arm-none-eabi/10.3.1/thumb/v7e-m+fp/hard/crtbegin.o

.rodata         0x000000000800364c       0x38
                0x000000000800364c                . = ALIGN (0x4)
 *(.rodata)
 .rodata        0x000000000800364c       0x1e ./Core/Src/main.o
 *(.rodata*)
 *fill*         0x000000000800366a        0x2 
 .rodata.AHBPrescTable
                0x000000000800366c       0x10 ./Core/Src/system_stm32f4xx.o
                0x000000000800366c                AHBPrescTable
 .rodata.APBPrescTable
                0x000000000800367c        0x8 ./Core/Src/system_stm32f4xx.o
                0x000000000800367c                APBPrescTable
                0x0000000008003684                . = ALIGN (0x4)

.ARM.extab      0x0000000008003684        0x0
                0x0000000008003684                . = ALIGN (0x4)
 *(.ARM.extab* .gnu.linkonce.armextab.*)
                0x0000000008003684                . = ALIGN (0x4)

.ARM            0x0000000008003684        0x8
                0x0000000008003684                . = ALIGN (0x4)
                0x0000000008003684                __exidx_start = .
 *(.ARM.exidx*)
 .ARM.exidx     0x0000000008003684        0x8 d:/programas/stm32cubeide/stm32cubeide_1.12.0/stm32cubeide/plugins/com.st.stm32cube.ide.mcu.externaltools.gnu-tools-for-stm32.10.3-2021.10.win32_1.0.200.202301161003/tools/bin/../lib/gcc/arm-none-eabi/10.3.1/thumb/v7e-m+fp/hard\libgcc.a(_udivmoddi4.o)
                0x000000000800368c                __exidx_end = .
                0x000000000800368c                . = ALIGN (0x4)

.rel.dyn        0x000000000800368c        0x0
 .rel.iplt      0x000000000800368c        0x0 d:/programas/stm32cubeide/stm32cubeide_1.12.0/stm32cubeide/plugins/com.st.stm32cube.ide.mcu.externaltools.gnu-tools-for-stm32.10.3-2021.10.win32_1.0.200.202301161003/tools/bin/../lib/gcc/arm-none-eabi/10.3.1/thumb/v7e-m+fp/hard/crtbegin.o

.preinit_array  0x000000000800368c        0x0
                0x000000000800368c                . = ALIGN (0x4)
                0x000000000800368c                PROVIDE (__preinit_array_start = .)
 *(.preinit_array*)
                0x000000000800368c                PROVIDE (__preinit_array_end = .)
                0x000000000800368c                . = ALIGN (0x4)

.init_array     0x000000000800368c        0x4
                0x000000000800368c                . = ALIGN (0x4)
                0x000000000800368c                PROVIDE (__init_array_start = .)
 *(SORT_BY_NAME(.init_array.*))
 *(.init_array*)
 .init_array    0x000000000800368c        0x4 d:/programas/stm32cubeide/stm32cubeide_1.12.0/stm32cubeide/plugins/com.st.stm32cube.ide.mcu.externaltools.gnu-tools-for-stm32.10.3-2021.10.win32_1.0.200.202301161003/tools/bin/../lib/gcc/arm-none-eabi/10.3.1/thumb/v7e-m+fp/hard/crtbegin.o
                0x0000000008003690                PROVIDE (__init_array_end = .)
                0x0000000008003690                . = ALIGN (0x4)

.fini_array     0x0000000008003690        0x4
                0x0000000008003690                . = ALIGN (0x4)
                [!provide]                        PROVIDE (__fini_array_start = .)
 *(SORT_BY_NAME(.fini_array.*))
 *(.fini_array*)
 .fini_array    0x0000000008003690        0x4 d:/programas/stm32cubeide/stm32cubeide_1.12.0/stm32cubeide/plugins/com.st.stm32cube.ide.mcu.externaltools.gnu-tools-for-stm32.10.3-2021.10.win32_1.0.200.202301161003/tools/bin/../lib/gcc/arm-none-eabi/10.3.1/thumb/v7e-m+fp/hard/crtbegin.o
                [!provide]                        PROVIDE (__fini_array_end = .)
                0x0000000008003694                . = ALIGN (0x4)
                0x0000000008003694                _sidata = LOADADDR (.data)

.data           0x0000000020000000        0xc load address 0x0000000008003694
                0x0000000020000000                . = ALIGN (0x4)
                0x0000000020000000                _sdata = .
 *(.data)
 *(.data*)
 .data.SystemCoreClock
                0x0000000020000000        0x4 ./Core/Src/system_stm32f4xx.o
                0x0000000020000000                SystemCoreClock
 .data.uwTickPrio
                0x0000000020000004        0x4 ./Drivers/STM32F4xx_HAL_Driver/stm32f4xx_hal.o
                0x0000000020000004                uwTickPrio
 .data.uwTickFreq
                0x0000000020000008        0x1 ./Drivers/STM32F4xx_HAL_Driver/stm32f4xx_hal.o
                0x0000000020000008                uwTickFreq
 *(.RamFunc)
 *(.RamFunc*)
                0x000000002000000c                . = ALIGN (0x4)
 *fill*         0x0000000020000009        0x3 
                0x000000002000000c                _edata = .
                0x00000000080036a0                _siccmram = LOADADDR (.ccmram)

.igot.plt       0x000000002000000c        0x0 load address 0x00000000080036a0
 .igot.plt      0x000000002000000c        0x0 d:/programas/stm32cubeide/stm32cubeide_1.12.0/stm32cubeide/plugins/com.st.stm32cube.ide.mcu.externaltools.gnu-tools-for-stm32.10.3-2021.10.win32_1.0.200.202301161003/tools/bin/../lib/gcc/arm-none-eabi/10.3.1/thumb/v7e-m+fp/hard/crtbegin.o

.ccmram         0x0000000010000000        0x0 load address 0x00000000080036a0
                0x0000000010000000                . = ALIGN (0x4)
                0x0000000010000000                _sccmram = .
 *(.ccmram)
 *(.ccmram*)
                0x0000000010000000                . = ALIGN (0x4)
                0x0000000010000000                _eccmram = .
                0x0000000010000000                . = ALIGN (0x4)

.bss            0x000000002000000c      0x7a0
                0x000000002000000c                _sbss = .
                0x000000002000000c                __bss_start__ = _sbss
 *(.bss)
 .bss           0x000000002000000c       0x1c d:/programas/stm32cubeide/stm32cubeide_1.12.0/stm32cubeide/plugins/com.st.stm32cube.ide.mcu.externaltools.gnu-tools-for-stm32.10.3-2021.10.win32_1.0.200.202301161003/tools/bin/../lib/gcc/arm-none-eabi/10.3.1/thumb/v7e-m+fp/hard/crtbegin.o
 *(.bss*)
 .bss.TxConfig  0x0000000020000028       0x38 ./Core/Src/main.o
                0x0000000020000028                TxConfig
 .bss.DMARxDscrTab
                0x0000000020000060       0xa0 ./Core/Src/main.o
                0x0000000020000060                DMARxDscrTab
 .bss.DMATxDscrTab
                0x0000000020000100       0xa0 ./Core/Src/main.o
                0x0000000020000100                DMATxDscrTab
 .bss.heth      0x00000000200001a0       0xb0 ./Core/Src/main.o
                0x00000000200001a0                heth
 .bss.huart3    0x0000000020000250       0x44 ./Core/Src/main.o
                0x0000000020000250                huart3
 .bss.hpcd_USB_OTG_FS
                0x0000000020000294      0x50c ./Core/Src/main.o
                0x0000000020000294                hpcd_USB_OTG_FS
 .bss.MACAddr.0
                0x00000000200007a0        0x6 ./Core/Src/main.o
 *fill*         0x00000000200007a6        0x2 
 .bss.uwTick    0x00000000200007a8        0x4 ./Drivers/STM32F4xx_HAL_Driver/stm32f4xx_hal.o
                0x00000000200007a8                uwTick
 *(COMMON)
                0x00000000200007ac                . = ALIGN (0x4)
                0x00000000200007ac                _ebss = .
                0x00000000200007ac                __bss_end__ = _ebss

._user_heap_stack
                0x00000000200007ac      0x604
                0x00000000200007b0                . = ALIGN (0x8)
 *fill*         0x00000000200007ac        0x4 
                [!provide]                        PROVIDE (end = .)
                0x00000000200007b0                PROVIDE (_end = .)
                0x00000000200009b0                . = (. + _Min_Heap_Size)
 *fill*         0x00000000200007b0      0x200 
                0x0000000020000db0                . = (. + _Min_Stack_Size)
 *fill*         0x00000000200009b0      0x400 
                0x0000000020000db0                . = ALIGN (0x8)

/DISCARD/
 libc.a(*)
 libm.a(*)
 libgcc.a(*)

.ARM.attributes
                0x0000000000000000       0x30
 *(.ARM.attributes)
 .ARM.attributes
                0x0000000000000000       0x1e d:/programas/stm32cubeide/stm32cubeide_1.12.0/stm32cubeide/plugins/com.st.stm32cube.ide.mcu.externaltools.gnu-tools-for-stm32.10.3-2021.10.win32_1.0.200.202301161003/tools/bin/../lib/gcc/arm-none-eabi/10.3.1/thumb/v7e-m+fp/hard/crti.o
 .ARM.attributes
                0x000000000000001e       0x34 d:/programas/stm32cubeide/stm32cubeide_1.12.0/stm32cubeide/plugins/com.st.stm32cube.ide.mcu.externaltools.gnu-tools-for-stm32.10.3-2021.10.win32_1.0.200.202301161003/tools/bin/../lib/gcc/arm-none-eabi/10.3.1/thumb/v7e-m+fp/hard/crtbegin.o
 .ARM.attributes
                0x0000000000000052       0x20 ./Core/Src/asm_func.o
 .ARM.attributes
                0x0000000000000072       0x34 ./Core/Src/main.o
 .ARM.attributes
                0x00000000000000a6       0x34 ./Core/Src/stm32f4xx_hal_msp.o
 .ARM.attributes
                0x00000000000000da       0x34 ./Core/Src/stm32f4xx_it.o
 .ARM.attributes
                0x000000000000010e       0x34 ./Core/Src/system_stm32f4xx.o
 .ARM.attributes
                0x0000000000000142       0x21 ./Core/Startup/startup_stm32f429zitx.o
 .ARM.attributes
                0x0000000000000163       0x34 ./Drivers/STM32F4xx_HAL_Driver/stm32f4xx_hal.o
 .ARM.attributes
                0x0000000000000197       0x34 ./Drivers/STM32F4xx_HAL_Driver/stm32f4xx_hal_cortex.o
 .ARM.attributes
                0x00000000000001cb       0x34 ./Drivers/STM32F4xx_HAL_Driver/stm32f4xx_hal_eth.o
 .ARM.attributes
                0x00000000000001ff       0x34 ./Drivers/STM32F4xx_HAL_Driver/stm32f4xx_hal_gpio.o
 .ARM.attributes
                0x0000000000000233       0x34 ./Drivers/STM32F4xx_HAL_Driver/stm32f4xx_hal_pcd.o
 .ARM.attributes
                0x0000000000000267       0x34 ./Drivers/STM32F4xx_HAL_Driver/stm32f4xx_hal_rcc.o
 .ARM.attributes
                0x000000000000029b       0x34 ./Drivers/STM32F4xx_HAL_Driver/stm32f4xx_hal_uart.o
 .ARM.attributes
                0x00000000000002cf       0x34 ./Drivers/STM32F4xx_HAL_Driver/stm32f4xx_ll_usb.o
 .ARM.attributes
                0x0000000000000303       0x34 d:/programas/stm32cubeide/stm32cubeide_1.12.0/stm32cubeide/plugins/com.st.stm32cube.ide.mcu.externaltools.gnu-tools-for-stm32.10.3-2021.10.win32_1.0.200.202301161003/tools/bin/../lib/gcc/arm-none-eabi/10.3.1/../../../../arm-none-eabi/lib/thumb/v7e-m+fp/hard\libc_nano.a(lib_a-init.o)
 .ARM.attributes
                0x0000000000000337       0x34 d:/programas/stm32cubeide/stm32cubeide_1.12.0/stm32cubeide/plugins/com.st.stm32cube.ide.mcu.externaltools.gnu-tools-for-stm32.10.3-2021.10.win32_1.0.200.202301161003/tools/bin/../lib/gcc/arm-none-eabi/10.3.1/../../../../arm-none-eabi/lib/thumb/v7e-m+fp/hard\libc_nano.a(lib_a-memset.o)
 .ARM.attributes
                0x000000000000036b       0x1e d:/programas/stm32cubeide/stm32cubeide_1.12.0/stm32cubeide/plugins/com.st.stm32cube.ide.mcu.externaltools.gnu-tools-for-stm32.10.3-2021.10.win32_1.0.200.202301161003/tools/bin/../lib/gcc/arm-none-eabi/10.3.1/thumb/v7e-m+fp/hard\libgcc.a(_aeabi_uldivmod.o)
 .ARM.attributes
                0x0000000000000389       0x34 d:/programas/stm32cubeide/stm32cubeide_1.12.0/stm32cubeide/plugins/com.st.stm32cube.ide.mcu.externaltools.gnu-tools-for-stm32.10.3-2021.10.win32_1.0.200.202301161003/tools/bin/../lib/gcc/arm-none-eabi/10.3.1/thumb/v7e-m+fp/hard\libgcc.a(_udivmoddi4.o)
 .ARM.attributes
                0x00000000000003bd       0x1e d:/programas/stm32cubeide/stm32cubeide_1.12.0/stm32cubeide/plugins/com.st.stm32cube.ide.mcu.externaltools.gnu-tools-for-stm32.10.3-2021.10.win32_1.0.200.202301161003/tools/bin/../lib/gcc/arm-none-eabi/10.3.1/thumb/v7e-m+fp/hard\libgcc.a(_dvmd_tls.o)
 .ARM.attributes
                0x00000000000003db       0x1e d:/programas/stm32cubeide/stm32cubeide_1.12.0/stm32cubeide/plugins/com.st.stm32cube.ide.mcu.externaltools.gnu-tools-for-stm32.10.3-2021.10.win32_1.0.200.202301161003/tools/bin/../lib/gcc/arm-none-eabi/10.3.1/thumb/v7e-m+fp/hard/crtn.o
OUTPUT(adm_c16.elf elf32-littlearm)
LOAD linker stubs
LOAD d:/programas/stm32cubeide/stm32cubeide_1.12.0/stm32cubeide/plugins/com.st.stm32cube.ide.mcu.externaltools.gnu-tools-for-stm32.10.3-2021.10.win32_1.0.200.202301161003/tools/bin/../lib/gcc/arm-none-eabi/10.3.1/../../../../arm-none-eabi/lib/thumb/v7e-m+fp/hard\libc.a
LOAD d:/programas/stm32cubeide/stm32cubeide_1.12.0/stm32cubeide/plugins/com.st.stm32cube.ide.mcu.externaltools.gnu-tools-for-stm32.10.3-2021.10.win32_1.0.200.202301161003/tools/bin/../lib/gcc/arm-none-eabi/10.3.1/../../../../arm-none-eabi/lib/thumb/v7e-m+fp/hard\libm.a
LOAD d:/programas/stm32cubeide/stm32cubeide_1.12.0/stm32cubeide/plugins/com.st.stm32cube.ide.mcu.externaltools.gnu-tools-for-stm32.10.3-2021.10.win32_1.0.200.202301161003/tools/bin/../lib/gcc/arm-none-eabi/10.3.1/thumb/v7e-m+fp/hard\libgcc.a

.debug_line     0x0000000000000000     0xdf62
 .debug_line    0x0000000000000000      0x13c ./Core/Src/asm_func.o
 .debug_line    0x000000000000013c     0x12f0 ./Core/Src/main.o
 .debug_line    0x000000000000142c      0x984 ./Core/Src/stm32f4xx_hal_msp.o
 .debug_line    0x0000000000001db0      0x937 ./Core/Src/stm32f4xx_it.o
 .debug_line    0x00000000000026e7      0x8d6 ./Core/Src/system_stm32f4xx.o
 .debug_line    0x0000000000002fbd       0x8a ./Core/Startup/startup_stm32f429zitx.o
 .debug_line    0x0000000000003047      0xbab ./Drivers/STM32F4xx_HAL_Driver/stm32f4xx_hal.o
 .debug_line    0x0000000000003bf2      0xe24 ./Drivers/STM32F4xx_HAL_Driver/stm32f4xx_hal_cortex.o
 .debug_line    0x0000000000004a16     0x1ae6 ./Drivers/STM32F4xx_HAL_Driver/stm32f4xx_hal_eth.o
 .debug_line    0x00000000000064fc      0xd11 ./Drivers/STM32F4xx_HAL_Driver/stm32f4xx_hal_gpio.o
 .debug_line    0x000000000000720d     0x1618 ./Drivers/STM32F4xx_HAL_Driver/stm32f4xx_hal_pcd.o
 .debug_line    0x0000000000008825      0xef1 ./Drivers/STM32F4xx_HAL_Driver/stm32f4xx_hal_rcc.o
 .debug_line    0x0000000000009716     0x2c1a ./Drivers/STM32F4xx_HAL_Driver/stm32f4xx_hal_uart.o
 .debug_line    0x000000000000c330     0x1c32 ./Drivers/STM32F4xx_HAL_Driver/stm32f4xx_ll_usb.o

.debug_info     0x0000000000000000     0xf6a2
 .debug_info    0x0000000000000000       0x26 ./Core/Src/asm_func.o
 .debug_info    0x0000000000000026     0x28b6 ./Core/Src/main.o
 .debug_info    0x00000000000028dc     0x1840 ./Core/Src/stm32f4xx_hal_msp.o
 .debug_info    0x000000000000411c      0x1b5 ./Core/Src/stm32f4xx_it.o
 .debug_info    0x00000000000042d1      0x53f ./Core/Src/system_stm32f4xx.o
 .debug_info    0x0000000000004810       0x22 ./Core/Startup/startup_stm32f429zitx.o
 .debug_info    0x0000000000004832      0x9f4 ./Drivers/STM32F4xx_HAL_Driver/stm32f4xx_hal.o
 .debug_info    0x0000000000005226      0xe51 ./Drivers/STM32F4xx_HAL_Driver/stm32f4xx_hal_cortex.o
 .debug_info    0x0000000000006077     0x223b ./Drivers/STM32F4xx_HAL_Driver/stm32f4xx_hal_eth.o
 .debug_info    0x00000000000082b2      0x786 ./Drivers/STM32F4xx_HAL_Driver/stm32f4xx_hal_gpio.o
 .debug_info    0x0000000000008a38     0x1695 ./Drivers/STM32F4xx_HAL_Driver/stm32f4xx_hal_pcd.o
 .debug_info    0x000000000000a0cd      0x982 ./Drivers/STM32F4xx_HAL_Driver/stm32f4xx_hal_rcc.o
 .debug_info    0x000000000000aa4f     0x31bc ./Drivers/STM32F4xx_HAL_Driver/stm32f4xx_hal_uart.o
 .debug_info    0x000000000000dc0b     0x1a97 ./Drivers/STM32F4xx_HAL_Driver/stm32f4xx_ll_usb.o

.debug_abbrev   0x0000000000000000     0x1d6f
 .debug_abbrev  0x0000000000000000       0x14 ./Core/Src/asm_func.o
 .debug_abbrev  0x0000000000000014      0x422 ./Core/Src/main.o
 .debug_abbrev  0x0000000000000436      0x23e ./Core/Src/stm32f4xx_hal_msp.o
 .debug_abbrev  0x0000000000000674      0x12a ./Core/Src/stm32f4xx_it.o
 .debug_abbrev  0x000000000000079e      0x116 ./Core/Src/system_stm32f4xx.o
 .debug_abbrev  0x00000000000008b4       0x12 ./Core/Startup/startup_stm32f429zitx.o
 .debug_abbrev  0x00000000000008c6      0x20d ./Drivers/STM32F4xx_HAL_Driver/stm32f4xx_hal.o
 .debug_abbrev  0x0000000000000ad3      0x316 ./Drivers/STM32F4xx_HAL_Driver/stm32f4xx_hal_cortex.o
 .debug_abbrev  0x0000000000000de9      0x2d3 ./Drivers/STM32F4xx_HAL_Driver/stm32f4xx_hal_eth.o
 .debug_abbrev  0x00000000000010bc      0x1c4 ./Drivers/STM32F4xx_HAL_Driver/stm32f4xx_hal_gpio.o
 .debug_abbrev  0x0000000000001280      0x2bb ./Drivers/STM32F4xx_HAL_Driver/stm32f4xx_hal_pcd.o
 .debug_abbrev  0x000000000000153b      0x2aa ./Drivers/STM32F4xx_HAL_Driver/stm32f4xx_hal_rcc.o
 .debug_abbrev  0x00000000000017e5      0x2f4 ./Drivers/STM32F4xx_HAL_Driver/stm32f4xx_hal_uart.o
 .debug_abbrev  0x0000000000001ad9      0x296 ./Drivers/STM32F4xx_HAL_Driver/stm32f4xx_ll_usb.o

.debug_aranges  0x0000000000000000      0xbb0
 .debug_aranges
                0x0000000000000000       0x20 ./Core/Src/asm_func.o
 .debug_aranges
                0x0000000000000020       0xd0 ./Core/Src/main.o
 .debug_aranges
                0x00000000000000f0       0x50 ./Core/Src/stm32f4xx_hal_msp.o
 .debug_aranges
                0x0000000000000140       0x60 ./Core/Src/stm32f4xx_it.o
 .debug_aranges
                0x00000000000001a0       0x28 ./Core/Src/system_stm32f4xx.o
 .debug_aranges
                0x00000000000001c8       0x28 ./Core/Startup/startup_stm32f429zitx.o
 .debug_aranges
                0x00000000000001f0      0x100 ./Drivers/STM32F4xx_HAL_Driver/stm32f4xx_hal.o
 .debug_aranges
                0x00000000000002f0      0x118 ./Drivers/STM32F4xx_HAL_Driver/stm32f4xx_hal_cortex.o
 .debug_aranges
                0x0000000000000408      0x1e0 ./Drivers/STM32F4xx_HAL_Driver/stm32f4xx_hal_eth.o
 .debug_aranges
                0x00000000000005e8       0x58 ./Drivers/STM32F4xx_HAL_Driver/stm32f4xx_hal_gpio.o
 .debug_aranges
                0x0000000000000640      0x148 ./Drivers/STM32F4xx_HAL_Driver/stm32f4xx_hal_pcd.o
 .debug_aranges
                0x0000000000000788       0x88 ./Drivers/STM32F4xx_HAL_Driver/stm32f4xx_hal_rcc.o
 .debug_aranges
                0x0000000000000810      0x200 ./Drivers/STM32F4xx_HAL_Driver/stm32f4xx_hal_uart.o
 .debug_aranges
                0x0000000000000a10      0x1a0 ./Drivers/STM32F4xx_HAL_Driver/stm32f4xx_ll_usb.o

.debug_str      0x0000000000000000    0xd98ce
 .debug_str     0x0000000000000000       0x4d ./Core/Src/asm_func.o
 .debug_str     0x000000000000004d    0xd5df7 ./Core/Src/main.o
                                      0xd61c2 (size before relaxing)
 .debug_str     0x00000000000d5e44       0xaf ./Core/Src/stm32f4xx_hal_msp.o
                                      0xd2c78 (size before relaxing)
 .debug_str     0x00000000000d5ef3       0xc9 ./Core/Src/stm32f4xx_it.o
                                      0xd1e69 (size before relaxing)
 .debug_str     0x00000000000d5fbc       0xdb ./Core/Src/system_stm32f4xx.o
                                      0xd1aa6 (size before relaxing)
 .debug_str     0x00000000000d6097       0x28 ./Core/Startup/startup_stm32f429zitx.o
                                         0x5e (size before relaxing)
 .debug_str     0x00000000000d60bf      0xbe4 ./Drivers/STM32F4xx_HAL_Driver/stm32f4xx_hal.o
                                      0xd2702 (size before relaxing)
 .debug_str     0x00000000000d6ca3      0x377 ./Drivers/STM32F4xx_HAL_Driver/stm32f4xx_hal_cortex.o
                                      0xd23e7 (size before relaxing)
 .debug_str     0x00000000000d701a     0x1223 ./Drivers/STM32F4xx_HAL_Driver/stm32f4xx_hal_eth.o
                                      0xd336c (size before relaxing)
 .debug_str     0x00000000000d823d      0x11a ./Drivers/STM32F4xx_HAL_Driver/stm32f4xx_hal_gpio.o
                                      0xd1c5a (size before relaxing)
 .debug_str     0x00000000000d8357      0x836 ./Drivers/STM32F4xx_HAL_Driver/stm32f4xx_hal_pcd.o
                                      0xd258e (size before relaxing)
 .debug_str     0x00000000000d8b8d      0x258 ./Drivers/STM32F4xx_HAL_Driver/stm32f4xx_hal_rcc.o
                                      0xd1f13 (size before relaxing)
 .debug_str     0x00000000000d8de5      0x671 ./Drivers/STM32F4xx_HAL_Driver/stm32f4xx_hal_uart.o
                                      0xd249f (size before relaxing)
 .debug_str     0x00000000000d9456      0x478 ./Drivers/STM32F4xx_HAL_Driver/stm32f4xx_ll_usb.o
                                      0xd23f6 (size before relaxing)

.debug_ranges   0x0000000000000000      0xaf8
 .debug_ranges  0x0000000000000000       0xc0 ./Core/Src/main.o
 .debug_ranges  0x00000000000000c0       0x40 ./Core/Src/stm32f4xx_hal_msp.o
 .debug_ranges  0x0000000000000100       0x50 ./Core/Src/stm32f4xx_it.o
 .debug_ranges  0x0000000000000150       0x18 ./Core/Src/system_stm32f4xx.o
 .debug_ranges  0x0000000000000168       0x20 ./Core/Startup/startup_stm32f429zitx.o
 .debug_ranges  0x0000000000000188       0xf0 ./Drivers/STM32F4xx_HAL_Driver/stm32f4xx_hal.o
 .debug_ranges  0x0000000000000278      0x108 ./Drivers/STM32F4xx_HAL_Driver/stm32f4xx_hal_cortex.o
 .debug_ranges  0x0000000000000380      0x1d0 ./Drivers/STM32F4xx_HAL_Driver/stm32f4xx_hal_eth.o
 .debug_ranges  0x0000000000000550       0x48 ./Drivers/STM32F4xx_HAL_Driver/stm32f4xx_hal_gpio.o
 .debug_ranges  0x0000000000000598      0x138 ./Drivers/STM32F4xx_HAL_Driver/stm32f4xx_hal_pcd.o
 .debug_ranges  0x00000000000006d0       0x78 ./Drivers/STM32F4xx_HAL_Driver/stm32f4xx_hal_rcc.o
 .debug_ranges  0x0000000000000748      0x220 ./Drivers/STM32F4xx_HAL_Driver/stm32f4xx_hal_uart.o
 .debug_ranges  0x0000000000000968      0x190 ./Drivers/STM32F4xx_HAL_Driver/stm32f4xx_ll_usb.o

.debug_macro    0x0000000000000000    0x23bcd
 .debug_macro   0x0000000000000000      0x312 ./Core/Src/main.o
 .debug_macro   0x0000000000000312      0xa78 ./Core/Src/main.o
 .debug_macro   0x0000000000000d8a      0x2a1 ./Core/Src/main.o
 .debug_macro   0x000000000000102b       0x2e ./Core/Src/main.o
 .debug_macro   0x0000000000001059       0x28 ./Core/Src/main.o
 .debug_macro   0x0000000000001081       0x22 ./Core/Src/main.o
 .debug_macro   0x00000000000010a3       0x8e ./Core/Src/main.o
 .debug_macro   0x0000000000001131       0x51 ./Core/Src/main.o
 .debug_macro   0x0000000000001182      0x103 ./Core/Src/main.o
 .debug_macro   0x0000000000001285       0x6a ./Core/Src/main.o
 .debug_macro   0x00000000000012ef      0x1df ./Core/Src/main.o
 .debug_macro   0x00000000000014ce       0x1c ./Core/Src/main.o
 .debug_macro   0x00000000000014ea       0x22 ./Core/Src/main.o
 .debug_macro   0x000000000000150c       0xd9 ./Core/Src/main.o
 .debug_macro   0x00000000000015e5     0x102d ./Core/Src/main.o
 .debug_macro   0x0000000000002612      0x11f ./Core/Src/main.o
 .debug_macro   0x0000000000002731    0x17fc0 ./Core/Src/main.o
 .debug_macro   0x000000000001a6f1       0x6d ./Core/Src/main.o
 .debug_macro   0x000000000001a75e     0x36f5 ./Core/Src/main.o
 .debug_macro   0x000000000001de53      0x174 ./Core/Src/main.o
 .debug_macro   0x000000000001dfc7       0x5c ./Core/Src/main.o
 .debug_macro   0x000000000001e023      0xca5 ./Core/Src/main.o
 .debug_macro   0x000000000001ecc8      0x9fe ./Core/Src/main.o
 .debug_macro   0x000000000001f6c6      0x115 ./Core/Src/main.o
 .debug_macro   0x000000000001f7db      0x156 ./Core/Src/main.o
 .debug_macro   0x000000000001f931       0xa5 ./Core/Src/main.o
 .debug_macro   0x000000000001f9d6      0x182 ./Core/Src/main.o
 .debug_macro   0x000000000001fb58      0x287 ./Core/Src/main.o
 .debug_macro   0x000000000001fddf       0x5f ./Core/Src/main.o
 .debug_macro   0x000000000001fe3e      0x236 ./Core/Src/main.o
 .debug_macro   0x0000000000020074      0xd44 ./Core/Src/main.o
 .debug_macro   0x0000000000020db8      0x132 ./Core/Src/main.o
 .debug_macro   0x0000000000020eea      0x41d ./Core/Src/main.o
 .debug_macro   0x0000000000021307       0x2e ./Core/Src/main.o
 .debug_macro   0x0000000000021335      0x11a ./Core/Src/main.o
 .debug_macro   0x000000000002144f       0xe2 ./Core/Src/main.o
 .debug_macro   0x0000000000021531       0x89 ./Core/Src/main.o
 .debug_macro   0x00000000000215ba      0x295 ./Core/Src/main.o
 .debug_macro   0x000000000002184f      0x248 ./Core/Src/main.o
 .debug_macro   0x0000000000021a97       0xba ./Core/Src/main.o
 .debug_macro   0x0000000000021b51      0x134 ./Core/Src/main.o
 .debug_macro   0x0000000000021c85      0x130 ./Core/Src/main.o
 .debug_macro   0x0000000000021db5       0x52 ./Core/Src/main.o
 .debug_macro   0x0000000000021e07       0x1e ./Core/Src/main.o
 .debug_macro   0x0000000000021e25       0x3c ./Core/Src/main.o
 .debug_macro   0x0000000000021e61       0x34 ./Core/Src/main.o
 .debug_macro   0x0000000000021e95       0x16 ./Core/Src/main.o
 .debug_macro   0x0000000000021eab       0x43 ./Core/Src/main.o
 .debug_macro   0x0000000000021eee       0x34 ./Core/Src/main.o
 .debug_macro   0x0000000000021f22       0x10 ./Core/Src/main.o
 .debug_macro   0x0000000000021f32       0x58 ./Core/Src/main.o
 .debug_macro   0x0000000000021f8a       0x71 ./Core/Src/main.o
 .debug_macro   0x0000000000021ffb       0x1c ./Core/Src/main.o
 .debug_macro   0x0000000000022017      0x12a ./Core/Src/main.o
 .debug_macro   0x0000000000022141      0x341 ./Core/Src/main.o
 .debug_macro   0x0000000000022482       0x10 ./Core/Src/main.o
 .debug_macro   0x0000000000022492       0x35 ./Core/Src/main.o
 .debug_macro   0x00000000000224c7       0x20 ./Core/Src/main.o
 .debug_macro   0x00000000000224e7       0x16 ./Core/Src/main.o
 .debug_macro   0x00000000000224fd       0x16 ./Core/Src/main.o
 .debug_macro   0x0000000000022513       0x29 ./Core/Src/main.o
 .debug_macro   0x000000000002253c      0x1f7 ./Core/Src/stm32f4xx_hal_msp.o
 .debug_macro   0x0000000000022733      0x201 ./Core/Src/stm32f4xx_it.o
 .debug_macro   0x0000000000022934      0x1e8 ./Core/Src/system_stm32f4xx.o
 .debug_macro   0x0000000000022b1c      0x248 ./Drivers/STM32F4xx_HAL_Driver/stm32f4xx_hal.o
 .debug_macro   0x0000000000022d64      0x1e8 ./Drivers/STM32F4xx_HAL_Driver/stm32f4xx_hal_cortex.o
 .debug_macro   0x0000000000022f4c      0x2c2 ./Drivers/STM32F4xx_HAL_Driver/stm32f4xx_hal_eth.o
 .debug_macro   0x000000000002320e      0x1ee ./Drivers/STM32F4xx_HAL_Driver/stm32f4xx_hal_gpio.o
 .debug_macro   0x00000000000233fc      0x1f4 ./Drivers/STM32F4xx_HAL_Driver/stm32f4xx_hal_pcd.o
 .debug_macro   0x00000000000235f0      0x20c ./Drivers/STM32F4xx_HAL_Driver/stm32f4xx_hal_rcc.o
 .debug_macro   0x00000000000237fc      0x1e9 ./Drivers/STM32F4xx_HAL_Driver/stm32f4xx_hal_uart.o
 .debug_macro   0x00000000000239e5      0x1e8 ./Drivers/STM32F4xx_HAL_Driver/stm32f4xx_ll_usb.o

.comment        0x0000000000000000       0x50
 .comment       0x0000000000000000       0x50 ./Core/Src/main.o
                                         0x51 (size before relaxing)
 .comment       0x0000000000000050       0x51 ./Core/Src/stm32f4xx_hal_msp.o
 .comment       0x0000000000000050       0x51 ./Core/Src/stm32f4xx_it.o
 .comment       0x0000000000000050       0x51 ./Core/Src/system_stm32f4xx.o
 .comment       0x0000000000000050       0x51 ./Drivers/STM32F4xx_HAL_Driver/stm32f4xx_hal.o
 .comment       0x0000000000000050       0x51 ./Drivers/STM32F4xx_HAL_Driver/stm32f4xx_hal_cortex.o
 .comment       0x0000000000000050       0x51 ./Drivers/STM32F4xx_HAL_Driver/stm32f4xx_hal_eth.o
 .comment       0x0000000000000050       0x51 ./Drivers/STM32F4xx_HAL_Driver/stm32f4xx_hal_gpio.o
 .comment       0x0000000000000050       0x51 ./Drivers/STM32F4xx_HAL_Driver/stm32f4xx_hal_pcd.o
 .comment       0x0000000000000050       0x51 ./Drivers/STM32F4xx_HAL_Driver/stm32f4xx_hal_rcc.o
 .comment       0x0000000000000050       0x51 ./Drivers/STM32F4xx_HAL_Driver/stm32f4xx_hal_uart.o
 .comment       0x0000000000000050       0x51 ./Drivers/STM32F4xx_HAL_Driver/stm32f4xx_ll_usb.o

.debug_frame    0x0000000000000000     0x3154
 .debug_frame   0x0000000000000000      0x368 ./Core/Src/main.o
 .debug_frame   0x0000000000000368      0x110 ./Core/Src/stm32f4xx_hal_msp.o
 .debug_frame   0x0000000000000478      0x10c ./Core/Src/stm32f4xx_it.o
 .debug_frame   0x0000000000000584       0x58 ./Core/Src/system_stm32f4xx.o
 .debug_frame   0x00000000000005dc      0x3b4 ./Drivers/STM32F4xx_HAL_Driver/stm32f4xx_hal.o
 .debug_frame   0x0000000000000990      0x498 ./Drivers/STM32F4xx_HAL_Driver/stm32f4xx_hal_cortex.o
 .debug_frame   0x0000000000000e28      0x898 ./Drivers/STM32F4xx_HAL_Driver/stm32f4xx_hal_eth.o
 .debug_frame   0x00000000000016c0      0x14c ./Drivers/STM32F4xx_HAL_Driver/stm32f4xx_hal_gpio.o
 .debug_frame   0x000000000000180c      0x5bc ./Drivers/STM32F4xx_HAL_Driver/stm32f4xx_hal_pcd.o
 .debug_frame   0x0000000000001dc8      0x1f4 ./Drivers/STM32F4xx_HAL_Driver/stm32f4xx_hal_rcc.o
 .debug_frame   0x0000000000001fbc      0x92c ./Drivers/STM32F4xx_HAL_Driver/stm32f4xx_hal_uart.o
 .debug_frame   0x00000000000028e8      0x7c0 ./Drivers/STM32F4xx_HAL_Driver/stm32f4xx_ll_usb.o
 .debug_frame   0x00000000000030a8       0x2c d:/programas/stm32cubeide/stm32cubeide_1.12.0/stm32cubeide/plugins/com.st.stm32cube.ide.mcu.externaltools.gnu-tools-for-stm32.10.3-2021.10.win32_1.0.200.202301161003/tools/bin/../lib/gcc/arm-none-eabi/10.3.1/../../../../arm-none-eabi/lib/thumb/v7e-m+fp/hard\libc_nano.a(lib_a-init.o)
 .debug_frame   0x00000000000030d4       0x20 d:/programas/stm32cubeide/stm32cubeide_1.12.0/stm32cubeide/plugins/com.st.stm32cube.ide.mcu.externaltools.gnu-tools-for-stm32.10.3-2021.10.win32_1.0.200.202301161003/tools/bin/../lib/gcc/arm-none-eabi/10.3.1/../../../../arm-none-eabi/lib/thumb/v7e-m+fp/hard\libc_nano.a(lib_a-memset.o)
 .debug_frame   0x00000000000030f4       0x2c d:/programas/stm32cubeide/stm32cubeide_1.12.0/stm32cubeide/plugins/com.st.stm32cube.ide.mcu.externaltools.gnu-tools-for-stm32.10.3-2021.10.win32_1.0.200.202301161003/tools/bin/../lib/gcc/arm-none-eabi/10.3.1/thumb/v7e-m+fp/hard\libgcc.a(_aeabi_uldivmod.o)
 .debug_frame   0x0000000000003120       0x34 d:/programas/stm32cubeide/stm32cubeide_1.12.0/stm32cubeide/plugins/com.st.stm32cube.ide.mcu.externaltools.gnu-tools-for-stm32.10.3-2021.10.win32_1.0.200.202301161003/tools/bin/../lib/gcc/arm-none-eabi/10.3.1/thumb/v7e-m+fp/hard\libgcc.a(_udivmoddi4.o)
