Archive member included to satisfy reference by file (symbol)

d:/programas/stm32cubeide/stm32cubeide_1.12.0/stm32cubeide/plugins/com.st.stm32cube.ide.mcu.externaltools.gnu-tools-for-stm32.10.3-2021.10.win32_1.0.200.202301161003/tools/bin/../lib/gcc/arm-none-eabi/10.3.1/../../../../arm-none-eabi/lib/thumb/v7e-m+fp/hard\libc_nano.a(lib_a-errno.o)
                              ./Core/Src/syscalls.o (__errno)
d:/programas/stm32cubeide/stm32cubeide_1.12.0/stm32cubeide/plugins/com.st.stm32cube.ide.mcu.externaltools.gnu-tools-for-stm32.10.3-2021.10.win32_1.0.200.202301161003/tools/bin/../lib/gcc/arm-none-eabi/10.3.1/../../../../arm-none-eabi/lib/thumb/v7e-m+fp/hard\libc_nano.a(lib_a-exit.o)
                              d:/programas/stm32cubeide/stm32cubeide_1.12.0/stm32cubeide/plugins/com.st.stm32cube.ide.mcu.externaltools.gnu-tools-for-stm32.10.3-2021.10.win32_1.0.200.202301161003/tools/bin/../lib/gcc/arm-none-eabi/10.3.1/../../../../arm-none-eabi/lib/thumb/v7e-m+fp/hard/crt0.o (exit)
d:/programas/stm32cubeide/stm32cubeide_1.12.0/stm32cubeide/plugins/com.st.stm32cube.ide.mcu.externaltools.gnu-tools-for-stm32.10.3-2021.10.win32_1.0.200.202301161003/tools/bin/../lib/gcc/arm-none-eabi/10.3.1/../../../../arm-none-eabi/lib/thumb/v7e-m+fp/hard\libc_nano.a(lib_a-impure.o)
                              d:/programas/stm32cubeide/stm32cubeide_1.12.0/stm32cubeide/plugins/com.st.stm32cube.ide.mcu.externaltools.gnu-tools-for-stm32.10.3-2021.10.win32_1.0.200.202301161003/tools/bin/../lib/gcc/arm-none-eabi/10.3.1/../../../../arm-none-eabi/lib/thumb/v7e-m+fp/hard\libc_nano.a(lib_a-exit.o) (_global_impure_ptr)
d:/programas/stm32cubeide/stm32cubeide_1.12.0/stm32cubeide/plugins/com.st.stm32cube.ide.mcu.externaltools.gnu-tools-for-stm32.10.3-2021.10.win32_1.0.200.202301161003/tools/bin/../lib/gcc/arm-none-eabi/10.3.1/../../../../arm-none-eabi/lib/thumb/v7e-m+fp/hard\libc_nano.a(lib_a-init.o)
                              d:/programas/stm32cubeide/stm32cubeide_1.12.0/stm32cubeide/plugins/com.st.stm32cube.ide.mcu.externaltools.gnu-tools-for-stm32.10.3-2021.10.win32_1.0.200.202301161003/tools/bin/../lib/gcc/arm-none-eabi/10.3.1/../../../../arm-none-eabi/lib/thumb/v7e-m+fp/hard/crt0.o (__libc_init_array)
d:/programas/stm32cubeide/stm32cubeide_1.12.0/stm32cubeide/plugins/com.st.stm32cube.ide.mcu.externaltools.gnu-tools-for-stm32.10.3-2021.10.win32_1.0.200.202301161003/tools/bin/../lib/gcc/arm-none-eabi/10.3.1/../../../../arm-none-eabi/lib/thumb/v7e-m+fp/hard\libc_nano.a(lib_a-memset.o)
                              d:/programas/stm32cubeide/stm32cubeide_1.12.0/stm32cubeide/plugins/com.st.stm32cube.ide.mcu.externaltools.gnu-tools-for-stm32.10.3-2021.10.win32_1.0.200.202301161003/tools/bin/../lib/gcc/arm-none-eabi/10.3.1/../../../../arm-none-eabi/lib/thumb/v7e-m+fp/hard/crt0.o (memset)
d:/programas/stm32cubeide/stm32cubeide_1.12.0/stm32cubeide/plugins/com.st.stm32cube.ide.mcu.externaltools.gnu-tools-for-stm32.10.3-2021.10.win32_1.0.200.202301161003/tools/bin/../lib/gcc/arm-none-eabi/10.3.1/../../../../arm-none-eabi/lib/thumb/v7e-m+fp/hard\libc_nano.a(lib_a-rand.o)
                              ./Core/Src/main.o (rand)
d:/programas/stm32cubeide/stm32cubeide_1.12.0/stm32cubeide/plugins/com.st.stm32cube.ide.mcu.externaltools.gnu-tools-for-stm32.10.3-2021.10.win32_1.0.200.202301161003/tools/bin/../lib/gcc/arm-none-eabi/10.3.1/../../../../arm-none-eabi/lib/thumb/v7e-m+fp/hard\libc_nano.a(lib_a-assert.o)
                              d:/programas/stm32cubeide/stm32cubeide_1.12.0/stm32cubeide/plugins/com.st.stm32cube.ide.mcu.externaltools.gnu-tools-for-stm32.10.3-2021.10.win32_1.0.200.202301161003/tools/bin/../lib/gcc/arm-none-eabi/10.3.1/../../../../arm-none-eabi/lib/thumb/v7e-m+fp/hard\libc_nano.a(lib_a-rand.o) (__assert_func)
d:/programas/stm32cubeide/stm32cubeide_1.12.0/stm32cubeide/plugins/com.st.stm32cube.ide.mcu.externaltools.gnu-tools-for-stm32.10.3-2021.10.win32_1.0.200.202301161003/tools/bin/../lib/gcc/arm-none-eabi/10.3.1/../../../../arm-none-eabi/lib/thumb/v7e-m+fp/hard\libc_nano.a(lib_a-fprintf.o)
                              d:/programas/stm32cubeide/stm32cubeide_1.12.0/stm32cubeide/plugins/com.st.stm32cube.ide.mcu.externaltools.gnu-tools-for-stm32.10.3-2021.10.win32_1.0.200.202301161003/tools/bin/../lib/gcc/arm-none-eabi/10.3.1/../../../../arm-none-eabi/lib/thumb/v7e-m+fp/hard\libc_nano.a(lib_a-assert.o) (fiprintf)
d:/programas/stm32cubeide/stm32cubeide_1.12.0/stm32cubeide/plugins/com.st.stm32cube.ide.mcu.externaltools.gnu-tools-for-stm32.10.3-2021.10.win32_1.0.200.202301161003/tools/bin/../lib/gcc/arm-none-eabi/10.3.1/../../../../arm-none-eabi/lib/thumb/v7e-m+fp/hard\libc_nano.a(lib_a-malloc.o)
                              d:/programas/stm32cubeide/stm32cubeide_1.12.0/stm32cubeide/plugins/com.st.stm32cube.ide.mcu.externaltools.gnu-tools-for-stm32.10.3-2021.10.win32_1.0.200.202301161003/tools/bin/../lib/gcc/arm-none-eabi/10.3.1/../../../../arm-none-eabi/lib/thumb/v7e-m+fp/hard\libc_nano.a(lib_a-rand.o) (malloc)
[...]
Memory Configuration

Name             Origin             Length             Attributes
CCMRAM           0x0000000010000000 0x0000000000010000 xrw
RAM              0x0000000020000000 0x0000000000030000 xrw
FLASH            0x0000000008000000 0x0000000000200000 xr
*default*        0x0000000000000000 0xffffffffffffffff

Linker script and memory map

LOAD d:/programas/stm32cubeide/stm32cubeide_1.12.0/stm32cubeide/plugins/com.st.stm32cube.ide.mcu.externaltools.gnu-tools-for-stm32.10.3-2021.10.win32_1.0.200.202301161003/tools/bin/../lib/gcc/arm-none-eabi/10.3.1/thumb/v7e-m+fp/hard/crti.o
LOAD d:/programas/stm32cubeide/stm32cubeide_1.12.0/stm32cubeide/plugins/com.st.stm32cube.ide.mcu.externaltools.gnu-tools-for-stm32.10.3-2021.10.win32_1.0.200.202301161003/tools/bin/../lib/gcc/arm-none-eabi/10.3.1/thumb/v7e-m+fp/hard/crtbegin.o
LOAD d:/programas/stm32cubeide/stm32cubeide_1.12.0/stm32cubeide/plugins/com.st.stm32cube.ide.mcu.externaltools.gnu-tools-for-stm32.10.3-2021.10.win32_1.0.200.202301161003/tools/bin/../lib/gcc/arm-none-eabi/10.3.1/../../../../arm-none-eabi/lib/thumb/v7e-m+fp/hard/crt0.o
LOAD ./Core/Src/asm_func.o
LOAD ./Core/Src/main.o
LOAD ./Core/Src/stm32f4xx_hal_msp.o
LOAD ./Core/Src/stm32f4xx_it.o
LOAD ./Core/Src/syscalls.o
LOAD ./Core/Src/sysmem.o
LOAD ./Core/Src/system_stm32f4xx.o
LOAD ./Core/Startup/startup_stm32f429zitx.o
LOAD ./Drivers/STM32F4xx_HAL_Driver/stm32f4xx_hal.o
LOAD ./Drivers/STM32F4xx_HAL_Driver/stm32f4xx_hal_cortex.o
LOAD ./Drivers/STM32F4xx_HAL_Driver/stm32f4xx_hal_dma.o
LOAD ./Drivers/STM32F4xx_HAL_Driver/stm32f4xx_hal_dma_ex.o
LOAD ./Drivers/STM32F4xx_HAL_Driver/stm32f4xx_hal_eth.o
LOAD ./Drivers/STM32F4xx_HAL_Driver/stm32f4xx_hal_exti.o
LOAD ./Drivers/STM32F4xx_HAL_Driver/stm32f4xx_hal_flash.o
LOAD ./Drivers/STM32F4xx_HAL_Driver/stm32f4xx_hal_flash_ex.o
LOAD ./Drivers/STM32F4xx_HAL_Driver/stm32f4xx_hal_flash_ramfunc.o
LOAD ./Drivers/STM32F4xx_HAL_Driver/stm32f4xx_hal_gpio.o
LOAD ./Drivers/STM32F4xx_HAL_Driver/stm32f4xx_hal_pcd.o
LOAD ./Drivers/STM32F4xx_HAL_Driver/stm32f4xx_hal_pcd_ex.o
LOAD ./Drivers/STM32F4xx_HAL_Driver/stm32f4xx_hal_pwr.o
LOAD ./Drivers/STM32F4xx_HAL_Driver/stm32f4xx_hal_pwr_ex.o
LOAD ./Drivers/STM32F4xx_HAL_Driver/stm32f4xx_hal_rcc.o
LOAD ./Drivers/STM32F4xx_HAL_Driver/stm32f4xx_hal_rcc_ex.o
LOAD ./Drivers/STM32F4xx_HAL_Driver/stm32f4xx_hal_tim.o
LOAD ./Drivers/STM32F4xx_HAL_Driver/stm32f4xx_hal_tim_ex.o
LOAD ./Drivers/STM32F4xx_HAL_Driver/stm32f4xx_hal_uart.o
LOAD ./Drivers/STM32F4xx_HAL_Driver/stm32f4xx_ll_usb.o
START GROUP
LOAD d:/programas/stm32cubeide/stm32cubeide_1.12.0/stm32cubeide/plugins/com.st.stm32cube.ide.mcu.externaltools.gnu-tools-for-stm32.10.3-2021.10.win32_1.0.200.202301161003/tools/bin/../lib/gcc/arm-none-eabi/10.3.1/../../../../arm-none-eabi/lib/thumb/v7e-m+fp/hard\libc_nano.a
LOAD d:/programas/stm32cubeide/stm32cubeide_1.12.0/stm32cubeide/plugins/com.st.stm32cube.ide.mcu.externaltools.gnu-tools-for-stm32.10.3-2021.10.win32_1.0.200.202301161003/tools/bin/../lib/gcc/arm-none-eabi/10.3.1/../../../../arm-none-eabi/lib/thumb/v7e-m+fp/hard\libm.a
END GROUP
START GROUP
LOAD d:/programas/stm32cubeide/stm32cubeide_1.12.0/stm32cubeide/plugins/com.st.stm32cube.ide.mcu.externaltools.gnu-tools-for-stm32.10.3-2021.10.win32_1.0.200.202301161003/tools/bin/../lib/gcc/arm-none-eabi/10.3.1/thumb/v7e-m+fp/hard\libgcc.a
LOAD d:/programas/stm32cubeide/stm32cubeide_1.12.0/stm32cubeide/plugins/com.st.stm32cube.ide.mcu.externaltools.gnu-tools-for-stm32.10.3-2021.10.win32_1.0.200.202301161003/tools/bin/../lib/gcc/arm-none-eabi/10.3.1/../../../../arm-none-eabi/lib/thumb/v7e-m+fp/hard\libc_nano.a
END GROUP
START GROUP
LOAD d:/programas/stm32cubeide/stm32cubeide_1.12.0/stm32cubeide/plugins/com.st.stm32cube.ide.mcu.externaltools.gnu-tools-for-stm32.10.3-2021.10.win32_1.0.200.202301161003/tools/bin/../lib/gcc/arm-none-eabi/10.3.1/thumb/v7e-m+fp/hard\libgcc.a
LOAD d:/programas/stm32cubeide/stm32cubeide_1.12.0/stm32cubeide/plugins/com.st.stm32cube.ide.mcu.externaltools.gnu-tools-for-stm32.10.3-2021.10.win32_1.0.200.202301161003/tools/bin/../lib/gcc/arm-none-eabi/10.3.1/../../../../arm-none-eabi/lib/thumb/v7e-m+fp/hard\libc_nano.a
LOAD d:/programas/stm32cubeide/stm32cubeide_1.12.0/stm32cubeide/plugins/com.st.stm32cube.ide.mcu.externaltools.gnu-tools-for-stm32.10.3-2021.10.win32_1.0.200.202301161003/tools/bin/../lib/gcc/arm-none-eabi/10.3.1/../../../../arm-none-eabi/lib/thumb/v7e-m+fp/hard\libnosys.a
END GROUP
START GROUP
LOAD d:/programas/stm32cubeide/stm32cubeide_1.12.0/stm32cubeide/plugins/com.st.stm32cube.ide.mcu.externaltools.gnu-tools-for-stm32.10.3-2021.10.win32_1.0.200.202301161003/tools/bin/../lib/gcc/arm-none-eabi/10.3.1/thumb/v7e-m+fp/hard\libgcc.a
LOAD d:/programas/stm32cubeide/stm32cubeide_1.12.0/stm32cubeide/plugins/com.st.stm32cube.ide.mcu.externaltools.gnu-tools-for-stm32.10.3-2021.10.win32_1.0.200.202301161003/tools/bin/../lib/gcc/arm-none-eabi/10.3.1/../../../../arm-none-eabi/lib/thumb/v7e-m+fp/hard\libc_nano.a
LOAD d:/programas/stm32cubeide/stm32cubeide_1.12.0/stm32cubeide/plugins/com.st.stm32cube.ide.mcu.externaltools.gnu-tools-for-stm32.10.3-2021.10.win32_1.0.200.202301161003/tools/bin/../lib/gcc/arm-none-eabi/10.3.1/../../../../arm-none-eabi/lib/thumb/v7e-m+fp/hard\libnosys.a
END GROUP
LOAD d:/programas/stm32cubeide/stm32cubeide_1.12.0/stm32cubeide/plugins/com.st.stm32cube.ide.mcu.externaltools.gnu-tools-for-stm32.10.3-2021.10.win32_1.0.200.202301161003/tools/bin/../lib/gcc/arm-none-eabi/10.3.1/thumb/v7e-m+fp/hard/crtend.o
LOAD d:/programas/stm32cubeide/stm32cubeide_1.12.0/stm32cubeide/plugins/com.st.stm32cube.ide.mcu.externaltools.gnu-tools-for-stm32.10.3-2021.10.win32_1.0.200.202301161003/tools/bin/../lib/gcc/arm-none-eabi/10.3.1/thumb/v7e-m+fp/hard/crtn.o
                0x0000000020030000                _estack = (ORIGIN (RAM) + LENGTH (RAM))
                0x0000000000000200                _Min_Heap_Size = 0x200
                0x0000000000000400                _Min_Stack_Size = 0x400

.isr_vector     0x0000000008000000      0x1ac
                0x0000000008000000                . = ALIGN (0x4)
 *(.isr_vector)
 .isr_vector    0x0000000008000000      0x1ac ./Core/Startup/startup_stm32f429zitx.o
                0x0000000008000000                g_pfnVectors
                0x00000000080001ac                . = ALIGN (0x4)

.text           0x00000000080001b0     0x465c
                0x00000000080001b0                . = ALIGN (0x4)
 *(.text)
 .text          0x00000000080001b0       0x40 d:/programas/stm32cubeide/stm32cubeide_1.12.0/stm32cubeide/plugins/com.st.stm32cube.ide.mcu.externaltools.gnu-tools-for-stm32.10.3-2021.10.win32_1.0.200.202301161003/tools/bin/../lib/gcc/arm-none-eabi/10.3.1/thumb/v7e-m+fp/hard/crtbegin.o
 .text          0x00000000080001f0      0x1f2 ./Core/Src/asm_func.o
                0x00000000080001f0                asm_svc
                0x00000000080001f4                asm_sum
                0x00000000080001f8                asm_zeros
                0x000000000800020a                asm_zeros16
                0x000000000800021c                asm_productoEscalar32
                0x0000000008000236                asm_productoEscalar16
                0x000000000800024c                asm_productoEscalar12
                0x0000000008000266                asm_filtroVentana10
                0x00000000080002ae                asm_pack32to16
                0x00000000080002c4                asm_max
                0x00000000080002e8                asm_downSampleM
                0x0000000008000318                asm_invertir
                0x0000000008000340                asm_generaEco
                0x0000000008000390                asm_generaEcoSIMD
 *fill*         0x00000000080003e2        0xe 
 .text          0x00000000080003f0       0xa0 d:/programas/stm32cubeide/stm32cubeide_1.12.0/stm32cubeide/plugins/com.st.stm32cube.ide.mcu.externaltools.gnu-tools-for-stm32.10.3-2021.10.win32_1.0.200.202301161003/tools/bin/../lib/gcc/arm-none-eabi/10.3.1/../../../../arm-none-eabi/lib/thumb/v7e-m+fp/hard\libc_nano.a(lib_a-memchr.o)
                0x00000000080003f0                memchr
 .text          0x0000000008000490       0x30 d:/programas/stm32cubeide/stm32cubeide_1.12.0/stm32cubeide/plugins/com.st.stm32cube.ide.mcu.externaltools.gnu-tools-for-stm32.10.3-2021.10.win32_1.0.200.202301161003/tools/bin/../lib/gcc/arm-none-eabi/10.3.1/thumb/v7e-m+fp/hard\libgcc.a(_aeabi_uldivmod.o)
                0x0000000008000490                __aeabi_uldivmod
 .text          0x00000000080004c0      0x2d0 d:/programas/stm32cubeide/stm32cubeide_1.12.0/stm32cubeide/plugins/com.st.stm32cube.ide.mcu.externaltools.gnu-tools-for-stm32.10.3-2021.10.win32_1.0.200.202301161003/tools/bin/../lib/gcc/arm-none-eabi/10.3.1/thumb/v7e-m+fp/hard\libgcc.a(_udivmoddi4.o)
                0x00000000080004c0                __udivmoddi4
 .text          0x0000000008000790        0x4 d:/programas/stm32cubeide/stm32cubeide_1.12.0/stm32cubeide/plugins/com.st.stm32cube.ide.mcu.externaltools.gnu-tools-for-stm32.10.3-2021.10.win32_1.0.200.202301161003/tools/bin/../lib/gcc/arm-none-eabi/10.3.1/thumb/v7e-m+fp/hard\libgcc.a(_dvmd_tls.o)
                0x0000000008000790                __aeabi_idiv0
                0x0000000008000790                __aeabi_ldiv0
 *(.text*)
 .text.PrivilegiosSVC
                0x0000000008000794       0x62 ./Core/Src/main.o
 *fill*         0x00000000080007f6        0x2 
 .text.main     0x00000000080007f8      0x130 ./Core/Src/main.o
                0x00000000080007f8                main
 .text.SystemClock_Config
                0x0000000008000928       0xd4 ./Core/Src/main.o
                0x0000000008000928                SystemClock_Config
 .text.MX_ETH_Init
                0x00000000080009fc       0x9c ./Core/Src/main.o
 .text.MX_USART3_UART_Init
                0x0000000008000a98       0x54 ./Core/Src/main.o
 .text.MX_USB_OTG_FS_PCD_Init
                0x0000000008000aec       0x5c ./Core/Src/main.o
 .text.MX_GPIO_Init
                0x0000000008000b48      0x15c ./Core/Src/main.o
 .text.generaVector
                0x0000000008000ca4       0x3e ./Core/Src/main.o
                0x0000000008000ca4                generaVector
 *fill*         0x0000000008000ce2        0x2 
 .text.generaEco
                0x0000000008000ce4       0xd0 ./Core/Src/main.o
                0x0000000008000ce4                generaEco
 .text.Error_Handler
                0x0000000008000db4        0xa ./Core/Src/main.o
                0x0000000008000db4                Error_Handler
 *fill*         0x0000000008000dbe        0x2 
 .text.HAL_MspInit
                0x0000000008000dc0       0x50 ./Core/Src/stm32f4xx_hal_msp.o
                0x0000000008000dc0                HAL_MspInit
 .text.HAL_ETH_MspInit
                0x0000000008000e10      0x18c ./Core/Src/stm32f4xx_hal_msp.o
                0x0000000008000e10                HAL_ETH_MspInit
 .text.HAL_UART_MspInit
                0x0000000008000f9c       0x90 ./Core/Src/stm32f4xx_hal_msp.o
                0x0000000008000f9c                HAL_UART_MspInit
 .text.HAL_PCD_MspInit
                0x000000000800102c       0xb4 ./Core/Src/stm32f4xx_hal_msp.o
                0x000000000800102c                HAL_PCD_MspInit
 .text.NMI_Handler
                0x00000000080010e0        0x6 ./Core/Src/stm32f4xx_it.o
                0x00000000080010e0                NMI_Handler
 .text.HardFault_Handler
                0x00000000080010e6        0x6 ./Core/Src/stm32f4xx_it.o
                0x00000000080010e6                HardFault_Handler
 .text.MemManage_Handler
                0x00000000080010ec        0x6 ./Core/Src/stm32f4xx_it.o
                0x00000000080010ec                MemManage_Handler
 .text.BusFault_Handler
                0x00000000080010f2        0x6 ./Core/Src/stm32f4xx_it.o
                0x00000000080010f2                BusFault_Handler
 .text.UsageFault_Handler
                0x00000000080010f8        0x6 ./Core/Src/stm32f4xx_it.o
                0x00000000080010f8                UsageFault_Handler
 .text.SVC_Handler
                0x00000000080010fe       0x30 ./Core/Src/stm32f4xx_it.o
                0x00000000080010fe                SVC_Handler
 .text.DebugMon_Handler
                0x000000000800112e        0xe ./Core/Src/stm32f4xx_it.o
                0x000000000800112e                DebugMon_Handler
 .text.PendSV_Handler
                0x000000000800113c        0xe ./Core/Src/stm32f4xx_it.o
                0x000000000800113c                PendSV_Handler
 .text.SysTick_Handler
                0x000000000800114a        0xc ./Core/Src/stm32f4xx_it.o
                0x000000000800114a                SysTick_Handler
 .text._getpid  0x0000000008001156       0x10 ./Core/Src/syscalls.o
                0x0000000008001156                _getpid
 .text._kill    0x0000000008001166       0x20 ./Core/Src/syscalls.o
                0x0000000008001166                _kill
 .text._exit    0x0000000008001186       0x14 ./Core/Src/syscalls.o
                0x0000000008001186                _exit
 .text._read    0x000000000800119a       0x3a ./Core/Src/syscalls.o
                0x000000000800119a                _read
 .text._write   0x00000000080011d4       0x38 ./Core/Src/syscalls.o
                0x00000000080011d4                _write
 .text._close   0x000000000800120c       0x18 ./Core/Src/syscalls.o
                0x000000000800120c                _close
 .text._fstat   0x0000000008001224       0x20 ./Core/Src/syscalls.o
                0x0000000008001224                _fstat
 .text._isatty  0x0000000008001244       0x16 ./Core/Src/syscalls.o
                0x0000000008001244                _isatty
 .text._lseek   0x000000000800125a       0x1a ./Core/Src/syscalls.o
                0x000000000800125a                _lseek
 .text._sbrk    0x0000000008001274       0x6c ./Core/Src/sysmem.o
                0x0000000008001274                _sbrk
 .text.SystemInit
                0x00000000080012e0       0x24 ./Core/Src/system_stm32f4xx.o
                0x00000000080012e0                SystemInit
 .text.Reset_Handler
                0x0000000008001304       0x54 ./Core/Startup/startup_stm32f429zitx.o
                0x0000000008001304                Reset_Handler
 .text.Default_Handler
                0x0000000008001358        0x2 ./Core/Startup/startup_stm32f429zitx.o
                0x0000000008001358                RTC_Alarm_IRQHandler
                0x0000000008001358                HASH_RNG_IRQHandler
                0x0000000008001358                EXTI2_IRQHandler
                0x0000000008001358                TIM8_CC_IRQHandler
                0x0000000008001358                UART8_IRQHandler
                0x0000000008001358                SPI4_IRQHandler
                0x0000000008001358                TIM1_CC_IRQHandler
                0x0000000008001358                DMA2_Stream5_IRQHandler
                0x0000000008001358                DMA1_Stream5_IRQHandler
                0x0000000008001358                PVD_IRQHandler
                0x0000000008001358                SDIO_IRQHandler
                0x0000000008001358                TAMP_STAMP_IRQHandler
                0x0000000008001358                CAN2_RX1_IRQHandler
                0x0000000008001358                EXTI3_IRQHandler
                0x0000000008001358                TIM8_TRG_COM_TIM14_IRQHandler
                0x0000000008001358                TIM1_UP_TIM10_IRQHandler
                0x0000000008001358                TIM8_UP_TIM13_IRQHandler
                0x0000000008001358                I2C3_ER_IRQHandler
                0x0000000008001358                EXTI0_IRQHandler
                0x0000000008001358                I2C2_EV_IRQHandler
                0x0000000008001358                DMA1_Stream2_IRQHandler
                0x0000000008001358                CAN1_RX0_IRQHandler
                0x0000000008001358                FPU_IRQHandler
                0x0000000008001358                OTG_HS_WKUP_IRQHandler
                0x0000000008001358                LTDC_ER_IRQHandler
                0x0000000008001358                CAN2_SCE_IRQHandler
                0x0000000008001358                DMA2_Stream2_IRQHandler
                0x0000000008001358                SPI1_IRQHandler
                0x0000000008001358                TIM6_DAC_IRQHandler
                0x0000000008001358                TIM1_BRK_TIM9_IRQHandler
                0x0000000008001358                DCMI_IRQHandler
                0x0000000008001358                CAN2_RX0_IRQHandler
                0x0000000008001358                DMA2_Stream3_IRQHandler
                0x0000000008001358                USART6_IRQHandler
                0x0000000008001358                USART3_IRQHandler
                0x0000000008001358                CAN1_RX1_IRQHandler
                0x0000000008001358                UART5_IRQHandler
                0x0000000008001358                DMA2_Stream0_IRQHandler
                0x0000000008001358                TIM4_IRQHandler
                0x0000000008001358                I2C1_EV_IRQHandler
                0x0000000008001358                DMA1_Stream6_IRQHandler
                0x0000000008001358                DMA1_Stream1_IRQHandler
                0x0000000008001358                UART4_IRQHandler
                0x0000000008001358                TIM3_IRQHandler
                0x0000000008001358                RCC_IRQHandler
                0x0000000008001358                TIM8_BRK_TIM12_IRQHandler
                0x0000000008001358                Default_Handler
                0x0000000008001358                EXTI15_10_IRQHandler
                0x0000000008001358                ADC_IRQHandler
                0x0000000008001358                DMA1_Stream7_IRQHandler
                0x0000000008001358                SPI5_IRQHandler
                0x0000000008001358                TIM7_IRQHandler
                0x0000000008001358                CAN2_TX_IRQHandler
                0x0000000008001358                TIM5_IRQHandler
                0x0000000008001358                DMA2_Stream7_IRQHandler
                0x0000000008001358                I2C3_EV_IRQHandler
                0x0000000008001358                EXTI9_5_IRQHandler
                0x0000000008001358                RTC_WKUP_IRQHandler
                0x0000000008001358                LTDC_IRQHandler
                0x0000000008001358                ETH_WKUP_IRQHandler
                0x0000000008001358                SPI2_IRQHandler
                0x0000000008001358                OTG_HS_EP1_IN_IRQHandler
                0x0000000008001358                DMA1_Stream0_IRQHandler
                0x0000000008001358                CAN1_TX_IRQHandler
                0x0000000008001358                EXTI4_IRQHandler
                0x0000000008001358                ETH_IRQHandler
                0x0000000008001358                OTG_HS_EP1_OUT_IRQHandler
                0x0000000008001358                WWDG_IRQHandler
                0x0000000008001358                SPI6_IRQHandler
                0x0000000008001358                TIM2_IRQHandler
                0x0000000008001358                OTG_FS_WKUP_IRQHandler
                0x0000000008001358                TIM1_TRG_COM_TIM11_IRQHandler
                0x0000000008001358                OTG_HS_IRQHandler
                0x0000000008001358                DMA2D_IRQHandler
                0x0000000008001358                EXTI1_IRQHandler
                0x0000000008001358                UART7_IRQHandler
                0x0000000008001358                USART2_IRQHandler
                0x0000000008001358                I2C2_ER_IRQHandler
                0x0000000008001358                DMA2_Stream1_IRQHandler
                0x0000000008001358                CAN1_SCE_IRQHandler
                0x0000000008001358                FLASH_IRQHandler
                0x0000000008001358                DMA2_Stream4_IRQHandler
                0x0000000008001358                USART1_IRQHandler
                0x0000000008001358                OTG_FS_IRQHandler
                0x0000000008001358                SPI3_IRQHandler
                0x0000000008001358                DMA1_Stream4_IRQHandler
                0x0000000008001358                I2C1_ER_IRQHandler
                0x0000000008001358                FMC_IRQHandler
                0x0000000008001358                DMA2_Stream6_IRQHandler
                0x0000000008001358                SAI1_IRQHandler
                0x0000000008001358                DMA1_Stream3_IRQHandler
 *fill*         0x000000000800135a        0x2 
 .text.HAL_Init
                0x000000000800135c       0x44 ./Drivers/STM32F4xx_HAL_Driver/stm32f4xx_hal.o
                0x000000000800135c                HAL_Init
 .text.HAL_InitTick
                0x00000000080013a0       0x60 ./Drivers/STM32F4xx_HAL_Driver/stm32f4xx_hal.o
                0x00000000080013a0                HAL_InitTick
 .text.HAL_IncTick
                0x0000000008001400       0x28 ./Drivers/STM32F4xx_HAL_Driver/stm32f4xx_hal.o
                0x0000000008001400                HAL_IncTick
 .text.HAL_GetTick
                0x0000000008001428       0x18 ./Drivers/STM32F4xx_HAL_Driver/stm32f4xx_hal.o
                0x0000000008001428                HAL_GetTick
 .text.HAL_Delay
                0x0000000008001440       0x48 ./Drivers/STM32F4xx_HAL_Driver/stm32f4xx_hal.o
                0x0000000008001440                HAL_Delay
 .text.__NVIC_SetPriorityGrouping
                0x0000000008001488       0x48 ./Drivers/STM32F4xx_HAL_Driver/stm32f4xx_hal_cortex.o
 .text.__NVIC_GetPriorityGrouping
                0x00000000080014d0       0x1c ./Drivers/STM32F4xx_HAL_Driver/stm32f4xx_hal_cortex.o
 .text.__NVIC_SetPriority
                0x00000000080014ec       0x54 ./Drivers/STM32F4xx_HAL_Driver/stm32f4xx_hal_cortex.o
 .text.NVIC_EncodePriority
                0x0000000008001540       0x66 ./Drivers/STM32F4xx_HAL_Driver/stm32f4xx_hal_cortex.o
 *fill*         0x00000000080015a6        0x2 
 .text.SysTick_Config
                0x00000000080015a8       0x44 ./Drivers/STM32F4xx_HAL_Driver/stm32f4xx_hal_cortex.o
 .text.HAL_NVIC_SetPriorityGrouping
                0x00000000080015ec       0x16 ./Drivers/STM32F4xx_HAL_Driver/stm32f4xx_hal_cortex.o
                0x00000000080015ec                HAL_NVIC_SetPriorityGrouping
 .text.HAL_NVIC_SetPriority
                0x0000000008001602       0x38 ./Drivers/STM32F4xx_HAL_Driver/stm32f4xx_hal_cortex.o
                0x0000000008001602                HAL_NVIC_SetPriority
 .text.HAL_SYSTICK_Config
                0x000000000800163a       0x18 ./Drivers/STM32F4xx_HAL_Driver/stm32f4xx_hal_cortex.o
                0x000000000800163a                HAL_SYSTICK_Config
 *fill*         0x0000000008001652        0x2 
 .text.HAL_ETH_Init
                0x0000000008001654       0xfc ./Drivers/STM32F4xx_HAL_Driver/stm32f4xx_hal_eth.o
                0x0000000008001654                HAL_ETH_Init
 .text.ETH_SetMACConfig
                0x0000000008001750      0x160 ./Drivers/STM32F4xx_HAL_Driver/stm32f4xx_hal_eth.o
 .text.ETH_SetDMAConfig
                0x00000000080018b0      0x114 ./Drivers/STM32F4xx_HAL_Driver/stm32f4xx_hal_eth.o
 .text.ETH_MACDMAConfig
                0x00000000080019c4       0xe4 ./Drivers/STM32F4xx_HAL_Driver/stm32f4xx_hal_eth.o
 .text.ETH_MACAddressConfig
                0x0000000008001aa8       0x70 ./Drivers/STM32F4xx_HAL_Driver/stm32f4xx_hal_eth.o
 .text.ETH_DMATxDescListInit
                0x0000000008001b18       0xb2 ./Drivers/STM32F4xx_HAL_Driver/stm32f4xx_hal_eth.o
 .text.ETH_DMARxDescListInit
                0x0000000008001bca       0xda ./Drivers/STM32F4xx_HAL_Driver/stm32f4xx_hal_eth.o
 .text.HAL_GPIO_Init
                0x0000000008001ca4      0x358 ./Drivers/STM32F4xx_HAL_Driver/stm32f4xx_hal_gpio.o
                0x0000000008001ca4                HAL_GPIO_Init
 .text.HAL_GPIO_WritePin
                0x0000000008001ffc       0x32 ./Drivers/STM32F4xx_HAL_Driver/stm32f4xx_hal_gpio.o
                0x0000000008001ffc                HAL_GPIO_WritePin
 .text.HAL_PCD_Init
                0x000000000800202e      0x23a ./Drivers/STM32F4xx_HAL_Driver/stm32f4xx_hal_pcd.o
                0x000000000800202e                HAL_PCD_Init
 .text.HAL_RCC_OscConfig
                0x0000000008002268      0x4f0 ./Drivers/STM32F4xx_HAL_Driver/stm32f4xx_hal_rcc.o
                0x0000000008002268                HAL_RCC_OscConfig
 .text.HAL_RCC_ClockConfig
                0x0000000008002758      0x1cc ./Drivers/STM32F4xx_HAL_Driver/stm32f4xx_hal_rcc.o
                0x0000000008002758                HAL_RCC_ClockConfig
 .text.HAL_RCC_GetSysClockFreq
                0x0000000008002924      0x20c ./Drivers/STM32F4xx_HAL_Driver/stm32f4xx_hal_rcc.o
                0x0000000008002924                HAL_RCC_GetSysClockFreq
 .text.HAL_RCC_GetHCLKFreq
                0x0000000008002b30       0x18 ./Drivers/STM32F4xx_HAL_Driver/stm32f4xx_hal_rcc.o
                0x0000000008002b30                HAL_RCC_GetHCLKFreq
 .text.HAL_RCC_GetPCLK1Freq
                0x0000000008002b48       0x28 ./Drivers/STM32F4xx_HAL_Driver/stm32f4xx_hal_rcc.o
                0x0000000008002b48                HAL_RCC_GetPCLK1Freq
 .text.HAL_RCC_GetPCLK2Freq
                0x0000000008002b70       0x28 ./Drivers/STM32F4xx_HAL_Driver/stm32f4xx_hal_rcc.o
                0x0000000008002b70                HAL_RCC_GetPCLK2Freq
 .text.HAL_UART_Init
                0x0000000008002b98       0x9a ./Drivers/STM32F4xx_HAL_Driver/stm32f4xx_hal_uart.o
                0x0000000008002b98                HAL_UART_Init
 *fill*         0x0000000008002c32        0x2 
 .text.UART_SetConfig
                0x0000000008002c34      0x4e8 ./Drivers/STM32F4xx_HAL_Driver/stm32f4xx_hal_uart.o
 .text.USB_CoreInit
                0x000000000800311c       0xc2 ./Drivers/STM32F4xx_HAL_Driver/stm32f4xx_ll_usb.o
                0x000000000800311c                USB_CoreInit
 .text.USB_DisableGlobalInt
                0x00000000080031de       0x22 ./Drivers/STM32F4xx_HAL_Driver/stm32f4xx_ll_usb.o
                0x00000000080031de                USB_DisableGlobalInt
 .text.USB_SetCurrentMode
                0x0000000008003200       0x98 ./Drivers/STM32F4xx_HAL_Driver/stm32f4xx_ll_usb.o
                0x0000000008003200                USB_SetCurrentMode
 .text.USB_DevInit
                0x0000000008003298      0x2c8 ./Drivers/STM32F4xx_HAL_Driver/stm32f4xx_ll_usb.o
                0x0000000008003298                USB_DevInit
 .text.USB_FlushTxFifo
                0x0000000008003560       0x68 ./Drivers/STM32F4xx_HAL_Driver/stm32f4xx_ll_usb.o
                0x0000000008003560                USB_FlushTxFifo
 .text.USB_FlushRxFifo
                0x00000000080035c8       0x60 ./Drivers/STM32F4xx_HAL_Driver/stm32f4xx_ll_usb.o
                0x00000000080035c8                USB_FlushRxFifo
 .text.USB_SetDevSpeed
                0x0000000008003628       0x32 ./Drivers/STM32F4xx_HAL_Driver/stm32f4xx_ll_usb.o
                0x0000000008003628                USB_SetDevSpeed
 .text.USB_DevDisconnect
                0x000000000800365a       0x42 ./Drivers/STM32F4xx_HAL_Driver/stm32f4xx_ll_usb.o
                0x000000000800365a                USB_DevDisconnect
 .text.USB_GetMode
                0x000000000800369c       0x1c ./Drivers/STM32F4xx_HAL_Driver/stm32f4xx_ll_usb.o
                0x000000000800369c                USB_GetMode
 .text.USB_CoreReset
                0x00000000080036b8       0x68 ./Drivers/STM32F4xx_HAL_Driver/stm32f4xx_ll_usb.o
 .text.__errno  0x0000000008003720        0xc d:/programas/stm32cubeide/stm32cubeide_1.12.0/stm32cubeide/plugins/com.st.stm32cube.ide.mcu.externaltools.gnu-tools-for-stm32.10.3-2021.10.win32_1.0.200.202301161003/tools/bin/../lib/gcc/arm-none-eabi/10.3.1/../../../../arm-none-eabi/lib/thumb/v7e-m+fp/hard\libc_nano.a(lib_a-errno.o)
                0x0000000008003720                __errno
 .text.__libc_init_array
                0x000000000800372c       0x48 d:/programas/stm32cubeide/stm32cubeide_1.12.0/stm32cubeide/plugins/com.st.stm32cube.ide.mcu.externaltools.gnu-tools-for-stm32.10.3-2021.10.win32_1.0.200.202301161003/tools/bin/../lib/gcc/arm-none-eabi/10.3.1/../../../../arm-none-eabi/lib/thumb/v7e-m+fp/hard\libc_nano.a(lib_a-init.o)
                0x000000000800372c                __libc_init_array
 .text.memset   0x0000000008003774       0x10 d:/programas/stm32cubeide/stm32cubeide_1.12.0/stm32cubeide/plugins/com.st.stm32cube.ide.mcu.externaltools.gnu-tools-for-stm32.10.3-2021.10.win32_1.0.200.202301161003/tools/bin/../lib/gcc/arm-none-eabi/10.3.1/../../../../arm-none-eabi/lib/thumb/v7e-m+fp/hard\libc_nano.a(lib_a-memset.o)
                0x0000000008003774                memset
 .text.rand     0x0000000008003784       0x7c d:/programas/stm32cubeide/stm32cubeide_1.12.0/stm32cubeide/plugins/com.st.stm32cube.ide.mcu.externaltools.gnu-tools-for-stm32.10.3-2021.10.win32_1.0.200.202301161003/tools/bin/../lib/gcc/arm-none-eabi/10.3.1/../../../../arm-none-eabi/lib/thumb/v7e-m+fp/hard\libc_nano.a(lib_a-rand.o)
                0x0000000008003784                rand
 .text.__assert_func
                0x0000000008003800       0x3c d:/programas/stm32cubeide/stm32cubeide_1.12.0/stm32cubeide/plugins/com.st.stm32cube.ide.mcu.externaltools.gnu-tools-for-stm32.10.3-2021.10.win32_1.0.200.202301161003/tools/bin/../lib/gcc/arm-none-eabi/10.3.1/../../../../arm-none-eabi/lib/thumb/v7e-m+fp/hard\libc_nano.a(lib_a-assert.o)
                0x0000000008003800                __assert_func
 .text.fprintf  0x000000000800383c       0x24 d:/programas/stm32cubeide/stm32cubeide_1.12.0/stm32cubeide/plugins/com.st.stm32cube.ide.mcu.externaltools.gnu-tools-for-stm32.10.3-2021.10.win32_1.0.200.202301161003/tools/bin/../lib/gcc/arm-none-eabi/10.3.1/../../../../arm-none-eabi/lib/thumb/v7e-m+fp/hard\libc_nano.a(lib_a-fprintf.o)
                0x000000000800383c                fiprintf
                0x000000000800383c                fprintf
 .text.malloc   0x0000000008003860       0x10 d:/programas/stm32cubeide/stm32cubeide_1.12.0/stm32cubeide/plugins/com.st.stm32cube.ide.mcu.externaltools.gnu-tools-for-stm32.10.3-2021.10.win32_1.0.200.202301161003/tools/bin/../lib/gcc/arm-none-eabi/10.3.1/../../../../arm-none-eabi/lib/thumb/v7e-m+fp/hard\libc_nano.a(lib_a-malloc.o)
                0x0000000008003860                malloc
 .text._free_r  0x0000000008003870       0x98 d:/programas/stm32cubeide/stm32cubeide_1.12.0/stm32cubeide/plugins/com.st.stm32cube.ide.mcu.externaltools.gnu-tools-for-stm32.10.3-2021.10.win32_1.0.200.202301161003/tools/bin/../lib/gcc/arm-none-eabi/10.3.1/../../../../arm-none-eabi/lib/thumb/v7e-m+fp/hard\libc_nano.a(lib_a-nano-freer.o)
                0x0000000008003870                _free_r
 .text.sbrk_aligned
                0x0000000008003908       0x40 d:/programas/stm32cubeide/stm32cubeide_1.12.0/stm32cubeide/plugins/com.st.stm32cube.ide.mcu.externaltools.gnu-tools-for-stm32.10.3-2021.10.win32_1.0.200.202301161003/tools/bin/../lib/gcc/arm-none-eabi/10.3.1/../../../../arm-none-eabi/lib/thumb/v7e-m+fp/hard\libc_nano.a(lib_a-nano-mallocr.o)
 .text._malloc_r
                0x0000000008003948       0xe8 d:/programas/stm32cubeide/stm32cubeide_1.12.0/stm32cubeide/plugins/com.st.stm32cube.ide.mcu.externaltools.gnu-tools-for-stm32.10.3-2021.10.win32_1.0.200.202301161003/tools/bin/../lib/gcc/arm-none-eabi/10.3.1/../../../../arm-none-eabi/lib/thumb/v7e-m+fp/hard\libc_nano.a(lib_a-nano-mallocr.o)
                0x0000000008003948                _malloc_r
 .text.__sfputc_r
                0x0000000008003a30       0x2e d:/programas/stm32cubeide/stm32cubeide_1.12.0/stm32cubeide/plugins/com.st.stm32cube.ide.mcu.externaltools.gnu-tools-for-stm32.10.3-2021.10.win32_1.0.200.202301161003/tools/bin/../lib/gcc/arm-none-eabi/10.3.1/../../../../arm-none-eabi/lib/thumb/v7e-m+fp/hard\libc_nano.a(lib_a-nano-vfprintf.o)
 .text.__sfputs_r
                0x0000000008003a5e       0x24 d:/programas/stm32cubeide/stm32cubeide_1.12.0/stm32cubeide/plugins/com.st.stm32cube.ide.mcu.externaltools.gnu-tools-for-stm32.10.3-2021.10.win32_1.0.200.202301161003/tools/bin/../lib/gcc/arm-none-eabi/10.3.1/../../../../arm-none-eabi/lib/thumb/v7e-m+fp/hard\libc_nano.a(lib_a-nano-vfprintf.o)
                0x0000000008003a5e                __sfputs_r
 *fill*         0x0000000008003a82        0x2 
 .text._vfprintf_r
                0x0000000008003a84      0x260 d:/programas/stm32cubeide/stm32cubeide_1.12.0/stm32cubeide/plugins/com.st.stm32cube.ide.mcu.externaltools.gnu-tools-for-stm32.10.3-2021.10.win32_1.0.200.202301161003/tools/bin/../lib/gcc/arm-none-eabi/10.3.1/../../../../arm-none-eabi/lib/thumb/v7e-m+fp/hard\libc_nano.a(lib_a-nano-vfprintf.o)
                0x0000000008003a84                _vfprintf_r
                0x0000000008003a84                _vfiprintf_r
 .text._printf_common
                0x0000000008003ce4       0xda d:/programas/stm32cubeide/stm32cubeide_1.12.0/stm32cubeide/plugins/com.st.stm32cube.ide.mcu.externaltools.gnu-tools-for-stm32.10.3-2021.10.win32_1.0.200.202301161003/tools/bin/../lib/gcc/arm-none-eabi/10.3.1/../../../../arm-none-eabi/lib/thumb/v7e-m+fp/hard\libc_nano.a(lib_a-nano-vfprintf_i.o)
                0x0000000008003ce4                _printf_common
 *fill*         0x0000000008003dbe        0x2 
 .text._printf_i
                0x0000000008003dc0      0x24c d:/programas/stm32cubeide/stm32cubeide_1.12.0/stm32cubeide/plugins/com.st.stm32cube.ide.mcu.externaltools.gnu-tools-for-stm32.10.3-2021.10.win32_1.0.200.202301161003/tools/bin/../lib/gcc/arm-none-eabi/10.3.1/../../../../arm-none-eabi/lib/thumb/v7e-m+fp/hard\libc_nano.a(lib_a-nano-vfprintf_i.o)
                0x0000000008003dc0                _printf_i
 .text._sbrk_r  0x000000000800400c       0x20 d:/programas/stm32cubeide/stm32cubeide_1.12.0/stm32cubeide/plugins/com.st.stm32cube.ide.mcu.externaltools.gnu-tools-for-stm32.10.3-2021.10.win32_1.0.200.202301161003/tools/bin/../lib/gcc/arm-none-eabi/10.3.1/../../../../arm-none-eabi/lib/thumb/v7e-m+fp/hard\libc_nano.a(lib_a-sbrkr.o)
                0x000000000800400c                _sbrk_r
 .text.__swbuf_r
                0x000000000800402c       0xa4 d:/programas/stm32cubeide/stm32cubeide_1.12.0/stm32cubeide/plugins/com.st.stm32cube.ide.mcu.externaltools.gnu-tools-for-stm32.10.3-2021.10.win32_1.0.200.202301161003/tools/bin/../lib/gcc/arm-none-eabi/10.3.1/../../../../arm-none-eabi/lib/thumb/v7e-m+fp/hard\libc_nano.a(lib_a-wbuf.o)
                0x000000000800402c                __swbuf_r
 .text.__swsetup_r
                0x00000000080040d0       0xdc d:/programas/stm32cubeide/stm32cubeide_1.12.0/stm32cubeide/plugins/com.st.stm32cube.ide.mcu.externaltools.gnu-tools-for-stm32.10.3-2021.10.win32_1.0.200.202301161003/tools/bin/../lib/gcc/arm-none-eabi/10.3.1/../../../../arm-none-eabi/lib/thumb/v7e-m+fp/hard\libc_nano.a(lib_a-wsetup.o)
                0x00000000080040d0                __swsetup_r
 .text.abort    0x00000000080041ac        0xe d:/programas/stm32cubeide/stm32cubeide_1.12.0/stm32cubeide/plugins/com.st.stm32cube.ide.mcu.externaltools.gnu-tools-for-stm32.10.3-2021.10.win32_1.0.200.202301161003/tools/bin/../lib/gcc/arm-none-eabi/10.3.1/../../../../arm-none-eabi/lib/thumb/v7e-m+fp/hard\libc_nano.a(lib_a-abort.o)
                0x00000000080041ac                abort
 *fill*         0x00000000080041ba        0x2 
 .text.__sflush_r
                0x00000000080041bc      0x10c d:/programas/stm32cubeide/stm32cubeide_1.12.0/stm32cubeide/plugins/com.st.stm32cube.ide.mcu.externaltools.gnu-tools-for-stm32.10.3-2021.10.win32_1.0.200.202301161003/tools/bin/../lib/gcc/arm-none-eabi/10.3.1/../../../../arm-none-eabi/lib/thumb/v7e-m+fp/hard\libc_nano.a(lib_a-fflush.o)
                0x00000000080041bc                __sflush_r
 .text._fflush_r
                0x00000000080042c8       0x78 d:/programas/stm32cubeide/stm32cubeide_1.12.0/stm32cubeide/plugins/com.st.stm32cube.ide.mcu.externaltools.gnu-tools-for-stm32.10.3-2021.10.win32_1.0.200.202301161003/tools/bin/../lib/gcc/arm-none-eabi/10.3.1/../../../../arm-none-eabi/lib/thumb/v7e-m+fp/hard\libc_nano.a(lib_a-fflush.o)
                0x00000000080042c8                _fflush_r
 .text.std      0x0000000008004340       0x48 d:/programas/stm32cubeide/stm32cubeide_1.12.0/stm32cubeide/plugins/com.st.stm32cube.ide.mcu.externaltools.gnu-tools-for-stm32.10.3-2021.10.win32_1.0.200.202301161003/tools/bin/../lib/gcc/arm-none-eabi/10.3.1/../../../../arm-none-eabi/lib/thumb/v7e-m+fp/hard\libc_nano.a(lib_a-findfp.o)
 .text._cleanup_r
                0x0000000008004388        0xc d:/programas/stm32cubeide/stm32cubeide_1.12.0/stm32cubeide/plugins/com.st.stm32cube.ide.mcu.externaltools.gnu-tools-for-stm32.10.3-2021.10.win32_1.0.200.202301161003/tools/bin/../lib/gcc/arm-none-eabi/10.3.1/../../../../arm-none-eabi/lib/thumb/v7e-m+fp/hard\libc_nano.a(lib_a-findfp.o)
                0x0000000008004388                _cleanup_r
 .text.__sfmoreglue
                0x0000000008004394       0x2c d:/programas/stm32cubeide/stm32cubeide_1.12.0/stm32cubeide/plugins/com.st.stm32cube.ide.mcu.externaltools.gnu-tools-for-stm32.10.3-2021.10.win32_1.0.200.202301161003/tools/bin/../lib/gcc/arm-none-eabi/10.3.1/../../../../arm-none-eabi/lib/thumb/v7e-m+fp/hard\libc_nano.a(lib_a-findfp.o)
                0x0000000008004394                __sfmoreglue
 .text.__sfp_lock_acquire
                0x00000000080043c0        0xc d:/programas/stm32cubeide/stm32cubeide_1.12.0/stm32cubeide/plugins/com.st.stm32cube.ide.mcu.externaltools.gnu-tools-for-stm32.10.3-2021.10.win32_1.0.200.202301161003/tools/bin/../lib/gcc/arm-none-eabi/10.3.1/../../../../arm-none-eabi/lib/thumb/v7e-m+fp/hard\libc_nano.a(lib_a-findfp.o)
                0x00000000080043c0                __sfp_lock_acquire
 .text.__sfp_lock_release
                0x00000000080043cc        0xc d:/programas/stm32cubeide/stm32cubeide_1.12.0/stm32cubeide/plugins/com.st.stm32cube.ide.mcu.externaltools.gnu-tools-for-stm32.10.3-2021.10.win32_1.0.200.202301161003/tools/bin/../lib/gcc/arm-none-eabi/10.3.1/../../../../arm-none-eabi/lib/thumb/v7e-m+fp/hard\libc_nano.a(lib_a-findfp.o)
                0x00000000080043cc                __sfp_lock_release
 .text.__sinit_lock_acquire
                0x00000000080043d8        0xc d:/programas/stm32cubeide/stm32cubeide_1.12.0/stm32cubeide/plugins/com.st.stm32cube.ide.mcu.externaltools.gnu-tools-for-stm32.10.3-2021.10.win32_1.0.200.202301161003/tools/bin/../lib/gcc/arm-none-eabi/10.3.1/../../../../arm-none-eabi/lib/thumb/v7e-m+fp/hard\libc_nano.a(lib_a-findfp.o)
                0x00000000080043d8                __sinit_lock_acquire
 .text.__sinit_lock_release
                0x00000000080043e4        0xc d:/programas/stm32cubeide/stm32cubeide_1.12.0/stm32cubeide/plugins/com.st.stm32cube.ide.mcu.externaltools.gnu-tools-for-stm32.10.3-2021.10.win32_1.0.200.202301161003/tools/bin/../lib/gcc/arm-none-eabi/10.3.1/../../../../arm-none-eabi/lib/thumb/v7e-m+fp/hard\libc_nano.a(lib_a-findfp.o)
                0x00000000080043e4                __sinit_lock_release
 .text.__sinit  0x00000000080043f0       0x70 d:/programas/stm32cubeide/stm32cubeide_1.12.0/stm32cubeide/plugins/com.st.stm32cube.ide.mcu.externaltools.gnu-tools-for-stm32.10.3-2021.10.win32_1.0.200.202301161003/tools/bin/../lib/gcc/arm-none-eabi/10.3.1/../../../../arm-none-eabi/lib/thumb/v7e-m+fp/hard\libc_nano.a(lib_a-findfp.o)
                0x00000000080043f0                __sinit
 .text.__sfp    0x0000000008004460       0x8c d:/programas/stm32cubeide/stm32cubeide_1.12.0/stm32cubeide/plugins/com.st.stm32cube.ide.mcu.externaltools.gnu-tools-for-stm32.10.3-2021.10.win32_1.0.200.202301161003/tools/bin/../lib/gcc/arm-none-eabi/10.3.1/../../../../arm-none-eabi/lib/thumb/v7e-m+fp/hard\libc_nano.a(lib_a-findfp.o)
                0x0000000008004460                __sfp
 .text._fwalk_reent
                0x00000000080044ec       0x3e d:/programas/stm32cubeide/stm32cubeide_1.12.0/stm32cubeide/plugins/com.st.stm32cube.ide.mcu.externaltools.gnu-tools-for-stm32.10.3-2021.10.win32_1.0.200.202301161003/tools/bin/../lib/gcc/arm-none-eabi/10.3.1/../../../../arm-none-eabi/lib/thumb/v7e-m+fp/hard\libc_nano.a(lib_a-fwalk.o)
                0x00000000080044ec                _fwalk_reent
 .text.__retarget_lock_init_recursive
                0x000000000800452a        0x2 d:/programas/stm32cubeide/stm32cubeide_1.12.0/stm32cubeide/plugins/com.st.stm32cube.ide.mcu.externaltools.gnu-tools-for-stm32.10.3-2021.10.win32_1.0.200.202301161003/tools/bin/../lib/gcc/arm-none-eabi/10.3.1/../../../../arm-none-eabi/lib/thumb/v7e-m+fp/hard\libc_nano.a(lib_a-lock.o)
                0x000000000800452a                __retarget_lock_init_recursive
 .text.__retarget_lock_acquire_recursive
                0x000000000800452c        0x2 d:/programas/stm32cubeide/stm32cubeide_1.12.0/stm32cubeide/plugins/com.st.stm32cube.ide.mcu.externaltools.gnu-tools-for-stm32.10.3-2021.10.win32_1.0.200.202301161003/tools/bin/../lib/gcc/arm-none-eabi/10.3.1/../../../../arm-none-eabi/lib/thumb/v7e-m+fp/hard\libc_nano.a(lib_a-lock.o)
                0x000000000800452c                __retarget_lock_acquire_recursive
 .text.__retarget_lock_release_recursive
                0x000000000800452e        0x2 d:/programas/stm32cubeide/stm32cubeide_1.12.0/stm32cubeide/plugins/com.st.stm32cube.ide.mcu.externaltools.gnu-tools-for-stm32.10.3-2021.10.win32_1.0.200.202301161003/tools/bin/../lib/gcc/arm-none-eabi/10.3.1/../../../../arm-none-eabi/lib/thumb/v7e-m+fp/hard\libc_nano.a(lib_a-lock.o)
                0x000000000800452e                __retarget_lock_release_recursive
 .text.__swhatbuf_r
                0x0000000008004530       0x4a d:/programas/stm32cubeide/stm32cubeide_1.12.0/stm32cubeide/plugins/com.st.stm32cube.ide.mcu.externaltools.gnu-tools-for-stm32.10.3-2021.10.win32_1.0.200.202301161003/tools/bin/../lib/gcc/arm-none-eabi/10.3.1/../../../../arm-none-eabi/lib/thumb/v7e-m+fp/hard\libc_nano.a(lib_a-makebuf.o)
                0x0000000008004530                __swhatbuf_r
 *fill*         0x000000000800457a        0x2 
 .text.__smakebuf_r
                0x000000000800457c       0x80 d:/programas/stm32cubeide/stm32cubeide_1.12.0/stm32cubeide/plugins/com.st.stm32cube.ide.mcu.externaltools.gnu-tools-for-stm32.10.3-2021.10.win32_1.0.200.202301161003/tools/bin/../lib/gcc/arm-none-eabi/10.3.1/../../../../arm-none-eabi/lib/thumb/v7e-m+fp/hard\libc_nano.a(lib_a-makebuf.o)
                0x000000000800457c                __smakebuf_r
 .text.__malloc_lock
                0x00000000080045fc        0xc d:/programas/stm32cubeide/stm32cubeide_1.12.0/stm32cubeide/plugins/com.st.stm32cube.ide.mcu.externaltools.gnu-tools-for-stm32.10.3-2021.10.win32_1.0.200.202301161003/tools/bin/../lib/gcc/arm-none-eabi/10.3.1/../../../../arm-none-eabi/lib/thumb/v7e-m+fp/hard\libc_nano.a(lib_a-mlock.o)
                0x00000000080045fc                __malloc_lock
 .text.__malloc_unlock
                0x0000000008004608        0xc d:/programas/stm32cubeide/stm32cubeide_1.12.0/stm32cubeide/plugins/com.st.stm32cube.ide.mcu.externaltools.gnu-tools-for-stm32.10.3-2021.10.win32_1.0.200.202301161003/tools/bin/../lib/gcc/arm-none-eabi/10.3.1/../../../../arm-none-eabi/lib/thumb/v7e-m+fp/hard\libc_nano.a(lib_a-mlock.o)
                0x0000000008004608                __malloc_unlock
 .text._raise_r
                0x0000000008004614       0x50 d:/programas/stm32cubeide/stm32cubeide_1.12.0/stm32cubeide/plugins/com.st.stm32cube.ide.mcu.externaltools.gnu-tools-for-stm32.10.3-2021.10.win32_1.0.200.202301161003/tools/bin/../lib/gcc/arm-none-eabi/10.3.1/../../../../arm-none-eabi/lib/thumb/v7e-m+fp/hard\libc_nano.a(lib_a-signal.o)
                0x0000000008004614                _raise_r
 .text.raise    0x0000000008004664       0x10 d:/programas/stm32cubeide/stm32cubeide_1.12.0/stm32cubeide/plugins/com.st.stm32cube.ide.mcu.externaltools.gnu-tools-for-stm32.10.3-2021.10.win32_1.0.200.202301161003/tools/bin/../lib/gcc/arm-none-eabi/10.3.1/../../../../arm-none-eabi/lib/thumb/v7e-m+fp/hard\libc_nano.a(lib_a-signal.o)
                0x0000000008004664                raise
 .text._kill_r  0x0000000008004674       0x24 d:/programas/stm32cubeide/stm32cubeide_1.12.0/stm32cubeide/plugins/com.st.stm32cube.ide.mcu.externaltools.gnu-tools-for-stm32.10.3-2021.10.win32_1.0.200.202301161003/tools/bin/../lib/gcc/arm-none-eabi/10.3.1/../../../../arm-none-eabi/lib/thumb/v7e-m+fp/hard\libc_nano.a(lib_a-signalr.o)
                0x0000000008004674                _kill_r
 .text._getpid_r
                0x0000000008004698        0x4 d:/programas/stm32cubeide/stm32cubeide_1.12.0/stm32cubeide/plugins/com.st.stm32cube.ide.mcu.externaltools.gnu-tools-for-stm32.10.3-2021.10.win32_1.0.200.202301161003/tools/bin/../lib/gcc/arm-none-eabi/10.3.1/../../../../arm-none-eabi/lib/thumb/v7e-m+fp/hard\libc_nano.a(lib_a-signalr.o)
                0x0000000008004698                _getpid_r
 .text.__sread  0x000000000800469c       0x22 d:/programas/stm32cubeide/stm32cubeide_1.12.0/stm32cubeide/plugins/com.st.stm32cube.ide.mcu.externaltools.gnu-tools-for-stm32.10.3-2021.10.win32_1.0.200.202301161003/tools/bin/../lib/gcc/arm-none-eabi/10.3.1/../../../../arm-none-eabi/lib/thumb/v7e-m+fp/hard\libc_nano.a(lib_a-stdio.o)
                0x000000000800469c                __sread
 .text.__swrite
                0x00000000080046be       0x38 d:/programas/stm32cubeide/stm32cubeide_1.12.0/stm32cubeide/plugins/com.st.stm32cube.ide.mcu.externaltools.gnu-tools-for-stm32.10.3-2021.10.win32_1.0.200.202301161003/tools/bin/../lib/gcc/arm-none-eabi/10.3.1/../../../../arm-none-eabi/lib/thumb/v7e-m+fp/hard\libc_nano.a(lib_a-stdio.o)
                0x00000000080046be                __swrite
 .text.__sseek  0x00000000080046f6       0x24 d:/programas/stm32cubeide/stm32cubeide_1.12.0/stm32cubeide/plugins/com.st.stm32cube.ide.mcu.externaltools.gnu-tools-for-stm32.10.3-2021.10.win32_1.0.200.202301161003/tools/bin/../lib/gcc/arm-none-eabi/10.3.1/../../../../arm-none-eabi/lib/thumb/v7e-m+fp/hard\libc_nano.a(lib_a-stdio.o)
                0x00000000080046f6                __sseek
 .text.__sclose
                0x000000000800471a        0x8 d:/programas/stm32cubeide/stm32cubeide_1.12.0/stm32cubeide/plugins/com.st.stm32cube.ide.mcu.externaltools.gnu-tools-for-stm32.10.3-2021.10.win32_1.0.200.202301161003/tools/bin/../lib/gcc/arm-none-eabi/10.3.1/../../../../arm-none-eabi/lib/thumb/v7e-m+fp/hard\libc_nano.a(lib_a-stdio.o)
                0x000000000800471a                __sclose
 *fill*         0x0000000008004722        0x2 
 .text._write_r
                0x0000000008004724       0x24 d:/programas/stm32cubeide/stm32cubeide_1.12.0/stm32cubeide/plugins/com.st.stm32cube.ide.mcu.externaltools.gnu-tools-for-stm32.10.3-2021.10.win32_1.0.200.202301161003/tools/bin/../lib/gcc/arm-none-eabi/10.3.1/../../../../arm-none-eabi/lib/thumb/v7e-m+fp/hard\libc_nano.a(lib_a-writer.o)
                0x0000000008004724                _write_r
 .text._close_r
                0x0000000008004748       0x20 d:/programas/stm32cubeide/stm32cubeide_1.12.0/stm32cubeide/plugins/com.st.stm32cube.ide.mcu.externaltools.gnu-tools-for-stm32.10.3-2021.10.win32_1.0.200.202301161003/tools/bin/../lib/gcc/arm-none-eabi/10.3.1/../../../../arm-none-eabi/lib/thumb/v7e-m+fp/hard\libc_nano.a(lib_a-closer.o)
                0x0000000008004748                _close_r
 .text._fstat_r
                0x0000000008004768       0x24 d:/programas/stm32cubeide/stm32cubeide_1.12.0/stm32cubeide/plugins/com.st.stm32cube.ide.mcu.externaltools.gnu-tools-for-stm32.10.3-2021.10.win32_1.0.200.202301161003/tools/bin/../lib/gcc/arm-none-eabi/10.3.1/../../../../arm-none-eabi/lib/thumb/v7e-m+fp/hard\libc_nano.a(lib_a-fstatr.o)
                0x0000000008004768                _fstat_r
 .text._isatty_r
                0x000000000800478c       0x20 d:/programas/stm32cubeide/stm32cubeide_1.12.0/stm32cubeide/plugins/com.st.stm32cube.ide.mcu.externaltools.gnu-tools-for-stm32.10.3-2021.10.win32_1.0.200.202301161003/tools/bin/../lib/gcc/arm-none-eabi/10.3.1/../../../../arm-none-eabi/lib/thumb/v7e-m+fp/hard\libc_nano.a(lib_a-isattyr.o)
                0x000000000800478c                _isatty_r
 .text._lseek_r
                0x00000000080047ac       0x24 d:/programas/stm32cubeide/stm32cubeide_1.12.0/stm32cubeide/plugins/com.st.stm32cube.ide.mcu.externaltools.gnu-tools-for-stm32.10.3-2021.10.win32_1.0.200.202301161003/tools/bin/../lib/gcc/arm-none-eabi/10.3.1/../../../../arm-none-eabi/lib/thumb/v7e-m+fp/hard\libc_nano.a(lib_a-lseekr.o)
                0x00000000080047ac                _lseek_r
 .text._read_r  0x00000000080047d0       0x24 d:/programas/stm32cubeide/stm32cubeide_1.12.0/stm32cubeide/plugins/com.st.stm32cube.ide.mcu.externaltools.gnu-tools-for-stm32.10.3-2021.10.win32_1.0.200.202301161003/tools/bin/../lib/gcc/arm-none-eabi/10.3.1/../../../../arm-none-eabi/lib/thumb/v7e-m+fp/hard\libc_nano.a(lib_a-readr.o)
                0x00000000080047d0                _read_r
 *(.glue_7)
 .glue_7        0x00000000080047f4        0x0 linker stubs
 *(.glue_7t)
 .glue_7t       0x00000000080047f4        0x0 linker stubs
 *(.eh_frame)
 .eh_frame      0x00000000080047f4        0x0 d:/programas/stm32cubeide/stm32cubeide_1.12.0/stm32cubeide/plugins/com.st.stm32cube.ide.mcu.externaltools.gnu-tools-for-stm32.10.3-2021.10.win32_1.0.200.202301161003/tools/bin/../lib/gcc/arm-none-eabi/10.3.1/thumb/v7e-m+fp/hard/crtbegin.o
 *(.init)
 .init          0x00000000080047f4        0x4 d:/programas/stm32cubeide/stm32cubeide_1.12.0/stm32cubeide/plugins/com.st.stm32cube.ide.mcu.externaltools.gnu-tools-for-stm32.10.3-2021.10.win32_1.0.200.202301161003/tools/bin/../lib/gcc/arm-none-eabi/10.3.1/thumb/v7e-m+fp/hard/crti.o
                0x00000000080047f4                _init
 .init          0x00000000080047f8        0x8 d:/programas/stm32cubeide/stm32cubeide_1.12.0/stm32cubeide/plugins/com.st.stm32cube.ide.mcu.externaltools.gnu-tools-for-stm32.10.3-2021.10.win32_1.0.200.202301161003/tools/bin/../lib/gcc/arm-none-eabi/10.3.1/thumb/v7e-m+fp/hard/crtn.o
 *(.fini)
 .fini          0x0000000008004800        0x4 d:/programas/stm32cubeide/stm32cubeide_1.12.0/stm32cubeide/plugins/com.st.stm32cube.ide.mcu.externaltools.gnu-tools-for-stm32.10.3-2021.10.win32_1.0.200.202301161003/tools/bin/../lib/gcc/arm-none-eabi/10.3.1/thumb/v7e-m+fp/hard/crti.o
                0x0000000008004800                _fini
 .fini          0x0000000008004804        0x8 d:/programas/stm32cubeide/stm32cubeide_1.12.0/stm32cubeide/plugins/com.st.stm32cube.ide.mcu.externaltools.gnu-tools-for-stm32.10.3-2021.10.win32_1.0.200.202301161003/tools/bin/../lib/gcc/arm-none-eabi/10.3.1/thumb/v7e-m+fp/hard/crtn.o
                0x000000000800480c                . = ALIGN (0x4)
                0x000000000800480c                _etext = .

.vfp11_veneer   0x000000000800480c        0x0
 .vfp11_veneer  0x000000000800480c        0x0 linker stubs

.v4_bx          0x000000000800480c        0x0
 .v4_bx         0x000000000800480c        0x0 linker stubs

.iplt           0x000000000800480c        0x0
 .iplt          0x000000000800480c        0x0 d:/programas/stm32cubeide/stm32cubeide_1.12.0/stm32cubeide/plugins/com.st.stm32cube.ide.mcu.externaltools.gnu-tools-for-stm32.10.3-2021.10.win32_1.0.200.202301161003/tools/bin/../lib/gcc/arm-none-eabi/10.3.1/thumb/v7e-m+fp/hard/crtbegin.o

.rodata         0x000000000800480c      0x160
                0x000000000800480c                . = ALIGN (0x4)
 *(.rodata)
 *(.rodata*)
 .rodata.AHBPrescTable
                0x000000000800480c       0x10 ./Core/Src/system_stm32f4xx.o
                0x000000000800480c                AHBPrescTable
 .rodata.APBPrescTable
                0x000000000800481c        0x8 ./Core/Src/system_stm32f4xx.o
                0x000000000800481c                APBPrescTable
 .rodata._global_impure_ptr
                0x0000000008004824        0x4 d:/programas/stm32cubeide/stm32cubeide_1.12.0/stm32cubeide/plugins/com.st.stm32cube.ide.mcu.externaltools.gnu-tools-for-stm32.10.3-2021.10.win32_1.0.200.202301161003/tools/bin/../lib/gcc/arm-none-eabi/10.3.1/../../../../arm-none-eabi/lib/thumb/v7e-m+fp/hard\libc_nano.a(lib_a-impure.o)
                0x0000000008004824                _global_impure_ptr
 .rodata.srand.str1.1
                0x0000000008004828       0x72 d:/programas/stm32cubeide/stm32cubeide_1.12.0/stm32cubeide/plugins/com.st.stm32cube.ide.mcu.externaltools.gnu-tools-for-stm32.10.3-2021.10.win32_1.0.200.202301161003/tools/bin/../lib/gcc/arm-none-eabi/10.3.1/../../../../arm-none-eabi/lib/thumb/v7e-m+fp/hard\libc_nano.a(lib_a-rand.o)
 .rodata.__assert_func.str1.1
                0x000000000800489a       0x3c d:/programas/stm32cubeide/stm32cubeide_1.12.0/stm32cubeide/plugins/com.st.stm32cube.ide.mcu.externaltools.gnu-tools-for-stm32.10.3-2021.10.win32_1.0.200.202301161003/tools/bin/../lib/gcc/arm-none-eabi/10.3.1/../../../../arm-none-eabi/lib/thumb/v7e-m+fp/hard\libc_nano.a(lib_a-assert.o)
                                         0x3d (size before relaxing)
 .rodata._vfprintf_r.str1.1
                0x00000000080048d6       0x11 d:/programas/stm32cubeide/stm32cubeide_1.12.0/stm32cubeide/plugins/com.st.stm32cube.ide.mcu.externaltools.gnu-tools-for-stm32.10.3-2021.10.win32_1.0.200.202301161003/tools/bin/../lib/gcc/arm-none-eabi/10.3.1/../../../../arm-none-eabi/lib/thumb/v7e-m+fp/hard\libc_nano.a(lib_a-nano-vfprintf.o)
 .rodata._printf_i.str1.1
                0x00000000080048e7       0x22 d:/programas/stm32cubeide/stm32cubeide_1.12.0/stm32cubeide/plugins/com.st.stm32cube.ide.mcu.externaltools.gnu-tools-for-stm32.10.3-2021.10.win32_1.0.200.202301161003/tools/bin/../lib/gcc/arm-none-eabi/10.3.1/../../../../arm-none-eabi/lib/thumb/v7e-m+fp/hard\libc_nano.a(lib_a-nano-vfprintf_i.o)
 *fill*         0x0000000008004909        0x3 
 .rodata.__sf_fake_stderr
                0x000000000800490c       0x20 d:/programas/stm32cubeide/stm32cubeide_1.12.0/stm32cubeide/plugins/com.st.stm32cube.ide.mcu.externaltools.gnu-tools-for-stm32.10.3-2021.10.win32_1.0.200.202301161003/tools/bin/../lib/gcc/arm-none-eabi/10.3.1/../../../../arm-none-eabi/lib/thumb/v7e-m+fp/hard\libc_nano.a(lib_a-findfp.o)
                0x000000000800490c                __sf_fake_stderr
 .rodata.__sf_fake_stdin
                0x000000000800492c       0x20 d:/programas/stm32cubeide/stm32cubeide_1.12.0/stm32cubeide/plugins/com.st.stm32cube.ide.mcu.externaltools.gnu-tools-for-stm32.10.3-2021.10.win32_1.0.200.202301161003/tools/bin/../lib/gcc/arm-none-eabi/10.3.1/../../../../arm-none-eabi/lib/thumb/v7e-m+fp/hard\libc_nano.a(lib_a-findfp.o)
                0x000000000800492c                __sf_fake_stdin
 .rodata.__sf_fake_stdout
                0x000000000800494c       0x20 d:/programas/stm32cubeide/stm32cubeide_1.12.0/stm32cubeide/plugins/com.st.stm32cube.ide.mcu.externaltools.gnu-tools-for-stm32.10.3-2021.10.win32_1.0.200.202301161003/tools/bin/../lib/gcc/arm-none-eabi/10.3.1/../../../../arm-none-eabi/lib/thumb/v7e-m+fp/hard\libc_nano.a(lib_a-findfp.o)
                0x000000000800494c                __sf_fake_stdout
                0x000000000800496c                . = ALIGN (0x4)

.ARM.extab      0x000000000800496c        0x0
                0x000000000800496c                . = ALIGN (0x4)
 *(.ARM.extab* .gnu.linkonce.armextab.*)
                0x000000000800496c                . = ALIGN (0x4)

.ARM            0x000000000800496c        0x8
                0x000000000800496c                . = ALIGN (0x4)
                0x000000000800496c                __exidx_start = .
 *(.ARM.exidx*)
 .ARM.exidx     0x000000000800496c        0x8 d:/programas/stm32cubeide/stm32cubeide_1.12.0/stm32cubeide/plugins/com.st.stm32cube.ide.mcu.externaltools.gnu-tools-for-stm32.10.3-2021.10.win32_1.0.200.202301161003/tools/bin/../lib/gcc/arm-none-eabi/10.3.1/thumb/v7e-m+fp/hard\libgcc.a(_udivmoddi4.o)
                0x0000000008004974                __exidx_end = .
                0x0000000008004974                . = ALIGN (0x4)

.rel.dyn        0x0000000008004974        0x0
 .rel.iplt      0x0000000008004974        0x0 d:/programas/stm32cubeide/stm32cubeide_1.12.0/stm32cubeide/plugins/com.st.stm32cube.ide.mcu.externaltools.gnu-tools-for-stm32.10.3-2021.10.win32_1.0.200.202301161003/tools/bin/../lib/gcc/arm-none-eabi/10.3.1/thumb/v7e-m+fp/hard/crtbegin.o

.preinit_array  0x0000000008004974        0x0
                0x0000000008004974                . = ALIGN (0x4)
                0x0000000008004974                PROVIDE (__preinit_array_start = .)
 *(.preinit_array*)
                0x0000000008004974                PROVIDE (__preinit_array_end = .)
                0x0000000008004974                . = ALIGN (0x4)

.init_array     0x0000000008004974        0x4
                0x0000000008004974                . = ALIGN (0x4)
                0x0000000008004974                PROVIDE (__init_array_start = .)
 *(SORT_BY_NAME(.init_array.*))
 *(.init_array*)
 .init_array    0x0000000008004974        0x4 d:/programas/stm32cubeide/stm32cubeide_1.12.0/stm32cubeide/plugins/com.st.stm32cube.ide.mcu.externaltools.gnu-tools-for-stm32.10.3-2021.10.win32_1.0.200.202301161003/tools/bin/../lib/gcc/arm-none-eabi/10.3.1/thumb/v7e-m+fp/hard/crtbegin.o
                0x0000000008004978                PROVIDE (__init_array_end = .)
                0x0000000008004978                . = ALIGN (0x4)

.fini_array     0x0000000008004978        0x4
                0x0000000008004978                . = ALIGN (0x4)
                [!provide]                        PROVIDE (__fini_array_start = .)
 *(SORT_BY_NAME(.fini_array.*))
 *(.fini_array*)
 .fini_array    0x0000000008004978        0x4 d:/programas/stm32cubeide/stm32cubeide_1.12.0/stm32cubeide/plugins/com.st.stm32cube.ide.mcu.externaltools.gnu-tools-for-stm32.10.3-2021.10.win32_1.0.200.202301161003/tools/bin/../lib/gcc/arm-none-eabi/10.3.1/thumb/v7e-m+fp/hard/crtbegin.o
                [!provide]                        PROVIDE (__fini_array_end = .)
                0x000000000800497c                . = ALIGN (0x4)
                0x000000000800497c                _sidata = LOADADDR (.data)

.data           0x0000000020000000       0x70 load address 0x000000000800497c
                0x0000000020000000                . = ALIGN (0x4)
                0x0000000020000000                _sdata = .
 *(.data)
 *(.data*)
 .data.SystemCoreClock
                0x0000000020000000        0x4 ./Core/Src/system_stm32f4xx.o
                0x0000000020000000                SystemCoreClock
 .data.uwTickPrio
                0x0000000020000004        0x4 ./Drivers/STM32F4xx_HAL_Driver/stm32f4xx_hal.o
                0x0000000020000004                uwTickPrio
 .data.uwTickFreq
                0x0000000020000008        0x1 ./Drivers/STM32F4xx_HAL_Driver/stm32f4xx_hal.o
                0x0000000020000008                uwTickFreq
 *fill*         0x0000000020000009        0x3 
 .data._impure_ptr
                0x000000002000000c        0x4 d:/programas/stm32cubeide/stm32cubeide_1.12.0/stm32cubeide/plugins/com.st.stm32cube.ide.mcu.externaltools.gnu-tools-for-stm32.10.3-2021.10.win32_1.0.200.202301161003/tools/bin/../lib/gcc/arm-none-eabi/10.3.1/../../../../arm-none-eabi/lib/thumb/v7e-m+fp/hard\libc_nano.a(lib_a-impure.o)
                0x000000002000000c                _impure_ptr
 .data.impure_data
                0x0000000020000010       0x60 d:/programas/stm32cubeide/stm32cubeide_1.12.0/stm32cubeide/plugins/com.st.stm32cube.ide.mcu.externaltools.gnu-tools-for-stm32.10.3-2021.10.win32_1.0.200.202301161003/tools/bin/../lib/gcc/arm-none-eabi/10.3.1/../../../../arm-none-eabi/lib/thumb/v7e-m+fp/hard\libc_nano.a(lib_a-impure.o)
 *(.RamFunc)
 *(.RamFunc*)
                0x0000000020000070                . = ALIGN (0x4)
                0x0000000020000070                _edata = .
                0x00000000080049ec                _siccmram = LOADADDR (.ccmram)

.igot.plt       0x0000000020000070        0x0 load address 0x00000000080049ec
 .igot.plt      0x0000000020000070        0x0 d:/programas/stm32cubeide/stm32cubeide_1.12.0/stm32cubeide/plugins/com.st.stm32cube.ide.mcu.externaltools.gnu-tools-for-stm32.10.3-2021.10.win32_1.0.200.202301161003/tools/bin/../lib/gcc/arm-none-eabi/10.3.1/thumb/v7e-m+fp/hard/crtbegin.o

.ccmram         0x0000000010000000        0x0 load address 0x00000000080049ec
                0x0000000010000000                . = ALIGN (0x4)
                0x0000000010000000                _sccmram = .
 *(.ccmram)
 *(.ccmram*)
                0x0000000010000000                . = ALIGN (0x4)
                0x0000000010000000                _eccmram = .
                0x0000000010000000                . = ALIGN (0x4)

.bss            0x0000000020000070      0x7b4
                0x0000000020000070                _sbss = .
                0x0000000020000070                __bss_start__ = _sbss
 *(.bss)
 .bss           0x0000000020000070       0x1c d:/programas/stm32cubeide/stm32cubeide_1.12.0/stm32cubeide/plugins/com.st.stm32cube.ide.mcu.externaltools.gnu-tools-for-stm32.10.3-2021.10.win32_1.0.200.202301161003/tools/bin/../lib/gcc/arm-none-eabi/10.3.1/thumb/v7e-m+fp/hard/crtbegin.o
 *(.bss*)
 .bss.TxConfig  0x000000002000008c       0x38 ./Core/Src/main.o
                0x000000002000008c                TxConfig
 .bss.DMARxDscrTab
                0x00000000200000c4       0xa0 ./Core/Src/main.o
                0x00000000200000c4                DMARxDscrTab
 .bss.DMATxDscrTab
                0x0000000020000164       0xa0 ./Core/Src/main.o
                0x0000000020000164                DMATxDscrTab
 .bss.heth      0x0000000020000204       0xb0 ./Core/Src/main.o
                0x0000000020000204                heth
 .bss.huart3    0x00000000200002b4       0x44 ./Core/Src/main.o
                0x00000000200002b4                huart3
 .bss.hpcd_USB_OTG_FS
                0x00000000200002f8      0x50c ./Core/Src/main.o
                0x00000000200002f8                hpcd_USB_OTG_FS
 .bss.MACAddr.0
                0x0000000020000804        0x6 ./Core/Src/main.o
 *fill*         0x000000002000080a        0x2 
 .bss.__sbrk_heap_end
                0x000000002000080c        0x4 ./Core/Src/sysmem.o
 .bss.uwTick    0x0000000020000810        0x4 ./Drivers/STM32F4xx_HAL_Driver/stm32f4xx_hal.o
                0x0000000020000810                uwTick
 .bss.__malloc_free_list
                0x0000000020000814        0x4 d:/programas/stm32cubeide/stm32cubeide_1.12.0/stm32cubeide/plugins/com.st.stm32cube.ide.mcu.externaltools.gnu-tools-for-stm32.10.3-2021.10.win32_1.0.200.202301161003/tools/bin/../lib/gcc/arm-none-eabi/10.3.1/../../../../arm-none-eabi/lib/thumb/v7e-m+fp/hard\libc_nano.a(lib_a-nano-mallocr.o)
                0x0000000020000814                __malloc_free_list
 .bss.__malloc_sbrk_start
                0x0000000020000818        0x4 d:/programas/stm32cubeide/stm32cubeide_1.12.0/stm32cubeide/plugins/com.st.stm32cube.ide.mcu.externaltools.gnu-tools-for-stm32.10.3-2021.10.win32_1.0.200.202301161003/tools/bin/../lib/gcc/arm-none-eabi/10.3.1/../../../../arm-none-eabi/lib/thumb/v7e-m+fp/hard\libc_nano.a(lib_a-nano-mallocr.o)
                0x0000000020000818                __malloc_sbrk_start
 .bss.__lock___malloc_recursive_mutex
                0x000000002000081c        0x1 d:/programas/stm32cubeide/stm32cubeide_1.12.0/stm32cubeide/plugins/com.st.stm32cube.ide.mcu.externaltools.gnu-tools-for-stm32.10.3-2021.10.win32_1.0.200.202301161003/tools/bin/../lib/gcc/arm-none-eabi/10.3.1/../../../../arm-none-eabi/lib/thumb/v7e-m+fp/hard\libc_nano.a(lib_a-lock.o)
                0x000000002000081c                __lock___malloc_recursive_mutex
 .bss.__lock___sfp_recursive_mutex
                0x000000002000081d        0x1 d:/programas/stm32cubeide/stm32cubeide_1.12.0/stm32cubeide/plugins/com.st.stm32cube.ide.mcu.externaltools.gnu-tools-for-stm32.10.3-2021.10.win32_1.0.200.202301161003/tools/bin/../lib/gcc/arm-none-eabi/10.3.1/../../../../arm-none-eabi/lib/thumb/v7e-m+fp/hard\libc_nano.a(lib_a-lock.o)
                0x000000002000081d                __lock___sfp_recursive_mutex
 .bss.__lock___sinit_recursive_mutex
                0x000000002000081e        0x1 d:/programas/stm32cubeide/stm32cubeide_1.12.0/stm32cubeide/plugins/com.st.stm32cube.ide.mcu.externaltools.gnu-tools-for-stm32.10.3-2021.10.win32_1.0.200.202301161003/tools/bin/../lib/gcc/arm-none-eabi/10.3.1/../../../../arm-none-eabi/lib/thumb/v7e-m+fp/hard\libc_nano.a(lib_a-lock.o)
                0x000000002000081e                __lock___sinit_recursive_mutex
 *fill*         0x000000002000081f        0x1 
 .bss.errno     0x0000000020000820        0x4 d:/programas/stm32cubeide/stm32cubeide_1.12.0/stm32cubeide/plugins/com.st.stm32cube.ide.mcu.externaltools.gnu-tools-for-stm32.10.3-2021.10.win32_1.0.200.202301161003/tools/bin/../lib/gcc/arm-none-eabi/10.3.1/../../../../arm-none-eabi/lib/thumb/v7e-m+fp/hard\libc_nano.a(lib_a-reent.o)
                0x0000000020000820                errno
 *(COMMON)
                0x0000000020000824                . = ALIGN (0x4)
                0x0000000020000824                _ebss = .
                0x0000000020000824                __bss_end__ = _ebss

._user_heap_stack
                0x0000000020000824      0x604
                0x0000000020000828                . = ALIGN (0x8)
 *fill*         0x0000000020000824        0x4 
                [!provide]                        PROVIDE (end = .)
                0x0000000020000828                PROVIDE (_end = .)
                0x0000000020000a28                . = (. + _Min_Heap_Size)
 *fill*         0x0000000020000828      0x200 
                0x0000000020000e28                . = (. + _Min_Stack_Size)
 *fill*         0x0000000020000a28      0x400 
                0x0000000020000e28                . = ALIGN (0x8)

/DISCARD/
 libc.a(*)
 libm.a(*)
 libgcc.a(*)

.ARM.attributes
                0x0000000000000000       0x30
 *(.ARM.attributes)
 .ARM.attributes
                0x0000000000000000       0x1e d:/programas/stm32cubeide/stm32cubeide_1.12.0/stm32cubeide/plugins/com.st.stm32cube.ide.mcu.externaltools.gnu-tools-for-stm32.10.3-2021.10.win32_1.0.200.202301161003/tools/bin/../lib/gcc/arm-none-eabi/10.3.1/thumb/v7e-m+fp/hard/crti.o
 .ARM.attributes
                0x000000000000001e       0x34 d:/programas/stm32cubeide/stm32cubeide_1.12.0/stm32cubeide/plugins/com.st.stm32cube.ide.mcu.externaltools.gnu-tools-for-stm32.10.3-2021.10.win32_1.0.200.202301161003/tools/bin/../lib/gcc/arm-none-eabi/10.3.1/thumb/v7e-m+fp/hard/crtbegin.o
 .ARM.attributes
                0x0000000000000052       0x20 ./Core/Src/asm_func.o
 .ARM.attributes
                0x0000000000000072       0x34 ./Core/Src/main.o
 .ARM.attributes
                0x00000000000000a6       0x34 ./Core/Src/stm32f4xx_hal_msp.o
 .ARM.attributes
                0x00000000000000da       0x34 ./Core/Src/stm32f4xx_it.o
 .ARM.attributes
                0x000000000000010e       0x34 ./Core/Src/syscalls.o
 .ARM.attributes
                0x0000000000000142       0x34 ./Core/Src/sysmem.o
 .ARM.attributes
                0x0000000000000176       0x34 ./Core/Src/system_stm32f4xx.o
 .ARM.attributes
                0x00000000000001aa       0x21 ./Core/Startup/startup_stm32f429zitx.o
 .ARM.attributes
                0x00000000000001cb       0x34 ./Drivers/STM32F4xx_HAL_Driver/stm32f4xx_hal.o
 .ARM.attributes
                0x00000000000001ff       0x34 ./Drivers/STM32F4xx_HAL_Driver/stm32f4xx_hal_cortex.o
 .ARM.attributes
                0x0000000000000233       0x34 ./Drivers/STM32F4xx_HAL_Driver/stm32f4xx_hal_eth.o
 .ARM.attributes
                0x0000000000000267       0x34 ./Drivers/STM32F4xx_HAL_Driver/stm32f4xx_hal_gpio.o
 .ARM.attributes
                0x000000000000029b       0x34 ./Drivers/STM32F4xx_HAL_Driver/stm32f4xx_hal_pcd.o
 .ARM.attributes
                0x00000000000002cf       0x34 ./Drivers/STM32F4xx_HAL_Driver/stm32f4xx_hal_rcc.o
 .ARM.attributes
                0x0000000000000303       0x34 ./Drivers/STM32F4xx_HAL_Driver/stm32f4xx_hal_uart.o
 .ARM.attributes
                0x0000000000000337       0x34 ./Drivers/STM32F4xx_HAL_Driver/stm32f4xx_ll_usb.o
 .ARM.attributes
                0x000000000000036b       0x34 d:/programas/stm32cubeide/stm32cubeide_1.12.0/stm32cubeide/plugins/com.st.stm32cube.ide.mcu.externaltools.gnu-tools-for-stm32.10.3-2021.10.win32_1.0.200.202301161003/tools/bin/../lib/gcc/arm-none-eabi/10.3.1/../../../../arm-none-eabi/lib/thumb/v7e-m+fp/hard\libc_nano.a(lib_a-errno.o)
 .ARM.attributes
                0x000000000000039f       0x34 d:/programas/stm32cubeide/stm32cubeide_1.12.0/stm32cubeide/plugins/com.st.stm32cube.ide.mcu.externaltools.gnu-tools-for-stm32.10.3-2021.10.win32_1.0.200.202301161003/tools/bin/../lib/gcc/arm-none-eabi/10.3.1/../../../../arm-none-eabi/lib/thumb/v7e-m+fp/hard\libc_nano.a(lib_a-impure.o)
 .ARM.attributes
                0x00000000000003d3       0x34 d:/programas/stm32cubeide/stm32cubeide_1.12.0/stm32cubeide/plugins/com.st.stm32cube.ide.mcu.externaltools.gnu-tools-for-stm32.10.3-2021.10.win32_1.0.200.202301161003/tools/bin/../lib/gcc/arm-none-eabi/10.3.1/../../../../arm-none-eabi/lib/thumb/v7e-m+fp/hard\libc_nano.a(lib_a-init.o)
 .ARM.attributes
                0x0000000000000407       0x34 d:/programas/stm32cubeide/stm32cubeide_1.12.0/stm32cubeide/plugins/com.st.stm32cube.ide.mcu.externaltools.gnu-tools-for-stm32.10.3-2021.10.win32_1.0.200.202301161003/tools/bin/../lib/gcc/arm-none-eabi/10.3.1/../../../../arm-none-eabi/lib/thumb/v7e-m+fp/hard\libc_nano.a(lib_a-memset.o)
 .ARM.attributes
                0x000000000000043b       0x34 d:/programas/stm32cubeide/stm32cubeide_1.12.0/stm32cubeide/plugins/com.st.stm32cube.ide.mcu.externaltools.gnu-tools-for-stm32.10.3-2021.10.win32_1.0.200.202301161003/tools/bin/../lib/gcc/arm-none-eabi/10.3.1/../../../../arm-none-eabi/lib/thumb/v7e-m+fp/hard\libc_nano.a(lib_a-rand.o)
 .ARM.attributes
                0x000000000000046f       0x34 d:/programas/stm32cubeide/stm32cubeide_1.12.0/stm32cubeide/plugins/com.st.stm32cube.ide.mcu.externaltools.gnu-tools-for-stm32.10.3-2021.10.win32_1.0.200.202301161003/tools/bin/../lib/gcc/arm-none-eabi/10.3.1/../../../../arm-none-eabi/lib/thumb/v7e-m+fp/hard\libc_nano.a(lib_a-assert.o)
 .ARM.attributes
                0x00000000000004a3       0x34 d:/programas/stm32cubeide/stm32cubeide_1.12.0/stm32cubeide/plugins/com.st.stm32cube.ide.mcu.externaltools.gnu-tools-for-stm32.10.3-2021.10.win32_1.0.200.202301161003/tools/bin/../lib/gcc/arm-none-eabi/10.3.1/../../../../arm-none-eabi/lib/thumb/v7e-m+fp/hard\libc_nano.a(lib_a-fprintf.o)
 .ARM.attributes
                0x00000000000004d7       0x34 d:/programas/stm32cubeide/stm32cubeide_1.12.0/stm32cubeide/plugins/com.st.stm32cube.ide.mcu.externaltools.gnu-tools-for-stm32.10.3-2021.10.win32_1.0.200.202301161003/tools/bin/../lib/gcc/arm-none-eabi/10.3.1/../../../../arm-none-eabi/lib/thumb/v7e-m+fp/hard\libc_nano.a(lib_a-malloc.o)
 .ARM.attributes
                0x000000000000050b       0x34 d:/programas/stm32cubeide/stm32cubeide_1.12.0/stm32cubeide/plugins/com.st.stm32cube.ide.mcu.externaltools.gnu-tools-for-stm32.10.3-2021.10.win32_1.0.200.202301161003/tools/bin/../lib/gcc/arm-none-eabi/10.3.1/../../../../arm-none-eabi/lib/thumb/v7e-m+fp/hard\libc_nano.a(lib_a-nano-freer.o)
 .ARM.attributes
                0x000000000000053f       0x34 d:/programas/stm32cubeide/stm32cubeide_1.12.0/stm32cubeide/plugins/com.st.stm32cube.ide.mcu.externaltools.gnu-tools-for-stm32.10.3-2021.10.win32_1.0.200.202301161003/tools/bin/../lib/gcc/arm-none-eabi/10.3.1/../../../../arm-none-eabi/lib/thumb/v7e-m+fp/hard\libc_nano.a(lib_a-nano-mallocr.o)
 .ARM.attributes
                0x0000000000000573       0x34 d:/programas/stm32cubeide/stm32cubeide_1.12.0/stm32cubeide/plugins/com.st.stm32cube.ide.mcu.externaltools.gnu-tools-for-stm32.10.3-2021.10.win32_1.0.200.202301161003/tools/bin/../lib/gcc/arm-none-eabi/10.3.1/../../../../arm-none-eabi/lib/thumb/v7e-m+fp/hard\libc_nano.a(lib_a-nano-vfprintf.o)
 .ARM.attributes
                0x00000000000005a7       0x34 d:/programas/stm32cubeide/stm32cubeide_1.12.0/stm32cubeide/plugins/com.st.stm32cube.ide.mcu.externaltools.gnu-tools-for-stm32.10.3-2021.10.win32_1.0.200.202301161003/tools/bin/../lib/gcc/arm-none-eabi/10.3.1/../../../../arm-none-eabi/lib/thumb/v7e-m+fp/hard\libc_nano.a(lib_a-nano-vfprintf_i.o)
 .ARM.attributes
                0x00000000000005db       0x34 d:/programas/stm32cubeide/stm32cubeide_1.12.0/stm32cubeide/plugins/com.st.stm32cube.ide.mcu.externaltools.gnu-tools-for-stm32.10.3-2021.10.win32_1.0.200.202301161003/tools/bin/../lib/gcc/arm-none-eabi/10.3.1/../../../../arm-none-eabi/lib/thumb/v7e-m+fp/hard\libc_nano.a(lib_a-sbrkr.o)
 .ARM.attributes
                0x000000000000060f       0x34 d:/programas/stm32cubeide/stm32cubeide_1.12.0/stm32cubeide/plugins/com.st.stm32cube.ide.mcu.externaltools.gnu-tools-for-stm32.10.3-2021.10.win32_1.0.200.202301161003/tools/bin/../lib/gcc/arm-none-eabi/10.3.1/../../../../arm-none-eabi/lib/thumb/v7e-m+fp/hard\libc_nano.a(lib_a-wbuf.o)
 .ARM.attributes
                0x0000000000000643       0x34 d:/programas/stm32cubeide/stm32cubeide_1.12.0/stm32cubeide/plugins/com.st.stm32cube.ide.mcu.externaltools.gnu-tools-for-stm32.10.3-2021.10.win32_1.0.200.202301161003/tools/bin/../lib/gcc/arm-none-eabi/10.3.1/../../../../arm-none-eabi/lib/thumb/v7e-m+fp/hard\libc_nano.a(lib_a-wsetup.o)
 .ARM.attributes
                0x0000000000000677       0x34 d:/programas/stm32cubeide/stm32cubeide_1.12.0/stm32cubeide/plugins/com.st.stm32cube.ide.mcu.externaltools.gnu-tools-for-stm32.10.3-2021.10.win32_1.0.200.202301161003/tools/bin/../lib/gcc/arm-none-eabi/10.3.1/../../../../arm-none-eabi/lib/thumb/v7e-m+fp/hard\libc_nano.a(lib_a-abort.o)
 .ARM.attributes
                0x00000000000006ab       0x34 d:/programas/stm32cubeide/stm32cubeide_1.12.0/stm32cubeide/plugins/com.st.stm32cube.ide.mcu.externaltools.gnu-tools-for-stm32.10.3-2021.10.win32_1.0.200.202301161003/tools/bin/../lib/gcc/arm-none-eabi/10.3.1/../../../../arm-none-eabi/lib/thumb/v7e-m+fp/hard\libc_nano.a(lib_a-fflush.o)
 .ARM.attributes
                0x00000000000006df       0x34 d:/programas/stm32cubeide/stm32cubeide_1.12.0/stm32cubeide/plugins/com.st.stm32cube.ide.mcu.externaltools.gnu-tools-for-stm32.10.3-2021.10.win32_1.0.200.202301161003/tools/bin/../lib/gcc/arm-none-eabi/10.3.1/../../../../arm-none-eabi/lib/thumb/v7e-m+fp/hard\libc_nano.a(lib_a-findfp.o)
 .ARM.attributes
                0x0000000000000713       0x34 d:/programas/stm32cubeide/stm32cubeide_1.12.0/stm32cubeide/plugins/com.st.stm32cube.ide.mcu.externaltools.gnu-tools-for-stm32.10.3-2021.10.win32_1.0.200.202301161003/tools/bin/../lib/gcc/arm-none-eabi/10.3.1/../../../../arm-none-eabi/lib/thumb/v7e-m+fp/hard\libc_nano.a(lib_a-fwalk.o)
 .ARM.attributes
                0x0000000000000747       0x34 d:/programas/stm32cubeide/stm32cubeide_1.12.0/stm32cubeide/plugins/com.st.stm32cube.ide.mcu.externaltools.gnu-tools-for-stm32.10.3-2021.10.win32_1.0.200.202301161003/tools/bin/../lib/gcc/arm-none-eabi/10.3.1/../../../../arm-none-eabi/lib/thumb/v7e-m+fp/hard\libc_nano.a(lib_a-lock.o)
 .ARM.attributes
                0x000000000000077b       0x34 d:/programas/stm32cubeide/stm32cubeide_1.12.0/stm32cubeide/plugins/com.st.stm32cube.ide.mcu.externaltools.gnu-tools-for-stm32.10.3-2021.10.win32_1.0.200.202301161003/tools/bin/../lib/gcc/arm-none-eabi/10.3.1/../../../../arm-none-eabi/lib/thumb/v7e-m+fp/hard\libc_nano.a(lib_a-makebuf.o)
 .ARM.attributes
                0x00000000000007af       0x1c d:/programas/stm32cubeide/stm32cubeide_1.12.0/stm32cubeide/plugins/com.st.stm32cube.ide.mcu.externaltools.gnu-tools-for-stm32.10.3-2021.10.win32_1.0.200.202301161003/tools/bin/../lib/gcc/arm-none-eabi/10.3.1/../../../../arm-none-eabi/lib/thumb/v7e-m+fp/hard\libc_nano.a(lib_a-memchr.o)
 .ARM.attributes
                0x00000000000007cb       0x34 d:/programas/stm32cubeide/stm32cubeide_1.12.0/stm32cubeide/plugins/com.st.stm32cube.ide.mcu.externaltools.gnu-tools-for-stm32.10.3-2021.10.win32_1.0.200.202301161003/tools/bin/../lib/gcc/arm-none-eabi/10.3.1/../../../../arm-none-eabi/lib/thumb/v7e-m+fp/hard\libc_nano.a(lib_a-mlock.o)
 .ARM.attributes
                0x00000000000007ff       0x34 d:/programas/stm32cubeide/stm32cubeide_1.12.0/stm32cubeide/plugins/com.st.stm32cube.ide.mcu.externaltools.gnu-tools-for-stm32.10.3-2021.10.win32_1.0.200.202301161003/tools/bin/../lib/gcc/arm-none-eabi/10.3.1/../../../../arm-none-eabi/lib/thumb/v7e-m+fp/hard\libc_nano.a(lib_a-reent.o)
 .ARM.attributes
                0x0000000000000833       0x34 d:/programas/stm32cubeide/stm32cubeide_1.12.0/stm32cubeide/plugins/com.st.stm32cube.ide.mcu.externaltools.gnu-tools-for-stm32.10.3-2021.10.win32_1.0.200.202301161003/tools/bin/../lib/gcc/arm-none-eabi/10.3.1/../../../../arm-none-eabi/lib/thumb/v7e-m+fp/hard\libc_nano.a(lib_a-signal.o)
 .ARM.attributes
                0x0000000000000867       0x34 d:/programas/stm32cubeide/stm32cubeide_1.12.0/stm32cubeide/plugins/com.st.stm32cube.ide.mcu.externaltools.gnu-tools-for-stm32.10.3-2021.10.win32_1.0.200.202301161003/tools/bin/../lib/gcc/arm-none-eabi/10.3.1/../../../../arm-none-eabi/lib/thumb/v7e-m+fp/hard\libc_nano.a(lib_a-signalr.o)
 .ARM.attributes
                0x000000000000089b       0x34 d:/programas/stm32cubeide/stm32cubeide_1.12.0/stm32cubeide/plugins/com.st.stm32cube.ide.mcu.externaltools.gnu-tools-for-stm32.10.3-2021.10.win32_1.0.200.202301161003/tools/bin/../lib/gcc/arm-none-eabi/10.3.1/../../../../arm-none-eabi/lib/thumb/v7e-m+fp/hard\libc_nano.a(lib_a-stdio.o)
 .ARM.attributes
                0x00000000000008cf       0x34 d:/programas/stm32cubeide/stm32cubeide_1.12.0/stm32cubeide/plugins/com.st.stm32cube.ide.mcu.externaltools.gnu-tools-for-stm32.10.3-2021.10.win32_1.0.200.202301161003/tools/bin/../lib/gcc/arm-none-eabi/10.3.1/../../../../arm-none-eabi/lib/thumb/v7e-m+fp/hard\libc_nano.a(lib_a-writer.o)
 .ARM.attributes
                0x0000000000000903       0x34 d:/programas/stm32cubeide/stm32cubeide_1.12.0/stm32cubeide/plugins/com.st.stm32cube.ide.mcu.externaltools.gnu-tools-for-stm32.10.3-2021.10.win32_1.0.200.202301161003/tools/bin/../lib/gcc/arm-none-eabi/10.3.1/../../../../arm-none-eabi/lib/thumb/v7e-m+fp/hard\libc_nano.a(lib_a-closer.o)
 .ARM.attributes
                0x0000000000000937       0x34 d:/programas/stm32cubeide/stm32cubeide_1.12.0/stm32cubeide/plugins/com.st.stm32cube.ide.mcu.externaltools.gnu-tools-for-stm32.10.3-2021.10.win32_1.0.200.202301161003/tools/bin/../lib/gcc/arm-none-eabi/10.3.1/../../../../arm-none-eabi/lib/thumb/v7e-m+fp/hard\libc_nano.a(lib_a-fstatr.o)
 .ARM.attributes
                0x000000000000096b       0x34 d:/programas/stm32cubeide/stm32cubeide_1.12.0/stm32cubeide/plugins/com.st.stm32cube.ide.mcu.externaltools.gnu-tools-for-stm32.10.3-2021.10.win32_1.0.200.202301161003/tools/bin/../lib/gcc/arm-none-eabi/10.3.1/../../../../arm-none-eabi/lib/thumb/v7e-m+fp/hard\libc_nano.a(lib_a-isattyr.o)
 .ARM.attributes
                0x000000000000099f       0x34 d:/programas/stm32cubeide/stm32cubeide_1.12.0/stm32cubeide/plugins/com.st.stm32cube.ide.mcu.externaltools.gnu-tools-for-stm32.10.3-2021.10.win32_1.0.200.202301161003/tools/bin/../lib/gcc/arm-none-eabi/10.3.1/../../../../arm-none-eabi/lib/thumb/v7e-m+fp/hard\libc_nano.a(lib_a-lseekr.o)
 .ARM.attributes
                0x00000000000009d3       0x34 d:/programas/stm32cubeide/stm32cubeide_1.12.0/stm32cubeide/plugins/com.st.stm32cube.ide.mcu.externaltools.gnu-tools-for-stm32.10.3-2021.10.win32_1.0.200.202301161003/tools/bin/../lib/gcc/arm-none-eabi/10.3.1/../../../../arm-none-eabi/lib/thumb/v7e-m+fp/hard\libc_nano.a(lib_a-readr.o)
 .ARM.attributes
                0x0000000000000a07       0x1e d:/programas/stm32cubeide/stm32cubeide_1.12.0/stm32cubeide/plugins/com.st.stm32cube.ide.mcu.externaltools.gnu-tools-for-stm32.10.3-2021.10.win32_1.0.200.202301161003/tools/bin/../lib/gcc/arm-none-eabi/10.3.1/thumb/v7e-m+fp/hard\libgcc.a(_aeabi_uldivmod.o)
 .ARM.attributes
                0x0000000000000a25       0x34 d:/programas/stm32cubeide/stm32cubeide_1.12.0/stm32cubeide/plugins/com.st.stm32cube.ide.mcu.externaltools.gnu-tools-for-stm32.10.3-2021.10.win32_1.0.200.202301161003/tools/bin/../lib/gcc/arm-none-eabi/10.3.1/thumb/v7e-m+fp/hard\libgcc.a(_udivmoddi4.o)
 .ARM.attributes
                0x0000000000000a59       0x1e d:/programas/stm32cubeide/stm32cubeide_1.12.0/stm32cubeide/plugins/com.st.stm32cube.ide.mcu.externaltools.gnu-tools-for-stm32.10.3-2021.10.win32_1.0.200.202301161003/tools/bin/../lib/gcc/arm-none-eabi/10.3.1/thumb/v7e-m+fp/hard\libgcc.a(_dvmd_tls.o)
 .ARM.attributes
                0x0000000000000a77       0x1e d:/programas/stm32cubeide/stm32cubeide_1.12.0/stm32cubeide/plugins/com.st.stm32cube.ide.mcu.externaltools.gnu-tools-for-stm32.10.3-2021.10.win32_1.0.200.202301161003/tools/bin/../lib/gcc/arm-none-eabi/10.3.1/thumb/v7e-m+fp/hard/crtn.o
OUTPUT(adm_c16.elf elf32-littlearm)
LOAD linker stubs
LOAD d:/programas/stm32cubeide/stm32cubeide_1.12.0/stm32cubeide/plugins/com.st.stm32cube.ide.mcu.externaltools.gnu-tools-for-stm32.10.3-2021.10.win32_1.0.200.202301161003/tools/bin/../lib/gcc/arm-none-eabi/10.3.1/../../../../arm-none-eabi/lib/thumb/v7e-m+fp/hard\libc.a
LOAD d:/programas/stm32cubeide/stm32cubeide_1.12.0/stm32cubeide/plugins/com.st.stm32cube.ide.mcu.externaltools.gnu-tools-for-stm32.10.3-2021.10.win32_1.0.200.202301161003/tools/bin/../lib/gcc/arm-none-eabi/10.3.1/../../../../arm-none-eabi/lib/thumb/v7e-m+fp/hard\libm.a
LOAD d:/programas/stm32cubeide/stm32cubeide_1.12.0/stm32cubeide/plugins/com.st.stm32cube.ide.mcu.externaltools.gnu-tools-for-stm32.10.3-2021.10.win32_1.0.200.202301161003/tools/bin/../lib/gcc/arm-none-eabi/10.3.1/thumb/v7e-m+fp/hard\libgcc.a

.debug_line     0x0000000000000000     0xedd2
 .debug_line    0x0000000000000000      0x108 ./Core/Src/asm_func.o
 .debug_line    0x0000000000000108     0x10f0 ./Core/Src/main.o
 .debug_line    0x00000000000011f8      0x984 ./Core/Src/stm32f4xx_hal_msp.o
 .debug_line    0x0000000000001b7c      0x937 ./Core/Src/stm32f4xx_it.o
 .debug_line    0x00000000000024b3      0xa52 ./Core/Src/syscalls.o
 .debug_line    0x0000000000002f05      0x652 ./Core/Src/sysmem.o
 .debug_line    0x0000000000003557      0x8d6 ./Core/Src/system_stm32f4xx.o
 .debug_line    0x0000000000003e2d       0x8a ./Core/Startup/startup_stm32f429zitx.o
 .debug_line    0x0000000000003eb7      0xbab ./Drivers/STM32F4xx_HAL_Driver/stm32f4xx_hal.o
 .debug_line    0x0000000000004a62      0xe24 ./Drivers/STM32F4xx_HAL_Driver/stm32f4xx_hal_cortex.o
 .debug_line    0x0000000000005886     0x1ae6 ./Drivers/STM32F4xx_HAL_Driver/stm32f4xx_hal_eth.o
 .debug_line    0x000000000000736c      0xd11 ./Drivers/STM32F4xx_HAL_Driver/stm32f4xx_hal_gpio.o
 .debug_line    0x000000000000807d     0x1618 ./Drivers/STM32F4xx_HAL_Driver/stm32f4xx_hal_pcd.o
 .debug_line    0x0000000000009695      0xef1 ./Drivers/STM32F4xx_HAL_Driver/stm32f4xx_hal_rcc.o
 .debug_line    0x000000000000a586     0x2c1a ./Drivers/STM32F4xx_HAL_Driver/stm32f4xx_hal_uart.o
 .debug_line    0x000000000000d1a0     0x1c32 ./Drivers/STM32F4xx_HAL_Driver/stm32f4xx_ll_usb.o

.debug_info     0x0000000000000000     0xfbe0
 .debug_info    0x0000000000000000       0x26 ./Core/Src/asm_func.o
 .debug_info    0x0000000000000026     0x25a3 ./Core/Src/main.o
 .debug_info    0x00000000000025c9     0x1840 ./Core/Src/stm32f4xx_hal_msp.o
 .debug_info    0x0000000000003e09      0x1b5 ./Core/Src/stm32f4xx_it.o
 .debug_info    0x0000000000003fbe      0x6e0 ./Core/Src/syscalls.o
 .debug_info    0x000000000000469e      0x171 ./Core/Src/sysmem.o
 .debug_info    0x000000000000480f      0x53f ./Core/Src/system_stm32f4xx.o
 .debug_info    0x0000000000004d4e       0x22 ./Core/Startup/startup_stm32f429zitx.o
 .debug_info    0x0000000000004d70      0x9f4 ./Drivers/STM32F4xx_HAL_Driver/stm32f4xx_hal.o
 .debug_info    0x0000000000005764      0xe51 ./Drivers/STM32F4xx_HAL_Driver/stm32f4xx_hal_cortex.o
 .debug_info    0x00000000000065b5     0x223b ./Drivers/STM32F4xx_HAL_Driver/stm32f4xx_hal_eth.o
 .debug_info    0x00000000000087f0      0x786 ./Drivers/STM32F4xx_HAL_Driver/stm32f4xx_hal_gpio.o
 .debug_info    0x0000000000008f76     0x1695 ./Drivers/STM32F4xx_HAL_Driver/stm32f4xx_hal_pcd.o
 .debug_info    0x000000000000a60b      0x982 ./Drivers/STM32F4xx_HAL_Driver/stm32f4xx_hal_rcc.o
 .debug_info    0x000000000000af8d     0x31bc ./Drivers/STM32F4xx_HAL_Driver/stm32f4xx_hal_uart.o
 .debug_info    0x000000000000e149     0x1a97 ./Drivers/STM32F4xx_HAL_Driver/stm32f4xx_ll_usb.o

.debug_abbrev   0x0000000000000000     0x1f99
 .debug_abbrev  0x0000000000000000       0x14 ./Core/Src/asm_func.o
 .debug_abbrev  0x0000000000000014      0x3de ./Core/Src/main.o
 .debug_abbrev  0x00000000000003f2      0x23e ./Core/Src/stm32f4xx_hal_msp.o
 .debug_abbrev  0x0000000000000630      0x12a ./Core/Src/stm32f4xx_it.o
 .debug_abbrev  0x000000000000075a      0x1b3 ./Core/Src/syscalls.o
 .debug_abbrev  0x000000000000090d       0xbb ./Core/Src/sysmem.o
 .debug_abbrev  0x00000000000009c8      0x116 ./Core/Src/system_stm32f4xx.o
 .debug_abbrev  0x0000000000000ade       0x12 ./Core/Startup/startup_stm32f429zitx.o
 .debug_abbrev  0x0000000000000af0      0x20d ./Drivers/STM32F4xx_HAL_Driver/stm32f4xx_hal.o
 .debug_abbrev  0x0000000000000cfd      0x316 ./Drivers/STM32F4xx_HAL_Driver/stm32f4xx_hal_cortex.o
 .debug_abbrev  0x0000000000001013      0x2d3 ./Drivers/STM32F4xx_HAL_Driver/stm32f4xx_hal_eth.o
 .debug_abbrev  0x00000000000012e6      0x1c4 ./Drivers/STM32F4xx_HAL_Driver/stm32f4xx_hal_gpio.o
 .debug_abbrev  0x00000000000014aa      0x2bb ./Drivers/STM32F4xx_HAL_Driver/stm32f4xx_hal_pcd.o
 .debug_abbrev  0x0000000000001765      0x2aa ./Drivers/STM32F4xx_HAL_Driver/stm32f4xx_hal_rcc.o
 .debug_abbrev  0x0000000000001a0f      0x2f4 ./Drivers/STM32F4xx_HAL_Driver/stm32f4xx_hal_uart.o
 .debug_abbrev  0x0000000000001d03      0x296 ./Drivers/STM32F4xx_HAL_Driver/stm32f4xx_ll_usb.o

.debug_aranges  0x0000000000000000      0xc60
 .debug_aranges
                0x0000000000000000       0x20 ./Core/Src/asm_func.o
 .debug_aranges
                0x0000000000000020       0xb8 ./Core/Src/main.o
 .debug_aranges
                0x00000000000000d8       0x50 ./Core/Src/stm32f4xx_hal_msp.o
 .debug_aranges
                0x0000000000000128       0x60 ./Core/Src/stm32f4xx_it.o
 .debug_aranges
                0x0000000000000188       0xa8 ./Core/Src/syscalls.o
 .debug_aranges
                0x0000000000000230       0x20 ./Core/Src/sysmem.o
 .debug_aranges
                0x0000000000000250       0x28 ./Core/Src/system_stm32f4xx.o
 .debug_aranges
                0x0000000000000278       0x28 ./Core/Startup/startup_stm32f429zitx.o
 .debug_aranges
                0x00000000000002a0      0x100 ./Drivers/STM32F4xx_HAL_Driver/stm32f4xx_hal.o
 .debug_aranges
                0x00000000000003a0      0x118 ./Drivers/STM32F4xx_HAL_Driver/stm32f4xx_hal_cortex.o
 .debug_aranges
                0x00000000000004b8      0x1e0 ./Drivers/STM32F4xx_HAL_Driver/stm32f4xx_hal_eth.o
 .debug_aranges
                0x0000000000000698       0x58 ./Drivers/STM32F4xx_HAL_Driver/stm32f4xx_hal_gpio.o
 .debug_aranges
                0x00000000000006f0      0x148 ./Drivers/STM32F4xx_HAL_Driver/stm32f4xx_hal_pcd.o
 .debug_aranges
                0x0000000000000838       0x88 ./Drivers/STM32F4xx_HAL_Driver/stm32f4xx_hal_rcc.o
 .debug_aranges
                0x00000000000008c0      0x200 ./Drivers/STM32F4xx_HAL_Driver/stm32f4xx_hal_uart.o
 .debug_aranges
                0x0000000000000ac0      0x1a0 ./Drivers/STM32F4xx_HAL_Driver/stm32f4xx_ll_usb.o

.debug_str      0x0000000000000000    0xdbec1
 .debug_str     0x0000000000000000       0x4d ./Core/Src/asm_func.o
 .debug_str     0x000000000000004d    0xd5d74 ./Core/Src/main.o
                                      0xd6144 (size before relaxing)
 .debug_str     0x00000000000d5dc1       0xaf ./Core/Src/stm32f4xx_hal_msp.o
                                      0xd2c78 (size before relaxing)
 .debug_str     0x00000000000d5e70       0xc9 ./Core/Src/stm32f4xx_it.o
                                      0xd1e69 (size before relaxing)
 .debug_str     0x00000000000d5f39     0x2610 ./Core/Src/syscalls.o
                                       0x8a78 (size before relaxing)
 .debug_str     0x00000000000d8549       0x6b ./Core/Src/sysmem.o
                                       0x5db4 (size before relaxing)
 .debug_str     0x00000000000d85b4       0xdb ./Core/Src/system_stm32f4xx.o
                                      0xd1aa6 (size before relaxing)
 .debug_str     0x00000000000d868f       0x28 ./Core/Startup/startup_stm32f429zitx.o
                                         0x5e (size before relaxing)
 .debug_str     0x00000000000d86b7      0xbdf ./Drivers/STM32F4xx_HAL_Driver/stm32f4xx_hal.o
                                      0xd2702 (size before relaxing)
 .debug_str     0x00000000000d9296      0x377 ./Drivers/STM32F4xx_HAL_Driver/stm32f4xx_hal_cortex.o
                                      0xd23e7 (size before relaxing)
 .debug_str     0x00000000000d960d     0x1223 ./Drivers/STM32F4xx_HAL_Driver/stm32f4xx_hal_eth.o
                                      0xd336c (size before relaxing)
 .debug_str     0x00000000000da830      0x11a ./Drivers/STM32F4xx_HAL_Driver/stm32f4xx_hal_gpio.o
                                      0xd1c5a (size before relaxing)
 .debug_str     0x00000000000da94a      0x836 ./Drivers/STM32F4xx_HAL_Driver/stm32f4xx_hal_pcd.o
                                      0xd258e (size before relaxing)
 .debug_str     0x00000000000db180      0x258 ./Drivers/STM32F4xx_HAL_Driver/stm32f4xx_hal_rcc.o
                                      0xd1f13 (size before relaxing)
 .debug_str     0x00000000000db3d8      0x671 ./Drivers/STM32F4xx_HAL_Driver/stm32f4xx_hal_uart.o
                                      0xd249f (size before relaxing)
 .debug_str     0x00000000000dba49      0x478 ./Drivers/STM32F4xx_HAL_Driver/stm32f4xx_ll_usb.o
                                      0xd23f6 (size before relaxing)

.debug_ranges   0x0000000000000000      0xb88
 .debug_ranges  0x0000000000000000       0xa8 ./Core/Src/main.o
 .debug_ranges  0x00000000000000a8       0x40 ./Core/Src/stm32f4xx_hal_msp.o
 .debug_ranges  0x00000000000000e8       0x50 ./Core/Src/stm32f4xx_it.o
 .debug_ranges  0x0000000000000138       0x98 ./Core/Src/syscalls.o
 .debug_ranges  0x00000000000001d0       0x10 ./Core/Src/sysmem.o
 .debug_ranges  0x00000000000001e0       0x18 ./Core/Src/system_stm32f4xx.o
 .debug_ranges  0x00000000000001f8       0x20 ./Core/Startup/startup_stm32f429zitx.o
 .debug_ranges  0x0000000000000218       0xf0 ./Drivers/STM32F4xx_HAL_Driver/stm32f4xx_hal.o
 .debug_ranges  0x0000000000000308      0x108 ./Drivers/STM32F4xx_HAL_Driver/stm32f4xx_hal_cortex.o
 .debug_ranges  0x0000000000000410      0x1d0 ./Drivers/STM32F4xx_HAL_Driver/stm32f4xx_hal_eth.o
 .debug_ranges  0x00000000000005e0       0x48 ./Drivers/STM32F4xx_HAL_Driver/stm32f4xx_hal_gpio.o
 .debug_ranges  0x0000000000000628      0x138 ./Drivers/STM32F4xx_HAL_Driver/stm32f4xx_hal_pcd.o
 .debug_ranges  0x0000000000000760       0x78 ./Drivers/STM32F4xx_HAL_Driver/stm32f4xx_hal_rcc.o
 .debug_ranges  0x00000000000007d8      0x220 ./Drivers/STM32F4xx_HAL_Driver/stm32f4xx_hal_uart.o
 .debug_ranges  0x00000000000009f8      0x190 ./Drivers/STM32F4xx_HAL_Driver/stm32f4xx_ll_usb.o

.debug_macro    0x0000000000000000    0x24ca0
 .debug_macro   0x0000000000000000      0x312 ./Core/Src/main.o
 .debug_macro   0x0000000000000312      0xa78 ./Core/Src/main.o
 .debug_macro   0x0000000000000d8a      0x2a1 ./Core/Src/main.o
 .debug_macro   0x000000000000102b       0x2e ./Core/Src/main.o
 .debug_macro   0x0000000000001059       0x28 ./Core/Src/main.o
 .debug_macro   0x0000000000001081       0x22 ./Core/Src/main.o
 .debug_macro   0x00000000000010a3       0x8e ./Core/Src/main.o
 .debug_macro   0x0000000000001131       0x51 ./Core/Src/main.o
 .debug_macro   0x0000000000001182      0x103 ./Core/Src/main.o
 .debug_macro   0x0000000000001285       0x6a ./Core/Src/main.o
 .debug_macro   0x00000000000012ef      0x1df ./Core/Src/main.o
 .debug_macro   0x00000000000014ce       0x1c ./Core/Src/main.o
 .debug_macro   0x00000000000014ea       0x22 ./Core/Src/main.o
 .debug_macro   0x000000000000150c       0xd9 ./Core/Src/main.o
 .debug_macro   0x00000000000015e5     0x102d ./Core/Src/main.o
 .debug_macro   0x0000000000002612      0x11f ./Core/Src/main.o
 .debug_macro   0x0000000000002731    0x17fc0 ./Core/Src/main.o
 .debug_macro   0x000000000001a6f1       0x6d ./Core/Src/main.o
 .debug_macro   0x000000000001a75e     0x36f5 ./Core/Src/main.o
 .debug_macro   0x000000000001de53      0x174 ./Core/Src/main.o
 .debug_macro   0x000000000001dfc7       0x5c ./Core/Src/main.o
 .debug_macro   0x000000000001e023      0xca5 ./Core/Src/main.o
 .debug_macro   0x000000000001ecc8      0x9fe ./Core/Src/main.o
 .debug_macro   0x000000000001f6c6      0x115 ./Core/Src/main.o
 .debug_macro   0x000000000001f7db      0x156 ./Core/Src/main.o
 .debug_macro   0x000000000001f931       0xa5 ./Core/Src/main.o
 .debug_macro   0x000000000001f9d6      0x182 ./Core/Src/main.o
 .debug_macro   0x000000000001fb58      0x287 ./Core/Src/main.o
 .debug_macro   0x000000000001fddf       0x5f ./Core/Src/main.o
 .debug_macro   0x000000000001fe3e      0x236 ./Core/Src/main.o
 .debug_macro   0x0000000000020074      0xd44 ./Core/Src/main.o
 .debug_macro   0x0000000000020db8      0x132 ./Core/Src/main.o
 .debug_macro   0x0000000000020eea      0x41d ./Core/Src/main.o
 .debug_macro   0x0000000000021307       0x2e ./Core/Src/main.o
 .debug_macro   0x0000000000021335      0x11a ./Core/Src/main.o
 .debug_macro   0x000000000002144f       0xe2 ./Core/Src/main.o
 .debug_macro   0x0000000000021531       0x89 ./Core/Src/main.o
 .debug_macro   0x00000000000215ba      0x295 ./Core/Src/main.o
 .debug_macro   0x000000000002184f      0x248 ./Core/Src/main.o
 .debug_macro   0x0000000000021a97       0xba ./Core/Src/main.o
 .debug_macro   0x0000000000021b51      0x134 ./Core/Src/main.o
 .debug_macro   0x0000000000021c85      0x130 ./Core/Src/main.o
 .debug_macro   0x0000000000021db5       0x52 ./Core/Src/main.o
 .debug_macro   0x0000000000021e07       0x1e ./Core/Src/main.o
 .debug_macro   0x0000000000021e25       0x3c ./Core/Src/main.o
 .debug_macro   0x0000000000021e61       0x34 ./Core/Src/main.o
 .debug_macro   0x0000000000021e95       0x16 ./Core/Src/main.o
 .debug_macro   0x0000000000021eab       0x43 ./Core/Src/main.o
 .debug_macro   0x0000000000021eee       0x34 ./Core/Src/main.o
 .debug_macro   0x0000000000021f22       0x10 ./Core/Src/main.o
 .debug_macro   0x0000000000021f32       0x58 ./Core/Src/main.o