../Core/Src/main.c:92:5:main	64	static,ignoring_inline_asm
../Core/Src/main.c:195:6:SystemClock_Config	88	static
../Core/Src/main.c:241:13:MX_ETH_Init	8	static
../Core/Src/main.c:290:13:MX_USART3_UART_Init	8	static
../Core/Src/main.c:323:13:MX_USB_OTG_FS_PCD_Init	8	static
../Core/Src/main.c:358:13:MX_GPIO_Init	56	static
../Core/Src/main.c:413:6:vTask1	24	static
../Core/Src/main.c:442:6:vTask2	24	static
../Core/Src/main.c:473:6:StartDefaultTask	16	static
../Core/Src/main.c:492:6:HAL_TIM_PeriodElapsedCallback	16	static
../Core/Src/main.c:509:6:Error_Handler	4	static,ignoring_inline_asm
