../Drivers/API/Src/mpu9265_SPI.c:44:13:MPURead	16	static
../Drivers/API/Src/mpu9265_SPI.c:54:13:MPUWrite	16	static
../Drivers/API/Src/mpu9265_SPI.c:64:17:convertData	24	static
../Drivers/API/Src/mpu9265_SPI.c:74:13:MPUAccelCalibration	16	static
../Drivers/API/Src/mpu9265_SPI.c:83:13:MPUGyroCalibration	16	static
../Drivers/API/Src/mpu9265_SPI.c:95:6:MPUReadAccel	24	static
../Drivers/API/Src/mpu9265_SPI.c:106:10:MPUReadAccelXAxis	16	static
../Drivers/API/Src/mpu9265_SPI.c:118:10:MPUReadAccelYAxis	16	static
../Drivers/API/Src/mpu9265_SPI.c:130:10:MPUReadAccelZAxis	16	static
../Drivers/API/Src/mpu9265_SPI.c:142:6:MPUSetAccel2G	8	static
../Drivers/API/Src/mpu9265_SPI.c:150:6:MPUSetAccel4G	8	static
../Drivers/API/Src/mpu9265_SPI.c:158:6:MPUSetAccel8G	8	static
../Drivers/API/Src/mpu9265_SPI.c:166:6:MPUSetAccel16G	8	static
../Drivers/API/Src/mpu9265_SPI.c:174:9:MPUGetAccelResolution	16	static
../Drivers/API/Src/mpu9265_SPI.c:185:10:MPUReadTemperature	16	static
../Drivers/API/Src/mpu9265_SPI.c:200:6:MPUReadGyro	24	static
../Drivers/API/Src/mpu9265_SPI.c:211:10:MPUReadGyroXAxis	16	static
../Drivers/API/Src/mpu9265_SPI.c:223:10:MPUReadGyroYAxis	16	static
../Drivers/API/Src/mpu9265_SPI.c:235:10:MPUReadGyroZAxis	16	static
../Drivers/API/Src/mpu9265_SPI.c:247:6:MPUSetGyro250	8	static
../Drivers/API/Src/mpu9265_SPI.c:255:6:MPUSetGyro500	8	static
../Drivers/API/Src/mpu9265_SPI.c:263:6:MPUSetGyro1000	8	static
../Drivers/API/Src/mpu9265_SPI.c:271:6:MPUSetGyro2000	8	static
../Drivers/API/Src/mpu9265_SPI.c:279:9:MPUGetGyroResolution	16	static
