20:11:08 **** Incremental Build of configuration Debug for project TPFinalPCSE ****
make -j8 all 
arm-none-eabi-gcc "../Core/Src/main.c" -mcpu=cortex-m4 -std=gnu11 -g3 -DDEBUG -DUSE_HAL_DRIVER -DSTM32F429xx -c -I../Core/Inc -I../Drivers/STM32F4xx_HAL_Driver/Inc -I../Drivers/STM32F4xx_HAL_Driver/Inc/Legacy -I../Drivers/CMSIS/Device/ST/STM32F4xx/Include -I../Drivers/CMSIS/Include -O0 -ffunction-sections -fdata-sections -Wall -fstack-usage -fcyclomatic-complexity -MMD -MP -MF"Core/Src/main.d" -MT"Core/Src/main.o" --specs=nano.specs -mfpu=fpv4-sp-d16 -mfloat-abi=hard -mthumb -o "Core/Src/main.o"
arm-none-eabi-gcc -o "TPFinalPCSE.elf" @"objects.list"   -mcpu=cortex-m4 -T"D:\UBA\CESE\ProgMicro\PdM_workspace-main\TPFinalPCSE\STM32F429ZITX_FLASH.ld" --specs=nosys.specs -Wl,-Map="TPFinalPCSE.map" -Wl,--gc-sections -static --specs=nano.specs -mfpu=fpv4-sp-d16 -mfloat-abi=hard -mthumb -Wl,--start-group -lc -lm -Wl,--end-group
Finished building target: TPFinalPCSE.elf
 
arm-none-eabi-size   TPFinalPCSE.elf 
arm-none-eabi-objdump -h -S  TPFinalPCSE.elf  > "TPFinalPCSE.list"
   text	   data	    bss	    dec	    hex	filename
  14360	     20	   1932	  16312	   3fb8	TPFinalPCSE.elf
Finished building: default.size.stdout
 
Finished building: TPFinalPCSE.list
 

20:11:09 Build Finished. 0 errors, 0 warnings. (took 1s.221ms)

