../Core/Src/main.c:81:13:PrivilegiosSVC	40	static,ignoring_inline_asm
../Core/Src/main.c:141:5:main	16	static
../Core/Src/main.c:189:6:SystemClock_Config	88	static
../Core/Src/main.c:235:13:MX_ETH_Init	8	static
../Core/Src/main.c:284:13:MX_USART3_UART_Init	8	static
../Core/Src/main.c:317:13:MX_USB_OTG_FS_PCD_Init	8	static
../Core/Src/main.c:352:13:MX_GPIO_Init	56	static
../Core/Src/main.c:406:6:zeros	24	static
../Core/Src/main.c:413:6:productoEscalar32	32	static
../Core/Src/main.c:420:6:productoEscalar16	32	static
../Core/Src/main.c:427:6:productoEscalar12	40	static
../Core/Src/main.c:446:6:Error_Handler	4	static,ignoring_inline_asm
