../Core/Src/main.c:91:13:PrivilegiosSVC	40	static,ignoring_inline_asm
../Core/Src/main.c:151:5:main	104	dynamic
../Core/Src/main.c:215:6:SystemClock_Config	88	static
../Core/Src/main.c:261:13:MX_ETH_Init	8	static
../Core/Src/main.c:310:13:MX_USART3_UART_Init	8	static
../Core/Src/main.c:343:13:MX_USB_OTG_FS_PCD_Init	8	static
../Core/Src/main.c:378:13:MX_GPIO_Init	56	static
../Core/Src/main.c:435:6:zeros	24	static
../Core/Src/main.c:445:6:productoEscalar32	32	static
../Core/Src/main.c:452:6:productoEscalar16	32	static
../Core/Src/main.c:459:6:productoEscalar12	40	static
../Core/Src/main.c:474:6:filtroVentana10	40	static
../Core/Src/main.c:491:6:pack32to16	32	static
../Core/Src/main.c:498:10:max	32	static
../Core/Src/main.c:513:6:productoEscalar12Intr	40	static,ignoring_inline_asm
../Core/Src/main.c:535:6:Error_Handler	4	static,ignoring_inline_asm
