07:17:56 **** Incremental Build of configuration Debug for project Practica1 ****
make -j8 all 
arm-none-eabi-gcc "../Src/main.c" -mcpu=cortex-m4 -std=gnu11 -g3 -DDEBUG -DSTM32 -DSTM32F429ZITx -DSTM32F4 -DNUCLEO_F429ZI -DUSE_HAL_DRIVER -DSTM32F429xx -c -I../Inc -I"/home/denis/Documentos/CESE/ProgMicro/PdM_workspace-main/Practica1/Drivers/STM32F4xx_HAL_Driver/Inc" -I"/home/denis/Documentos/CESE/ProgMicro/PdM_workspace-main/Practica1/Drivers/CMSIS/Include" -I"/home/denis/Documentos/CESE/ProgMicro/PdM_workspace-main/Practica1/Drivers/CMSIS/Device/ST/STM32F4xx/Include" -I"/home/denis/Documentos/CESE/ProgMicro/PdM_workspace-main/Practica1/Drivers/BSP/STM32F4xx_Nucleo_144" -I"/home/denis/Documentos/CESE/ProgMicro/PdM_workspace-main/Practica1/Drivers/Core/Inc" -O0 -ffunction-sections -fdata-sections -Wall -fstack-usage -MMD -MP -MF"Src/main.d" -MT"Src/main.o" --specs=nano.specs -mfpu=fpv4-sp-d16 -mfloat-abi=hard -mthumb -o "Src/main.o"
arm-none-eabi-gcc -o "Practica1.elf" @"objects.list"   -mcpu=cortex-m4 -T"/home/denis/Documentos/CESE/ProgMicro/PdM_workspace-main/Practica1/STM32F429ZITX_FLASH.ld" --specs=nosys.specs -Wl,-Map="Practica1.map" -Wl,--gc-sections -static --specs=nano.specs -mfpu=fpv4-sp-d16 -mfloat-abi=hard -mthumb -Wl,--start-group -lc -lm -Wl,--end-group
Finished building target: Practica1.elf
 
arm-none-eabi-size   Practica1.elf 
arm-none-eabi-objdump -h -S  Practica1.elf  > "Practica1.list"
   text	   data	    bss	    dec	    hex	filename
   6804	     36	   1572	   8412	   20dc	Practica1.elf
Finished building: default.size.stdout
 
Finished building: Practica1.list
 
07:18:07 **** Incremental Build of configuration Debug for project Practica1 ****
make -j8 all 
arm-none-eabi-size   Practica1.elf 
   text	   data	    bss	    dec	    hex	filename
   6804	     36	   1572	   8412	   20dc	Practica1.elf
Finished building: default.size.stdout
 
07:22:18 **** Incremental Build of configuration Debug for project Ej1_pushButton ****
make -j8 all 
arm-none-eabi-size   Ej1_pushButton.elf 
   text	   data	    bss	    dec	    hex	filename
   6640	     36	   1572	   8248	   2038	Ej1_pushButton.elf
Finished building: default.size.stdout
 
07:22:20 **** Incremental Build of configuration Debug for project Practica1 ****
make -j8 all 
arm-none-eabi-gcc "../Src/main.c" -mcpu=cortex-m4 -std=gnu11 -g3 -DDEBUG -DSTM32 -DSTM32F429ZITx -DSTM32F4 -DNUCLEO_F429ZI -DUSE_HAL_DRIVER -DSTM32F429xx -c -I../Inc -I"/home/denis/Documentos/CESE/ProgMicro/PdM_workspace-main/Practica1/Drivers/STM32F4xx_HAL_Driver/Inc" -I"/home/denis/Documentos/CESE/ProgMicro/PdM_workspace-main/Practica1/Drivers/CMSIS/Include" -I"/home/denis/Documentos/CESE/ProgMicro/PdM_workspace-main/Practica1/Drivers/CMSIS/Device/ST/STM32F4xx/Include" -I"/home/denis/Documentos/CESE/ProgMicro/PdM_workspace-main/Practica1/Drivers/BSP/STM32F4xx_Nucleo_144" -I"/home/denis/Documentos/CESE/ProgMicro/PdM_workspace-main/Practica1/Drivers/Core/Inc" -O0 -ffunction-sections -fdata-sections -Wall -fstack-usage -MMD -MP -MF"Src/main.d" -MT"Src/main.o" --specs=nano.specs -mfpu=fpv4-sp-d16 -mfloat-abi=hard -mthumb -o "Src/main.o"
arm-none-eabi-gcc -o "Practica1.elf" @"objects.list"   -mcpu=cortex-m4 -T"/home/denis/Documentos/CESE/ProgMicro/PdM_workspace-main/Practica1/STM32F429ZITX_FLASH.ld" --specs=nosys.specs -Wl,-Map="Practica1.map" -Wl,--gc-sections -static --specs=nano.specs -mfpu=fpv4-sp-d16 -mfloat-abi=hard -mthumb -Wl,--start-group -lc -lm -Wl,--end-group
Finished building target: Practica1.elf
 
arm-none-eabi-size   Practica1.elf 
arm-none-eabi-objdump -h -S  Practica1.elf  > "Practica1.list"
   text	   data	    bss	    dec	    hex	filename
   6800	     36	   1572	   8408	   20d8	Practica1.elf
Finished building: default.size.stdout
 
Finished building: Practica1.list
 
07:22:33 **** Incremental Build of configuration Debug for project Ej1_pushButton ****
make -j8 all 
arm-none-eabi-size   Ej1_pushButton.elf 
   text	   data	    bss	    dec	    hex	filename
   6640	     36	   1572	   8248	   2038	Ej1_pushButton.elf
Finished building: default.size.stdout
 
07:22:34 **** Incremental Build of configuration Debug for project Practica1 ****
make -j8 all 
arm-none-eabi-size   Practica1.elf 
   text	   data	    bss	    dec	    hex	filename
   6800	     36	   1572	   8408	   20d8	Practica1.elf
Finished building: default.size.stdout
 
07:22:42 **** Incremental Build of configuration Debug for project Practica1 ****
make -j8 all 
arm-none-eabi-size   Practica1.elf 
   text	   data	    bss	    dec	    hex	filename
   6800	     36	   1572	   8408	   20d8	Practica1.elf
Finished building: default.size.stdout
 
07:26:42 **** Incremental Build of configuration Debug for project Ej1_pushButton ****
make -j8 all 
arm-none-eabi-size   Ej1_pushButton.elf 
   text	   data	    bss	    dec	    hex	filename
   6640	     36	   1572	   8248	   2038	Ej1_pushButton.elf
Finished building: default.size.stdout
 
07:26:44 **** Incremental Build of configuration Debug for project Practica1 ****
make -j8 all 
arm-none-eabi-gcc "../Src/main.c" -mcpu=cortex-m4 -std=gnu11 -g3 -DDEBUG -DSTM32 -DSTM32F429ZITx -DSTM32F4 -DNUCLEO_F429ZI -DUSE_HAL_DRIVER -DSTM32F429xx -c -I../Inc -I"/home/denis/Documentos/CESE/ProgMicro/PdM_workspace-main/Practica1/Drivers/STM32F4xx_HAL_Driver/Inc" -I"/home/denis/Documentos/CESE/ProgMicro/PdM_workspace-main/Practica1/Drivers/CMSIS/Include" -I"/home/denis/Documentos/CESE/ProgMicro/PdM_workspace-main/Practica1/Drivers/CMSIS/Device/ST/STM32F4xx/Include" -I"/home/denis/Documentos/CESE/ProgMicro/PdM_workspace-main/Practica1/Drivers/BSP/STM32F4xx_Nucleo_144" -I"/home/denis/Documentos/CESE/ProgMicro/PdM_workspace-main/Practica1/Drivers/Core/Inc" -O0 -ffunction-sections -fdata-sections -Wall -fstack-usage -MMD -MP -MF"Src/main.d" -MT"Src/main.o" --specs=nano.specs -mfpu=fpv4-sp-d16 -mfloat-abi=hard -mthumb -o "Src/main.o"
../Src/main.c: In function 'main':
../Src/main.c:96:44: error: lvalue required as left operand of assignment
   96 |     sequence == 0? sequence = 1 : sequence = 0;
      |                                            ^
make: *** [Src/subdir.mk:19: Src/main.o] Error 1
"make -j8 all" terminated with exit code 2. Build might be incomplete.
07:27:34 **** Incremental Build of configuration Debug for project Ej1_pushButton ****
make -j8 all 
arm-none-eabi-size   Ej1_pushButton.elf 
   text	   data	    bss	    dec	    hex	filename
   6640	     36	   1572	   8248	   2038	Ej1_pushButton.elf
Finished building: default.size.stdout
 
07:27:36 **** Incremental Build of configuration Debug for project Practica1 ****
make -j8 all 
arm-none-eabi-gcc "../Src/main.c" -mcpu=cortex-m4 -std=gnu11 -g3 -DDEBUG -DSTM32 -DSTM32F429ZITx -DSTM32F4 -DNUCLEO_F429ZI -DUSE_HAL_DRIVER -DSTM32F429xx -c -I../Inc -I"/home/denis/Documentos/CESE/ProgMicro/PdM_workspace-main/Practica1/Drivers/STM32F4xx_HAL_Driver/Inc" -I"/home/denis/Documentos/CESE/ProgMicro/PdM_workspace-main/Practica1/Drivers/CMSIS/Include" -I"/home/denis/Documentos/CESE/ProgMicro/PdM_workspace-main/Practica1/Drivers/CMSIS/Device/ST/STM32F4xx/Include" -I"/home/denis/Documentos/CESE/ProgMicro/PdM_workspace-main/Practica1/Drivers/BSP/STM32F4xx_Nucleo_144" -I"/home/denis/Documentos/CESE/ProgMicro/PdM_workspace-main/Practica1/Drivers/Core/Inc" -O0 -ffunction-sections -fdata-sections -Wall -fstack-usage -MMD -MP -MF"Src/main.d" -MT"Src/main.o" --specs=nano.specs -mfpu=fpv4-sp-d16 -mfloat-abi=hard -mthumb -o "Src/main.o"
arm-none-eabi-gcc -o "Practica1.elf" @"objects.list"   -mcpu=cortex-m4 -T"/home/denis/Documentos/CESE/ProgMicro/PdM_workspace-main/Practica1/STM32F429ZITX_FLASH.ld" --specs=nosys.specs -Wl,-Map="Practica1.map" -Wl,--gc-sections -static --specs=nano.specs -mfpu=fpv4-sp-d16 -mfloat-abi=hard -mthumb -Wl,--start-group -lc -lm -Wl,--end-group
Finished building target: Practica1.elf
 
arm-none-eabi-size   Practica1.elf 
arm-none-eabi-objdump -h -S  Practica1.elf  > "Practica1.list"
   text	   data	    bss	    dec	    hex	filename
   6812	     36	   1572	   8420	   20e4	Practica1.elf
Finished building: default.size.stdout
 
Finished building: Practica1.list
 
07:27:46 **** Incremental Build of configuration Debug for project Practica1 ****
make -j8 all 
arm-none-eabi-size   Practica1.elf 
   text	   data	    bss	    dec	    hex	filename
   6812	     36	   1572	   8420	   20e4	Practica1.elf
Finished building: default.size.stdout
 
07:36:51 **** Build of configuration Debug for project Practica1 ****
make -j8 all 
arm-none-eabi-gcc "../Src/main.c" -mcpu=cortex-m4 -std=gnu11 -g3 -DDEBUG -DSTM32 -DSTM32F429ZITx -DSTM32F4 -DNUCLEO_F429ZI -DUSE_HAL_DRIVER -DSTM32F429xx -c -I../Inc -I"/home/denis/Documentos/CESE/ProgMicro/PdM_workspace-main/Practica1/Drivers/STM32F4xx_HAL_Driver/Inc" -I"/home/denis/Documentos/CESE/ProgMicro/PdM_workspace-main/Practica1/Drivers/CMSIS/Include" -I"/home/denis/Documentos/CESE/ProgMicro/PdM_workspace-main/Practica1/Drivers/CMSIS/Device/ST/STM32F4xx/Include" -I"/home/denis/Documentos/CESE/ProgMicro/PdM_workspace-main/Practica1/Drivers/BSP/STM32F4xx_Nucleo_144" -I"/home/denis/Documentos/CESE/ProgMicro/PdM_workspace-main/Practica1/Drivers/Core/Inc" -O0 -ffunction-sections -fdata-sections -Wall -fstack-usage -MMD -MP -MF"Src/main.d" -MT"Src/main.o" --specs=nano.specs -mfpu=fpv4-sp-d16 -mfloat-abi=hard -mthumb -o "Src/main.o"
arm-none-eabi-gcc -o "Practica1.elf" @"objects.list"   -mcpu=cortex-m4 -T"/home/denis/Documentos/CESE/ProgMicro/PdM_workspace-main/Practica1/STM32F429ZITX_FLASH.ld" --specs=nosys.specs -Wl,-Map="Practica1.map" -Wl,--gc-sections -static --specs=nano.specs -mfpu=fpv4-sp-d16 -mfloat-abi=hard -mthumb -Wl,--start-group -lc -lm -Wl,--end-group
Finished building target: Practica1.elf
 
arm-none-eabi-size   Practica1.elf 
arm-none-eabi-objdump -h -S  Practica1.elf  > "Practica1.list"
   text	   data	    bss	    dec	    hex	filename
   6812	     36	   1572	   8420	   20e4	Practica1.elf
Finished building: default.size.stdout
 
Finished building: Practica1.list
 
07:36:55 **** Build of configuration Debug for project Practica2 ****
make -j8 all 
arm-none-eabi-gcc -mcpu=cortex-m4 -g3 -DDEBUG -c -I"/home/denis/Documentos/CESE/ProgMicro/PdM_workspace-main/Practica2/Drivers/STM32F4xx_HAL_Driver/Inc" -I"/home/denis/Documentos/CESE/ProgMicro/PdM_workspace-main/Practica2/Drivers/CMSIS/Include" -I"/home/denis/Documentos/CESE/ProgMicro/PdM_workspace-main/Practica2/Drivers/CMSIS/Device/ST/STM32F4xx/Include" -I"/home/denis/Documentos/CESE/ProgMicro/PdM_workspace-main/Practica2/Drivers/BSP/STM32F4xx_Nucleo_144" -I"/home/denis/Documentos/CESE/ProgMicro/PdM_workspace-main/Practica2/Inc" -I"/home/denis/Documentos/CESE/ProgMicro/PdM_workspace-main/Practica2/Drivers/Core/Inc" -x assembler-with-cpp -MMD -MP -MF"Startup/startup_stm32f429xx.d" -MT"Startup/startup_stm32f429xx.o" --specs=nano.specs -mfpu=fpv4-sp-d16 -mfloat-abi=hard -mthumb -o "Startup/startup_stm32f429xx.o" "../Startup/startup_stm32f429xx.s"
arm-none-eabi-gcc "../Src/main.c" -mcpu=cortex-m4 -std=gnu11 -g3 -DDEBUG -DSTM32 -DSTM32F429ZITx -DSTM32F4 -DNUCLEO_F429ZI -DUSE_HAL_DRIVER -DSTM32F429xx -c -I../Inc -I"/home/denis/Documentos/CESE/ProgMicro/PdM_workspace-main/Practica2/Drivers/STM32F4xx_HAL_Driver/Inc" -I"/home/denis/Documentos/CESE/ProgMicro/PdM_workspace-main/Practica2/Drivers/CMSIS/Include" -I"/home/denis/Documentos/CESE/ProgMicro/PdM_workspace-main/Practica2/Drivers/CMSIS/Device/ST/STM32F4xx/Include" -I"/home/denis/Documentos/CESE/ProgMicro/PdM_workspace-main/Practica2/Drivers/BSP/STM32F4xx_Nucleo_144" -I"/home/denis/Documentos/CESE/ProgMicro/PdM_workspace-main/Practica2/Drivers/Core/Inc" -O0 -ffunction-sections -fdata-sections -Wall -fstack-usage -MMD -MP -MF"Src/main.d" -MT"Src/main.o" --specs=nano.specs -mfpu=fpv4-sp-d16 -mfloat-abi=hard -mthumb -o "Src/main.o"
arm-none-eabi-gcc "../Drivers/STM32F4xx_HAL_Driver/Src/Legacy/stm32f4xx_hal_can.c" -mcpu=cortex-m4 -std=gnu11 -g3 -DDEBUG -DSTM32 -DSTM32F429ZITx -DSTM32F4 -DNUCLEO_F429ZI -DUSE_HAL_DRIVER -DSTM32F429xx -c -I../Inc -I"/home/denis/Documentos/CESE/ProgMicro/PdM_workspace-main/Practica2/Drivers/STM32F4xx_HAL_Driver/Inc" -I"/home/denis/Documentos/CESE/ProgMicro/PdM_workspace-main/Practica2/Drivers/CMSIS/Include" -I"/home/denis/Documentos/CESE/ProgMicro/PdM_workspace-main/Practica2/Drivers/CMSIS/Device/ST/STM32F4xx/Include" -I"/home/denis/Documentos/CESE/ProgMicro/PdM_workspace-main/Practica2/Drivers/BSP/STM32F4xx_Nucleo_144" -I"/home/denis/Documentos/CESE/ProgMicro/PdM_workspace-main/Practica2/Drivers/Core/Inc" -O0 -ffunction-sections -fdata-sections -Wall -fstack-usage -MMD -MP -MF"Drivers/STM32F4xx_HAL_Driver/Src/Legacy/stm32f4xx_hal_can.d" -MT"Drivers/STM32F4xx_HAL_Driver/Src/Legacy/stm32f4xx_hal_can.o" --specs=nano.specs -mfpu=fpv4-sp-d16 -mfloat-abi=hard -mthumb -o "Drivers/STM32F4xx_HAL_Driver/Src/Legacy/stm32f4xx_hal_can.o"
arm-none-eabi-gcc "../Drivers/STM32F4xx_HAL_Driver/Src/stm32f4xx_hal.c" -mcpu=cortex-m4 -std=gnu11 -g3 -DDEBUG -DSTM32 -DSTM32F429ZITx -DSTM32F4 -DNUCLEO_F429ZI -DUSE_HAL_DRIVER -DSTM32F429xx -c -I../Inc -I"/home/denis/Documentos/CESE/ProgMicro/PdM_workspace-main/Practica2/Drivers/STM32F4xx_HAL_Driver/Inc" -I"/home/denis/Documentos/CESE/ProgMicro/PdM_workspace-main/Practica2/Drivers/CMSIS/Include" -I"/home/denis/Documentos/CESE/ProgMicro/PdM_workspace-main/Practica2/Drivers/CMSIS/Device/ST/STM32F4xx/Include" -I"/home/denis/Documentos/CESE/ProgMicro/PdM_workspace-main/Practica2/Drivers/BSP/STM32F4xx_Nucleo_144" -I"/home/denis/Documentos/CESE/ProgMicro/PdM_workspace-main/Practica2/Drivers/Core/Inc" -O0 -ffunction-sections -fdata-sections -Wall -fstack-usage -MMD -MP -MF"Drivers/STM32F4xx_HAL_Driver/Src/stm32f4xx_hal.d" -MT"Drivers/STM32F4xx_HAL_Driver/Src/stm32f4xx_hal.o" --specs=nano.specs -mfpu=fpv4-sp-d16 -mfloat-abi=hard -mthumb -o "Drivers/STM32F4xx_HAL_Driver/Src/stm32f4xx_hal.o"
arm-none-eabi-gcc "../Drivers/STM32F4xx_HAL_Driver/Src/stm32f4xx_hal_adc.c" -mcpu=cortex-m4 -std=gnu11 -g3 -DDEBUG -DSTM32 -DSTM32F429ZITx -DSTM32F4 -DNUCLEO_F429ZI -DUSE_HAL_DRIVER -DSTM32F429xx -c -I../Inc -I"/home/denis/Documentos/CESE/ProgMicro/PdM_workspace-main/Practica2/Drivers/STM32F4xx_HAL_Driver/Inc" -I"/home/denis/Documentos/CESE/ProgMicro/PdM_workspace-main/Practica2/Drivers/CMSIS/Include" -I"/home/denis/Documentos/CESE/ProgMicro/PdM_workspace-main/Practica2/Drivers/CMSIS/Device/ST/STM32F4xx/Include" -I"/home/denis/Documentos/CESE/ProgMicro/PdM_workspace-main/Practica2/Drivers/BSP/STM32F4xx_Nucleo_144" -I"/home/denis/Documentos/CESE/ProgMicro/PdM_workspace-main/Practica2/Drivers/Core/Inc" -O0 -ffunction-sections -fdata-sections -Wall -fstack-usage -MMD -MP -MF"Drivers/STM32F4xx_HAL_Driver/Src/stm32f4xx_hal_adc.d" -MT"Drivers/STM32F4xx_HAL_Driver/Src/stm32f4xx_hal_adc.o" --specs=nano.specs -mfpu=fpv4-sp-d16 -mfloat-abi=hard -mthumb -o "Drivers/STM32F4xx_HAL_Driver/Src/stm32f4xx_hal_adc.o"
arm-none-eabi-gcc "../Drivers/STM32F4xx_HAL_Driver/Src/stm32f4xx_hal_adc_ex.c" -mcpu=cortex-m4 -std=gnu11 -g3 -DDEBUG -DSTM32 -DSTM32F429ZITx -DSTM32F4 -DNUCLEO_F429ZI -DUSE_HAL_DRIVER -DSTM32F429xx -c -I../Inc -I"/home/denis/Documentos/CESE/ProgMicro/PdM_workspace-main/Practica2/Drivers/STM32F4xx_HAL_Driver/Inc" -I"/home/denis/Documentos/CESE/ProgMicro/PdM_workspace-main/Practica2/Drivers/CMSIS/Include" -I"/home/denis/Documentos/CESE/ProgMicro/PdM_workspace-main/Practica2/Drivers/CMSIS/Device/ST/STM32F4xx/Include" -I"/home/denis/Documentos/CESE/ProgMicro/PdM_workspace-main/Practica2/Drivers/BSP/STM32F4xx_Nucleo_144" -I"/home/denis/Documentos/CESE/ProgMicro/PdM_workspace-main/Practica2/Drivers/Core/Inc" -O0 -ffunction-sections -fdata-sections -Wall -fstack-usage -MMD -MP -MF"Drivers/STM32F4xx_HAL_Driver/Src/stm32f4xx_hal_adc_ex.d" -MT"Drivers/STM32F4xx_HAL_Driver/Src/stm32f4xx_hal_adc_ex.o" --specs=nano.specs -mfpu=fpv4-sp-d16 -mfloat-abi=hard -mthumb -o "Drivers/STM32F4xx_HAL_Driver/Src/stm32f4xx_hal_adc_ex.o"
arm-none-eabi-gcc "../Drivers/STM32F4xx_HAL_Driver/Src/stm32f4xx_hal_can.c" -mcpu=cortex-m4 -std=gnu11 -g3 -DDEBUG -DSTM32 -DSTM32F429ZITx -DSTM32F4 -DNUCLEO_F429ZI -DUSE_HAL_DRIVER -DSTM32F429xx -c -I../Inc -I"/home/denis/Documentos/CESE/ProgMicro/PdM_workspace-main/Practica2/Drivers/STM32F4xx_HAL_Driver/Inc" -I"/home/denis/Documentos/CESE/ProgMicro/PdM_workspace-main/Practica2/Drivers/CMSIS/Include" -I"/home/denis/Documentos/CESE/ProgMicro/PdM_workspace-main/Practica2/Drivers/CMSIS/Device/ST/STM32F4xx/Include" -I"/home/denis/Documentos/CESE/ProgMicro/PdM_workspace-main/Practica2/Drivers/BSP/STM32F4xx_Nucleo_144" -I"/home/denis/Documentos/CESE/ProgMicro/PdM_workspace-main/Practica2/Drivers/Core/Inc" -O0 -ffunction-sections -fdata-sections -Wall -fstack-usage -MMD -MP -MF"Drivers/STM32F4xx_HAL_Driver/Src/stm32f4xx_hal_can.d" -MT"Drivers/STM32F4xx_HAL_Driver/Src/stm32f4xx_hal_can.o" --specs=nano.specs -mfpu=fpv4-sp-d16 -mfloat-abi=hard -mthumb -o "Drivers/STM32F4xx_HAL_Driver/Src/stm32f4xx_hal_can.o"
arm-none-eabi-gcc "../Drivers/STM32F4xx_HAL_Driver/Src/stm32f4xx_hal_cec.c" -mcpu=cortex-m4 -std=gnu11 -g3 -DDEBUG -DSTM32 -DSTM32F429ZITx -DSTM32F4 -DNUCLEO_F429ZI -DUSE_HAL_DRIVER -DSTM32F429xx -c -I../Inc -I"/home/denis/Documentos/CESE/ProgMicro/PdM_workspace-main/Practica2/Drivers/STM32F4xx_HAL_Driver/Inc" -I"/home/denis/Documentos/CESE/ProgMicro/PdM_workspace-main/Practica2/Drivers/CMSIS/Include" -I"/home/denis/Documentos/CESE/ProgMicro/PdM_workspace-main/Practica2/Drivers/CMSIS/Device/ST/STM32F4xx/Include" -I"/home/denis/Documentos/CESE/ProgMicro/PdM_workspace-main/Practica2/Drivers/BSP/STM32F4xx_Nucleo_144" -I"/home/denis/Documentos/CESE/ProgMicro/PdM_workspace-main/Practica2/Drivers/Core/Inc" -O0 -ffunction-sections -fdata-sections -Wall -fstack-usage -MMD -MP -MF"Drivers/STM32F4xx_HAL_Driver/Src/stm32f4xx_hal_cec.d" -MT"Drivers/STM32F4xx_HAL_Driver/Src/stm32f4xx_hal_cec.o" --specs=nano.specs -mfpu=fpv4-sp-d16 -mfloat-abi=hard -mthumb -o "Drivers/STM32F4xx_HAL_Driver/Src/stm32f4xx_hal_cec.o"
arm-none-eabi-gcc "../Drivers/STM32F4xx_HAL_Driver/Src/stm32f4xx_hal_cortex.c" -mcpu=cortex-m4 -std=gnu11 -g3 -DDEBUG -DSTM32 -DSTM32F429ZITx -DSTM32F4 -DNUCLEO_F429ZI -DUSE_HAL_DRIVER -DSTM32F429xx -c -I../Inc -I"/home/denis/Documentos/CESE/ProgMicro/PdM_workspace-main/Practica2/Drivers/STM32F4xx_HAL_Driver/Inc" -I"/home/denis/Documentos/CESE/ProgMicro/PdM_workspace-main/Practica2/Drivers/CMSIS/Include" -I"/home/denis/Documentos/CESE/ProgMicro/PdM_workspace-main/Practica2/Drivers/CMSIS/Device/ST/STM32F4xx/Include" -I"/home/denis/Documentos/CESE/ProgMicro/PdM_workspace-main/Practica2/Drivers/BSP/STM32F4xx_Nucleo_144" -I"/home/denis/Documentos/CESE/ProgMicro/PdM_workspace-main/Practica2/Drivers/Core/Inc" -O0 -ffunction-sections -fdata-sections -Wall -fstack-usage -MMD -MP -MF"Drivers/STM32F4xx_HAL_Driver/Src/stm32f4xx_hal_cortex.d" -MT"Drivers/STM32F4xx_HAL_Driver/Src/stm32f4xx_hal_cortex.o" --specs=nano.specs -mfpu=fpv4-sp-d16 -mfloat-abi=hard -mthumb -o "Drivers/STM32F4xx_HAL_Driver/Src/stm32f4xx_hal_cortex.o"
../Src/main.c: In function 'main':
../Src/main.c:79:19: error: 'ledsArray' undeclared (first use in this function)
   79 |    BSP_LED_Toggle(ledsArray[sequence][led]);
      |                   ^~~~~~~~~
../Src/main.c:79:19: note: each undeclared identifier is reported only once for each function it appears in
../Src/main.c:79:29: error: 'sequence' undeclared (first use in this function)
   79 |    BSP_LED_Toggle(ledsArray[sequence][led]);
      |                             ^~~~~~~~
../Src/main.c:79:39: error: 'led' undeclared (first use in this function)
   79 |    BSP_LED_Toggle(ledsArray[sequence][led]);
      |                                       ^~~
../Src/main.c:84:14: error: 'MAX_LEDS_COUNT' undeclared (first use in this function)
   84 |    if(led >= MAX_LEDS_COUNT){
      |              ^~~~~~~~~~~~~~
make: *** [Src/subdir.mk:19: Src/main.o] Error 1
make: *** Waiting for unfinished jobs....
"make -j8 all" terminated with exit code 2. Build might be incomplete.
07:38:20 **** Incremental Build of configuration Debug for project Practica1 ****
make -j8 all 
arm-none-eabi-size   Practica1.elf 
   text	   data	    bss	    dec	    hex	filename
   6812	     36	   1572	   8420	   20e4	Practica1.elf
Finished building: default.size.stdout
 
07:38:37 **** Incremental Build of configuration Debug for project Practica1 ****
make -j8 all 
arm-none-eabi-size   Practica1.elf 
   text	   data	    bss	    dec	    hex	filename
   6812	     36	   1572	   8420	   20e4	Practica1.elf
Finished building: default.size.stdout
 
07:38:43 **** Incremental Build of configuration Debug for project Practica1 ****
make -j8 all 
arm-none-eabi-size   Practica1.elf 
   text	   data	    bss	    dec	    hex	filename
   6812	     36	   1572	   8420	   20e4	Practica1.elf
Finished building: default.size.stdout
 
07:39:00 **** Incremental Build of configuration Debug for project Practica1 ****
make -j8 all 
arm-none-eabi-size   Practica1.elf 
   text	   data	    bss	    dec	    hex	filename
   6812	     36	   1572	   8420	   20e4	Practica1.elf
Finished building: default.size.stdout
 
07:52:00 **** Incremental Build of configuration Debug for project Practica2 ****
make -j8 all 
arm-none-eabi-gcc "../Src/main.c" -mcpu=cortex-m4 -std=gnu11 -g3 -DDEBUG -DSTM32 -DSTM32F429ZITx -DSTM32F4 -DNUCLEO_F429ZI -DUSE_HAL_DRIVER -DSTM32F429xx -c -I../Inc -I"/home/denis/Documentos/CESE/ProgMicro/PdM_workspace-main/Practica2/Drivers/STM32F4xx_HAL_Driver/Inc" -I"/home/denis/Documentos/CESE/ProgMicro/PdM_workspace-main/Practica2/Drivers/CMSIS/Include" -I"/home/denis/Documentos/CESE/ProgMicro/PdM_workspace-main/Practica2/Drivers/CMSIS/Device/ST/STM32F4xx/Include" -I"/home/denis/Documentos/CESE/ProgMicro/PdM_workspace-main/Practica2/Drivers/BSP/STM32F4xx_Nucleo_144" -I"/home/denis/Documentos/CESE/ProgMicro/PdM_workspace-main/Practica2/Drivers/Core/Inc" -O0 -ffunction-sections -fdata-sections -Wall -fstack-usage -MMD -MP -MF"Src/main.d" -MT"Src/main.o" --specs=nano.specs -mfpu=fpv4-sp-d16 -mfloat-abi=hard -mthumb -o "Src/main.o"
arm-none-eabi-gcc "../Drivers/STM32F4xx_HAL_Driver/Src/stm32f4xx_hal_crc.c" -mcpu=cortex-m4 -std=gnu11 -g3 -DDEBUG -DSTM32 -DSTM32F429ZITx -DSTM32F4 -DNUCLEO_F429ZI -DUSE_HAL_DRIVER -DSTM32F429xx -c -I../Inc -I"/home/denis/Documentos/CESE/ProgMicro/PdM_workspace-main/Practica2/Drivers/STM32F4xx_HAL_Driver/Inc" -I"/home/denis/Documentos/CESE/ProgMicro/PdM_workspace-main/Practica2/Drivers/CMSIS/Include" -I"/home/denis/Documentos/CESE/ProgMicro/PdM_workspace-main/Practica2/Drivers/CMSIS/Device/ST/STM32F4xx/Include" -I"/home/denis/Documentos/CESE/ProgMicro/PdM_workspace-main/Practica2/Drivers/BSP/STM32F4xx_Nucleo_144" -I"/home/denis/Documentos/CESE/ProgMicro/PdM_workspace-main/Practica2/Drivers/Core/Inc" -O0 -ffunction-sections -fdata-sections -Wall -fstack-usage -MMD -MP -MF"Drivers/STM32F4xx_HAL_Driver/Src/stm32f4xx_hal_crc.d" -MT"Drivers/STM32F4xx_HAL_Driver/Src/stm32f4xx_hal_crc.o" --specs=nano.specs -mfpu=fpv4-sp-d16 -mfloat-abi=hard -mthumb -o "Drivers/STM32F4xx_HAL_Driver/Src/stm32f4xx_hal_crc.o"
arm-none-eabi-gcc "../Drivers/STM32F4xx_HAL_Driver/Src/stm32f4xx_hal_cryp.c" -mcpu=cortex-m4 -std=gnu11 -g3 -DDEBUG -DSTM32 -DSTM32F429ZITx -DSTM32F4 -DNUCLEO_F429ZI -DUSE_HAL_DRIVER -DSTM32F429xx -c -I../Inc -I"/home/denis/Documentos/CESE/ProgMicro/PdM_workspace-main/Practica2/Drivers/STM32F4xx_HAL_Driver/Inc" -I"/home/denis/Documentos/CESE/ProgMicro/PdM_workspace-main/Practica2/Drivers/CMSIS/Include" -I"/home/denis/Documentos/CESE/ProgMicro/PdM_workspace-main/Practica2/Drivers/CMSIS/Device/ST/STM32F4xx/Include" -I"/home/denis/Documentos/CESE/ProgMicro/PdM_workspace-main/Practica2/Drivers/BSP/STM32F4xx_Nucleo_144" -I"/home/denis/Documentos/CESE/ProgMicro/PdM_workspace-main/Practica2/Drivers/Core/Inc" -O0 -ffunction-sections -fdata-sections -Wall -fstack-usage -MMD -MP -MF"Drivers/STM32F4xx_HAL_Driver/Src/stm32f4xx_hal_cryp.d" -MT"Drivers/STM32F4xx_HAL_Driver/Src/stm32f4xx_hal_cryp.o" --specs=nano.specs -mfpu=fpv4-sp-d16 -mfloat-abi=hard -mthumb -o "Drivers/STM32F4xx_HAL_Driver/Src/stm32f4xx_hal_cryp.o"
arm-none-eabi-gcc "../Drivers/STM32F4xx_HAL_Driver/Src/stm32f4xx_hal_cryp_ex.c" -mcpu=cortex-m4 -std=gnu11 -g3 -DDEBUG -DSTM32 -DSTM32F429ZITx -DSTM32F4 -DNUCLEO_F429ZI -DUSE_HAL_DRIVER -DSTM32F429xx -c -I../Inc -I"/home/denis/Documentos/CESE/ProgMicro/PdM_workspace-main/Practica2/Drivers/STM32F4xx_HAL_Driver/Inc" -I"/home/denis/Documentos/CESE/ProgMicro/PdM_workspace-main/Practica2/Drivers/CMSIS/Include" -I"/home/denis/Documentos/CESE/ProgMicro/PdM_workspace-main/Practica2/Drivers/CMSIS/Device/ST/STM32F4xx/Include" -I"/home/denis/Documentos/CESE/ProgMicro/PdM_workspace-main/Practica2/Drivers/BSP/STM32F4xx_Nucleo_144" -I"/home/denis/Documentos/CESE/ProgMicro/PdM_workspace-main/Practica2/Drivers/Core/Inc" -O0 -ffunction-sections -fdata-sections -Wall -fstack-usage -MMD -MP -MF"Drivers/STM32F4xx_HAL_Driver/Src/stm32f4xx_hal_cryp_ex.d" -MT"Drivers/STM32F4xx_HAL_Driver/Src/stm32f4xx_hal_cryp_ex.o" --specs=nano.specs -mfpu=fpv4-sp-d16 -mfloat-abi=hard -mthumb -o "Drivers/STM32F4xx_HAL_Driver/Src/stm32f4xx_hal_cryp_ex.o"
arm-none-eabi-gcc "../Drivers/STM32F4xx_HAL_Driver/Src/stm32f4xx_hal_dac.c" -mcpu=cortex-m4 -std=gnu11 -g3 -DDEBUG -DSTM32 -DSTM32F429ZITx -DSTM32F4 -DNUCLEO_F429ZI -DUSE_HAL_DRIVER -DSTM32F429xx -c -I../Inc -I"/home/denis/Documentos/CESE/ProgMicro/PdM_workspace-main/Practica2/Drivers/STM32F4xx_HAL_Driver/Inc" -I"/home/denis/Documentos/CESE/ProgMicro/PdM_workspace-main/Practica2/Drivers/CMSIS/Include" -I"/home/denis/Documentos/CESE/ProgMicro/PdM_workspace-main/Practica2/Drivers/CMSIS/Device/ST/STM32F4xx/Include" -I"/home/denis/Documentos/CESE/ProgMicro/PdM_workspace-main/Practica2/Drivers/BSP/STM32F4xx_Nucleo_144" -I"/home/denis/Documentos/CESE/ProgMicro/PdM_workspace-main/Practica2/Drivers/Core/Inc" -O0 -ffunction-sections -fdata-sections -Wall -fstack-usage -MMD -MP -MF"Drivers/STM32F4xx_HAL_Driver/Src/stm32f4xx_hal_dac.d" -MT"Drivers/STM32F4xx_HAL_Driver/Src/stm32f4xx_hal_dac.o" --specs=nano.specs -mfpu=fpv4-sp-d16 -mfloat-abi=hard -mthumb -o "Drivers/STM32F4xx_HAL_Driver/Src/stm32f4xx_hal_dac.o"
arm-none-eabi-gcc "../Drivers/STM32F4xx_HAL_Driver/Src/stm32f4xx_hal_dac_ex.c" -mcpu=cortex-m4 -std=gnu11 -g3 -DDEBUG -DSTM32 -DSTM32F429ZITx -DSTM32F4 -DNUCLEO_F429ZI -DUSE_HAL_DRIVER -DSTM32F429xx -c -I../Inc -I"/home/denis/Documentos/CESE/ProgMicro/PdM_workspace-main/Practica2/Drivers/STM32F4xx_HAL_Driver/Inc" -I"/home/denis/Documentos/CESE/ProgMicro/PdM_workspace-main/Practica2/Drivers/CMSIS/Include" -I"/home/denis/Documentos/CESE/ProgMicro/PdM_workspace-main/Practica2/Drivers/CMSIS/Device/ST/STM32F4xx/Include" -I"/home/denis/Documentos/CESE/ProgMicro/PdM_workspace-main/Practica2/Drivers/BSP/STM32F4xx_Nucleo_144" -I"/home/denis/Documentos/CESE/ProgMicro/PdM_workspace-main/Practica2/Drivers/Core/Inc" -O0 -ffunction-sections -fdata-sections -Wall -fstack-usage -MMD -MP -MF"Drivers/STM32F4xx_HAL_Driver/Src/stm32f4xx_hal_dac_ex.d" -MT"Drivers/STM32F4xx_HAL_Driver/Src/stm32f4xx_hal_dac_ex.o" --specs=nano.specs -mfpu=fpv4-sp-d16 -mfloat-abi=hard -mthumb -o "Drivers/STM32F4xx_HAL_Driver/Src/stm32f4xx_hal_dac_ex.o"
arm-none-eabi-gcc "../Drivers/STM32F4xx_HAL_Driver/Src/stm32f4xx_hal_dcmi.c" -mcpu=cortex-m4 -std=gnu11 -g3 -DDEBUG -DSTM32 -DSTM32F429ZITx -DSTM32F4 -DNUCLEO_F429ZI -DUSE_HAL_DRIVER -DSTM32F429xx -c -I../Inc -I"/home/denis/Documentos/CESE/ProgMicro/PdM_workspace-main/Practica2/Drivers/STM32F4xx_HAL_Driver/Inc" -I"/home/denis/Documentos/CESE/ProgMicro/PdM_workspace-main/Practica2/Drivers/CMSIS/Include" -I"/home/denis/Documentos/CESE/ProgMicro/PdM_workspace-main/Practica2/Drivers/CMSIS/Device/ST/STM32F4xx/Include" -I"/home/denis/Documentos/CESE/ProgMicro/PdM_workspace-main/Practica2/Drivers/BSP/STM32F4xx_Nucleo_144" -I"/home/denis/Documentos/CESE/ProgMicro/PdM_workspace-main/Practica2/Drivers/Core/Inc" -O0 -ffunction-sections -fdata-sections -Wall -fstack-usage -MMD -MP -MF"Drivers/STM32F4xx_HAL_Driver/Src/stm32f4xx_hal_dcmi.d" -MT"Drivers/STM32F4xx_HAL_Driver/Src/stm32f4xx_hal_dcmi.o" --specs=nano.specs -mfpu=fpv4-sp-d16 -mfloat-abi=hard -mthumb -o "Drivers/STM32F4xx_HAL_Driver/Src/stm32f4xx_hal_dcmi.o"
arm-none-eabi-gcc "../Drivers/STM32F4xx_HAL_Driver/Src/stm32f4xx_hal_dcmi_ex.c" -mcpu=cortex-m4 -std=gnu11 -g3 -DDEBUG -DSTM32 -DSTM32F429ZITx -DSTM32F4 -DNUCLEO_F429ZI -DUSE_HAL_DRIVER -DSTM32F429xx -c -I../Inc -I"/home/denis/Documentos/CESE/ProgMicro/PdM_workspace-main/Practica2/Drivers/STM32F4xx_HAL_Driver/Inc" -I"/home/denis/Documentos/CESE/ProgMicro/PdM_workspace-main/Practica2/Drivers/CMSIS/Include" -I"/home/denis/Documentos/CESE/ProgMicro/PdM_workspace-main/Practica2/Drivers/CMSIS/Device/ST/STM32F4xx/Include" -I"/home/denis/Documentos/CESE/ProgMicro/PdM_workspace-main/Practica2/Drivers/BSP/STM32F4xx_Nucleo_144" -I"/home/denis/Documentos/CESE/ProgMicro/PdM_workspace-main/Practica2/Drivers/Core/Inc" -O0 -ffunction-sections -fdata-sections -Wall -fstack-usage -MMD -MP -MF"Drivers/STM32F4xx_HAL_Driver/Src/stm32f4xx_hal_dcmi_ex.d" -MT"Drivers/STM32F4xx_HAL_Driver/Src/stm32f4xx_hal_dcmi_ex.o" --specs=nano.specs -mfpu=fpv4-sp-d16 -mfloat-abi=hard -mthumb -o "Drivers/STM32F4xx_HAL_Driver/Src/stm32f4xx_hal_dcmi_ex.o"
arm-none-eabi-gcc "../Drivers/STM32F4xx_HAL_Driver/Src/stm32f4xx_hal_dfsdm.c" -mcpu=cortex-m4 -std=gnu11 -g3 -DDEBUG -DSTM32 -DSTM32F429ZITx -DSTM32F4 -DNUCLEO_F429ZI -DUSE_HAL_DRIVER -DSTM32F429xx -c -I../Inc -I"/home/denis/Documentos/CESE/ProgMicro/PdM_workspace-main/Practica2/Drivers/STM32F4xx_HAL_Driver/Inc" -I"/home/denis/Documentos/CESE/ProgMicro/PdM_workspace-main/Practica2/Drivers/CMSIS/Include" -I"/home/denis/Documentos/CESE/ProgMicro/PdM_workspace-main/Practica2/Drivers/CMSIS/Device/ST/STM32F4xx/Include" -I"/home/denis/Documentos/CESE/ProgMicro/PdM_workspace-main/Practica2/Drivers/BSP/STM32F4xx_Nucleo_144" -I"/home/denis/Documentos/CESE/ProgMicro/PdM_workspace-main/Practica2/Drivers/Core/Inc" -O0 -ffunction-sections -fdata-sections -Wall -fstack-usage -MMD -MP -MF"Drivers/STM32F4xx_HAL_Driver/Src/stm32f4xx_hal_dfsdm.d" -MT"Drivers/STM32F4xx_HAL_Driver/Src/stm32f4xx_hal_dfsdm.o" --specs=nano.specs -mfpu=fpv4-sp-d16 -mfloat-abi=hard -mthumb -o "Drivers/STM32F4xx_HAL_Driver/Src/stm32f4xx_hal_dfsdm.o"
arm-none-eabi-gcc "../Drivers/STM32F4xx_HAL_Driver/Src/stm32f4xx_hal_dma.c" -mcpu=cortex-m4 -std=gnu11 -g3 -DDEBUG -DSTM32 -DSTM32F429ZITx -DSTM32F4 -DNUCLEO_F429ZI -DUSE_HAL_DRIVER -DSTM32F429xx -c -I../Inc -I"/home/denis/Documentos/CESE/ProgMicro/PdM_workspace-main/Practica2/Drivers/STM32F4xx_HAL_Driver/Inc" -I"/home/denis/Documentos/CESE/ProgMicro/PdM_workspace-main/Practica2/Drivers/CMSIS/Include" -I"/home/denis/Documentos/CESE/ProgMicro/PdM_workspace-main/Practica2/Drivers/CMSIS/Device/ST/STM32F4xx/Include" -I"/home/denis/Documentos/CESE/ProgMicro/PdM_workspace-main/Practica2/Drivers/BSP/STM32F4xx_Nucleo_144" -I"/home/denis/Documentos/CESE/ProgMicro/PdM_workspace-main/Practica2/Drivers/Core/Inc" -O0 -ffunction-sections -fdata-sections -Wall -fstack-usage -MMD -MP -MF"Drivers/STM32F4xx_HAL_Driver/Src/stm32f4xx_hal_dma.d" -MT"Drivers/STM32F4xx_HAL_Driver/Src/stm32f4xx_hal_dma.o" --specs=nano.specs -mfpu=fpv4-sp-d16 -mfloat-abi=hard -mthumb -o "Drivers/STM32F4xx_HAL_Driver/Src/stm32f4xx_hal_dma.o"
arm-none-eabi-gcc "../Drivers/STM32F4xx_HAL_Driver/Src/stm32f4xx_hal_dma2d.c" -mcpu=cortex-m4 -std=gnu11 -g3 -DDEBUG -DSTM32 -DSTM32F429ZITx -DSTM32F4 -DNUCLEO_F429ZI -DUSE_HAL_DRIVER -DSTM32F429xx -c -I../Inc -I"/home/denis/Documentos/CESE/ProgMicro/PdM_workspace-main/Practica2/Drivers/STM32F4xx_HAL_Driver/Inc" -I"/home/denis/Documentos/CESE/ProgMicro/PdM_workspace-main/Practica2/Drivers/CMSIS/Include" -I"/home/denis/Documentos/CESE/ProgMicro/PdM_workspace-main/Practica2/Drivers/CMSIS/Device/ST/STM32F4xx/Include" -I"/home/denis/Documentos/CESE/ProgMicro/PdM_workspace-main/Practica2/Drivers/BSP/STM32F4xx_Nucleo_144" -I"/home/denis/Documentos/CESE/ProgMicro/PdM_workspace-main/Practica2/Drivers/Core/Inc" -O0 -ffunction-sections -fdata-sections -Wall -fstack-usage -MMD -MP -MF"Drivers/STM32F4xx_HAL_Driver/Src/stm32f4xx_hal_dma2d.d" -MT"Drivers/STM32F4xx_HAL_Driver/Src/stm32f4xx_hal_dma2d.o" --specs=nano.specs -mfpu=fpv4-sp-d16 -mfloat-abi=hard -mthumb -o "Drivers/STM32F4xx_HAL_Driver/Src/stm32f4xx_hal_dma2d.o"
arm-none-eabi-gcc "../Drivers/STM32F4xx_HAL_Driver/Src/stm32f4xx_hal_dma_ex.c" -mcpu=cortex-m4 -std=gnu11 -g3 -DDEBUG -DSTM32 -DSTM32F429ZITx -DSTM32F4 -DNUCLEO_F429ZI -DUSE_HAL_DRIVER -DSTM32F429xx -c -I../Inc -I"/home/denis/Documentos/CESE/ProgMicro/PdM_workspace-main/Practica2/Drivers/STM32F4xx_HAL_Driver/Inc" -I"/home/denis/Documentos/CESE/ProgMicro/PdM_workspace-main/Practica2/Drivers/CMSIS/Include" -I"/home/denis/Documentos/CESE/ProgMicro/PdM_workspace-main/Practica2/Drivers/CMSIS/Device/ST/STM32F4xx/Include" -I"/home/denis/Documentos/CESE/ProgMicro/PdM_workspace-main/Practica2/Drivers/BSP/STM32F4xx_Nucleo_144" -I"/home/denis/Documentos/CESE/ProgMicro/PdM_workspace-main/Practica2/Drivers/Core/Inc" -O0 -ffunction-sections -fdata-sections -Wall -fstack-usage -MMD -MP -MF"Drivers/STM32F4xx_HAL_Driver/Src/stm32f4xx_hal_dma_ex.d" -MT"Drivers/STM32F4xx_HAL_Driver/Src/stm32f4xx_hal_dma_ex.o" --specs=nano.specs -mfpu=fpv4-sp-d16 -mfloat-abi=hard -mthumb -o "Drivers/STM32F4xx_HAL_Driver/Src/stm32f4xx_hal_dma_ex.o"
arm-none-eabi-gcc "../Drivers/STM32F4xx_HAL_Driver/Src/stm32f4xx_hal_dsi.c" -mcpu=cortex-m4 -std=gnu11 -g3 -DDEBUG -DSTM32 -DSTM32F429ZITx -DSTM32F4 -DNUCLEO_F429ZI -DUSE_HAL_DRIVER -DSTM32F429xx -c -I../Inc -I"/home/denis/Documentos/CESE/ProgMicro/PdM_workspace-main/Practica2/Drivers/STM32F4xx_HAL_Driver/Inc" -I"/home/denis/Documentos/CESE/ProgMicro/PdM_workspace-main/Practica2/Drivers/CMSIS/Include" -I"/home/denis/Documentos/CESE/ProgMicro/PdM_workspace-main/Practica2/Drivers/CMSIS/Device/ST/STM32F4xx/Include" -I"/home/denis/Documentos/CESE/ProgMicro/PdM_workspace-main/Practica2/Drivers/BSP/STM32F4xx_Nucleo_144" -I"/home/denis/Documentos/CESE/ProgMicro/PdM_workspace-main/Practica2/Drivers/Core/Inc" -O0 -ffunction-sections -fdata-sections -Wall -fstack-usage -MMD -MP -MF"Drivers/STM32F4xx_HAL_Driver/Src/stm32f4xx_hal_dsi.d" -MT"Drivers/STM32F4xx_HAL_Driver/Src/stm32f4xx_hal_dsi.o" --specs=nano.specs -mfpu=fpv4-sp-d16 -mfloat-abi=hard -mthumb -o "Drivers/STM32F4xx_HAL_Driver/Src/stm32f4xx_hal_dsi.o"
arm-none-eabi-gcc "../Drivers/STM32F4xx_HAL_Driver/Src/stm32f4xx_hal_eth.c" -mcpu=cortex-m4 -std=gnu11 -g3 -DDEBUG -DSTM32 -DSTM32F429ZITx -DSTM32F4 -DNUCLEO_F429ZI -DUSE_HAL_DRIVER -DSTM32F429xx -c -I../Inc -I"/home/denis/Documentos/CESE/ProgMicro/PdM_workspace-main/Practica2/Drivers/STM32F4xx_HAL_Driver/Inc" -I"/home/denis/Documentos/CESE/ProgMicro/PdM_workspace-main/Practica2/Drivers/CMSIS/Include" -I"/home/denis/Documentos/CESE/ProgMicro/PdM_workspace-main/Practica2/Drivers/CMSIS/Device/ST/STM32F4xx/Include" -I"/home/denis/Documentos/CESE/ProgMicro/PdM_workspace-main/Practica2/Drivers/BSP/STM32F4xx_Nucleo_144" -I"/home/denis/Documentos/CESE/ProgMicro/PdM_workspace-main/Practica2/Drivers/Core/Inc" -O0 -ffunction-sections -fdata-sections -Wall -fstack-usage -MMD -MP -MF"Drivers/STM32F4xx_HAL_Driver/Src/stm32f4xx_hal_eth.d" -MT"Drivers/STM32F4xx_HAL_Driver/Src/stm32f4xx_hal_eth.o" --specs=nano.specs -mfpu=fpv4-sp-d16 -mfloat-abi=hard -mthumb -o "Drivers/STM32F4xx_HAL_Driver/Src/stm32f4xx_hal_eth.o"
arm-none-eabi-gcc "../Drivers/STM32F4xx_HAL_Driver/Src/stm32f4xx_hal_exti.c" -mcpu=cortex-m4 -std=gnu11 -g3 -DDEBUG -DSTM32 -DSTM32F429ZITx -DSTM32F4 -DNUCLEO_F429ZI -DUSE_HAL_DRIVER -DSTM32F429xx -c -I../Inc -I"/home/denis/Documentos/CESE/ProgMicro/PdM_workspace-main/Practica2/Drivers/STM32F4xx_HAL_Driver/Inc" -I"/home/denis/Documentos/CESE/ProgMicro/PdM_workspace-main/Practica2/Drivers/CMSIS/Include" -I"/home/denis/Documentos/CESE/ProgMicro/PdM_workspace-main/Practica2/Drivers/CMSIS/Device/ST/STM32F4xx/Include" -I"/home/denis/Documentos/CESE/ProgMicro/PdM_workspace-main/Practica2/Drivers/BSP/STM32F4xx_Nucleo_144" -I"/home/denis/Documentos/CESE/ProgMicro/PdM_workspace-main/Practica2/Drivers/Core/Inc" -O0 -ffunction-sections -fdata-sections -Wall -fstack-usage -MMD -MP -MF"Drivers/STM32F4xx_HAL_Driver/Src/stm32f4xx_hal_exti.d" -MT"Drivers/STM32F4xx_HAL_Driver/Src/stm32f4xx_hal_exti.o" --specs=nano.specs -mfpu=fpv4-sp-d16 -mfloat-abi=hard -mthumb -o "Drivers/STM32F4xx_HAL_Driver/Src/stm32f4xx_hal_exti.o"
arm-none-eabi-gcc "../Drivers/STM32F4xx_HAL_Driver/Src/stm32f4xx_hal_flash.c" -mcpu=cortex-m4 -std=gnu11 -g3 -DDEBUG -DSTM32 -DSTM32F429ZITx -DSTM32F4 -DNUCLEO_F429ZI -DUSE_HAL_DRIVER -DSTM32F429xx -c -I../Inc -I"/home/denis/Documentos/CESE/ProgMicro/PdM_workspace-main/Practica2/Drivers/STM32F4xx_HAL_Driver/Inc" -I"/home/denis/Documentos/CESE/ProgMicro/PdM_workspace-main/Practica2/Drivers/CMSIS/Include" -I"/home/denis/Documentos/CESE/ProgMicro/PdM_workspace-main/Practica2/Drivers/CMSIS/Device/ST/STM32F4xx/Include" -I"/home/denis/Documentos/CESE/ProgMicro/PdM_workspace-main/Practica2/Drivers/BSP/STM32F4xx_Nucleo_144" -I"/home/denis/Documentos/CESE/ProgMicro/PdM_workspace-main/Practica2/Drivers/Core/Inc" -O0 -ffunction-sections -fdata-sections -Wall -fstack-usage -MMD -MP -MF"Drivers/STM32F4xx_HAL_Driver/Src/stm32f4xx_hal_flash.d" -MT"Drivers/STM32F4xx_HAL_Driver/Src/stm32f4xx_hal_flash.o" --specs=nano.specs -mfpu=fpv4-sp-d16 -mfloat-abi=hard -mthumb -o "Drivers/STM32F4xx_HAL_Driver/Src/stm32f4xx_hal_flash.o"
arm-none-eabi-gcc "../Drivers/STM32F4xx_HAL_Driver/Src/stm32f4xx_hal_flash_ex.c" -mcpu=cortex-m4 -std=gnu11 -g3 -DDEBUG -DSTM32 -DSTM32F429ZITx -DSTM32F4 -DNUCLEO_F429ZI -DUSE_HAL_DRIVER -DSTM32F429xx -c -I../Inc -I"/home/denis/Documentos/CESE/ProgMicro/PdM_workspace-main/Practica2/Drivers/STM32F4xx_HAL_Driver/Inc" -I"/home/denis/Documentos/CESE/ProgMicro/PdM_workspace-main/Practica2/Drivers/CMSIS/Include" -I"/home/denis/Documentos/CESE/ProgMicro/PdM_workspace-main/Practica2/Drivers/CMSIS/Device/ST/STM32F4xx/Include" -I"/home/denis/Documentos/CESE/ProgMicro/PdM_workspace-main/Practica2/Drivers/BSP/STM32F4xx_Nucleo_144" -I"/home/denis/Documentos/CESE/ProgMicro/PdM_workspace-main/Practica2/Drivers/Core/Inc" -O0 -ffunction-sections -fdata-sections -Wall -fstack-usage -MMD -MP -MF"Drivers/STM32F4xx_HAL_Driver/Src/stm32f4xx_hal_flash_ex.d" -MT"Drivers/STM32F4xx_HAL_Driver/Src/stm32f4xx_hal_flash_ex.o" --specs=nano.specs -mfpu=fpv4-sp-d16 -mfloat-abi=hard -mthumb -o "Drivers/STM32F4xx_HAL_Driver/Src/stm32f4xx_hal_flash_ex.o"
arm-none-eabi-gcc "../Drivers/STM32F4xx_HAL_Driver/Src/stm32f4xx_hal_flash_ramfunc.c" -mcpu=cortex-m4 -std=gnu11 -g3 -DDEBUG -DSTM32 -DSTM32F429ZITx -DSTM32F4 -DNUCLEO_F429ZI -DUSE_HAL_DRIVER -DSTM32F429xx -c -I../Inc -I"/home/denis/Documentos/CESE/ProgMicro/PdM_workspace-main/Practica2/Drivers/STM32F4xx_HAL_Driver/Inc" -I"/home/denis/Documentos/CESE/ProgMicro/PdM_workspace-main/Practica2/Drivers/CMSIS/Include" -I"/home/denis/Documentos/CESE/ProgMicro/PdM_workspace-main/Practica2/Drivers/CMSIS/Device/ST/STM32F4xx/Include" -I"/home/denis/Documentos/CESE/ProgMicro/PdM_workspace-main/Practica2/Drivers/BSP/STM32F4xx_Nucleo_144" -I"/home/denis/Documentos/CESE/ProgMicro/PdM_workspace-main/Practica2/Drivers/Core/Inc" -O0 -ffunction-sections -fdata-sections -Wall -fstack-usage -MMD -MP -MF"Drivers/STM32F4xx_HAL_Driver/Src/stm32f4xx_hal_flash_ramfunc.d" -MT"Drivers/STM32F4xx_HAL_Driver/Src/stm32f4xx_hal_flash_ramfunc.o" --specs=nano.specs -mfpu=fpv4-sp-d16 -mfloat-abi=hard -mthumb -o "Drivers/STM32F4xx_HAL_Driver/Src/stm32f4xx_hal_flash_ramfunc.o"
arm-none-eabi-gcc "../Drivers/STM32F4xx_HAL_Driver/Src/stm32f4xx_hal_fmpi2c.c" -mcpu=cortex-m4 -std=gnu11 -g3 -DDEBUG -DSTM32 -DSTM32F429ZITx -DSTM32F4 -DNUCLEO_F429ZI -DUSE_HAL_DRIVER -DSTM32F429xx -c -I../Inc -I"/home/denis/Documentos/CESE/ProgMicro/PdM_workspace-main/Practica2/Drivers/STM32F4xx_HAL_Driver/Inc" -I"/home/denis/Documentos/CESE/ProgMicro/PdM_workspace-main/Practica2/Drivers/CMSIS/Include" -I"/home/denis/Documentos/CESE/ProgMicro/PdM_workspace-main/Practica2/Drivers/CMSIS/Device/ST/STM32F4xx/Include" -I"/home/denis/Documentos/CESE/ProgMicro/PdM_workspace-main/Practica2/Drivers/BSP/STM32F4xx_Nucleo_144" -I"/home/denis/Documentos/CESE/ProgMicro/PdM_workspace-main/Practica2/Drivers/Core/Inc" -O0 -ffunction-sections -fdata-sections -Wall -fstack-usage -MMD -MP -MF"Drivers/STM32F4xx_HAL_Driver/Src/stm32f4xx_hal_fmpi2c.d" -MT"Drivers/STM32F4xx_HAL_Driver/Src/stm32f4xx_hal_fmpi2c.o" --specs=nano.specs -mfpu=fpv4-sp-d16 -mfloat-abi=hard -mthumb -o "Drivers/STM32F4xx_HAL_Driver/Src/stm32f4xx_hal_fmpi2c.o"
arm-none-eabi-gcc "../Drivers/STM32F4xx_HAL_Driver/Src/stm32f4xx_hal_fmpi2c_ex.c" -mcpu=cortex-m4 -std=gnu11 -g3 -DDEBUG -DSTM32 -DSTM32F429ZITx -DSTM32F4 -DNUCLEO_F429ZI -DUSE_HAL_DRIVER -DSTM32F429xx -c -I../Inc -I"/home/denis/Documentos/CESE/ProgMicro/PdM_workspace-main/Practica2/Drivers/STM32F4xx_HAL_Driver/Inc" -I"/home/denis/Documentos/CESE/ProgMicro/PdM_workspace-main/Practica2/Drivers/CMSIS/Include" -I"/home/denis/Documentos/CESE/ProgMicro/PdM_workspace-main/Practica2/Drivers/CMSIS/Device/ST/STM32F4xx/Include" -I"/home/denis/Documentos/CESE/ProgMicro/PdM_workspace-main/Practica2/Drivers/BSP/STM32F4xx_Nucleo_144" -I"/home/denis/Documentos/CESE/ProgMicro/PdM_workspace-main/Practica2/Drivers/Core/Inc" -O0 -ffunction-sections -fdata-sections -Wall -fstack-usage -MMD -MP -MF"Drivers/STM32F4xx_HAL_Driver/Src/stm32f4xx_hal_fmpi2c_ex.d" -MT"Drivers/STM32F4xx_HAL_Driver/Src/stm32f4xx_hal_fmpi2c_ex.o" --specs=nano.specs -mfpu=fpv4-sp-d16 -mfloat-abi=hard -mthumb -o "Drivers/STM32F4xx_HAL_Driver/Src/stm32f4xx_hal_fmpi2c_ex.o"
arm-none-eabi-gcc "../Drivers/STM32F4xx_HAL_Driver/Src/stm32f4xx_hal_fmpsmbus.c" -mcpu=cortex-m4 -std=gnu11 -g3 -DDEBUG -DSTM32 -DSTM32F429ZITx -DSTM32F4 -DNUCLEO_F429ZI -DUSE_HAL_DRIVER -DSTM32F429xx -c -I../Inc -I"/home/denis/Documentos/CESE/ProgMicro/PdM_workspace-main/Practica2/Drivers/STM32F4xx_HAL_Driver/Inc" -I"/home/denis/Documentos/CESE/ProgMicro/PdM_workspace-main/Practica2/Drivers/CMSIS/Include" -I"/home/denis/Documentos/CESE/ProgMicro/PdM_workspace-main/Practica2/Drivers/CMSIS/Device/ST/STM32F4xx/Include" -I"/home/denis/Documentos/CESE/ProgMicro/PdM_workspace-main/Practica2/Drivers/BSP/STM32F4xx_Nucleo_144" -I"/home/denis/Documentos/CESE/ProgMicro/PdM_workspace-main/Practica2/Drivers/Core/Inc" -O0 -ffunction-sections -fdata-sections -Wall -fstack-usage -MMD -MP -MF"Drivers/STM32F4xx_HAL_Driver/Src/stm32f4xx_hal_fmpsmbus.d" -MT"Drivers/STM32F4xx_HAL_Driver/Src/stm32f4xx_hal_fmpsmbus.o" --specs=nano.specs -mfpu=fpv4-sp-d16 -mfloat-abi=hard -mthumb -o "Drivers/STM32F4xx_HAL_Driver/Src/stm32f4xx_hal_fmpsmbus.o"
arm-none-eabi-gcc "../Drivers/STM32F4xx_HAL_Driver/Src/stm32f4xx_hal_fmpsmbus_ex.c" -mcpu=cortex-m4 -std=gnu11 -g3 -DDEBUG -DSTM32 -DSTM32F429ZITx -DSTM32F4 -DNUCLEO_F429ZI -DUSE_HAL_DRIVER -DSTM32F429xx -c -I../Inc -I"/home/denis/Documentos/CESE/ProgMicro/PdM_workspace-main/Practica2/Drivers/STM32F4xx_HAL_Driver/Inc" -I"/home/denis/Documentos/CESE/ProgMicro/PdM_workspace-main/Practica2/Drivers/CMSIS/Include" -I"/home/denis/Documentos/CESE/ProgMicro/PdM_workspace-main/Practica2/Drivers/CMSIS/Device/ST/STM32F4xx/Include" -I"/home/denis/Documentos/CESE/ProgMicro/PdM_workspace-main/Practica2/Drivers/BSP/STM32F4xx_Nucleo_144" -I"/home/denis/Documentos/CESE/ProgMicro/PdM_workspace-main/Practica2/Drivers/Core/Inc" -O0 -ffunction-sections -fdata-sections -Wall -fstack-usage -MMD -MP -MF"Drivers/STM32F4xx_HAL_Driver/Src/stm32f4xx_hal_fmpsmbus_ex.d" -MT"Drivers/STM32F4xx_HAL_Driver/Src/stm32f4xx_hal_fmpsmbus_ex.o" --specs=nano.specs -mfpu=fpv4-sp-d16 -mfloat-abi=hard -mthumb -o "Drivers/STM32F4xx_HAL_Driver/Src/stm32f4xx_hal_fmpsmbus_ex.o"
arm-none-eabi-gcc "../Drivers/STM32F4xx_HAL_Driver/Src/stm32f4xx_hal_gpio.c" -mcpu=cortex-m4 -std=gnu11 -g3 -DDEBUG -DSTM32 -DSTM32F429ZITx -DSTM32F4 -DNUCLEO_F429ZI -DUSE_HAL_DRIVER -DSTM32F429xx -c -I../Inc -I"/home/denis/Documentos/CESE/ProgMicro/PdM_workspace-main/Practica2/Drivers/STM32F4xx_HAL_Driver/Inc" -I"/home/denis/Documentos/CESE/ProgMicro/PdM_workspace-main/Practica2/Drivers/CMSIS/Include" -I"/home/denis/Documentos/CESE/ProgMicro/PdM_workspace-main/Practica2/Drivers/CMSIS/Device/ST/STM32F4xx/Include" -I"/home/denis/Documentos/CESE/ProgMicro/PdM_workspace-main/Practica2/Drivers/BSP/STM32F4xx_Nucleo_144" -I"/home/denis/Documentos/CESE/ProgMicro/PdM_workspace-main/Practica2/Drivers/Core/Inc" -O0 -ffunction-sections -fdata-sections -Wall -fstack-usage -MMD -MP -MF"Drivers/STM32F4xx_HAL_Driver/Src/stm32f4xx_hal_gpio.d" -MT"Drivers/STM32F4xx_HAL_Driver/Src/stm32f4xx_hal_gpio.o" --specs=nano.specs -mfpu=fpv4-sp-d16 -mfloat-abi=hard -mthumb -o "Drivers/STM32F4xx_HAL_Driver/Src/stm32f4xx_hal_gpio.o"
arm-none-eabi-gcc "../Drivers/STM32F4xx_HAL_Driver/Src/stm32f4xx_hal_hash.c" -mcpu=cortex-m4 -std=gnu11 -g3 -DDEBUG -DSTM32 -DSTM32F429ZITx -DSTM32F4 -DNUCLEO_F429ZI -DUSE_HAL_DRIVER -DSTM32F429xx -c -I../Inc -I"/home/denis/Documentos/CESE/ProgMicro/PdM_workspace-main/Practica2/Drivers/STM32F4xx_HAL_Driver/Inc" -I"/home/denis/Documentos/CESE/ProgMicro/PdM_workspace-main/Practica2/Drivers/CMSIS/Include" -I"/home/denis/Documentos/CESE/ProgMicro/PdM_workspace-main/Practica2/Drivers/CMSIS/Device/ST/STM32F4xx/Include" -I"/home/denis/Documentos/CESE/ProgMicro/PdM_workspace-main/Practica2/Drivers/BSP/STM32F4xx_Nucleo_144" -I"/home/denis/Documentos/CESE/ProgMicro/PdM_workspace-main/Practica2/Drivers/Core/Inc" -O0 -ffunction-sections -fdata-sections -Wall -fstack-usage -MMD -MP -MF"Drivers/STM32F4xx_HAL_Driver/Src/stm32f4xx_hal_hash.d" -MT"Drivers/STM32F4xx_HAL_Driver/Src/stm32f4xx_hal_hash.o" --specs=nano.specs -mfpu=fpv4-sp-d16 -mfloat-abi=hard -mthumb -o "Drivers/STM32F4xx_HAL_Driver/Src/stm32f4xx_hal_hash.o"
arm-none-eabi-gcc "../Drivers/STM32F4xx_HAL_Driver/Src/stm32f4xx_hal_hash_ex.c" -mcpu=cortex-m4 -std=gnu11 -g3 -DDEBUG -DSTM32 -DSTM32F429ZITx -DSTM32F4 -DNUCLEO_F429ZI -DUSE_HAL_DRIVER -DSTM32F429xx -c -I../Inc -I"/home/denis/Documentos/CESE/ProgMicro/PdM_workspace-main/Practica2/Drivers/STM32F4xx_HAL_Driver/Inc" -I"/home/denis/Documentos/CESE/ProgMicro/PdM_workspace-main/Practica2/Drivers/CMSIS/Include" -I"/home/denis/Documentos/CESE/ProgMicro/PdM_workspace-main/Practica2/Drivers/CMSIS/Device/ST/STM32F4xx/Include" -I"/home/denis/Documentos/CESE/ProgMicro/PdM_workspace-main/Practica2/Drivers/BSP/STM32F4xx_Nucleo_144" -I"/home/denis/Documentos/CESE/ProgMicro/PdM_workspace-main/Practica2/Drivers/Core/Inc" -O0 -ffunction-sections -fdata-sections -Wall -fstack-usage -MMD -MP -MF"Drivers/STM32F4xx_HAL_Driver/Src/stm32f4xx_hal_hash_ex.d" -MT"Drivers/STM32F4xx_HAL_Driver/Src/stm32f4xx_hal_hash_ex.o" --specs=nano.specs -mfpu=fpv4-sp-d16 -mfloat-abi=hard -mthumb -o "Drivers/STM32F4xx_HAL_Driver/Src/stm32f4xx_hal_hash_ex.o"
arm-none-eabi-gcc "../Drivers/STM32F4xx_HAL_Driver/Src/stm32f4xx_hal_hcd.c" -mcpu=cortex-m4 -std=gnu11 -g3 -DDEBUG -DSTM32 -DSTM32F429ZITx -DSTM32F4 -DNUCLEO_F429ZI -DUSE_HAL_DRIVER -DSTM32F429xx -c -I../Inc -I"/home/denis/Documentos/CESE/ProgMicro/PdM_workspace-main/Practica2/Drivers/STM32F4xx_HAL_Driver/Inc" -I"/home/denis/Documentos/CESE/ProgMicro/PdM_workspace-main/Practica2/Drivers/CMSIS/Include" -I"/home/denis/Documentos/CESE/ProgMicro/PdM_workspace-main/Practica2/Drivers/CMSIS/Device/ST/STM32F4xx/Include" -I"/home/denis/Documentos/CESE/ProgMicro/PdM_workspace-main/Practica2/Drivers/BSP/STM32F4xx_Nucleo_144" -I"/home/denis/Documentos/CESE/ProgMicro/PdM_workspace-main/Practica2/Drivers/Core/Inc" -O0 -ffunction-sections -fdata-sections -Wall -fstack-usage -MMD -MP -MF"Drivers/STM32F4xx_HAL_Driver/Src/stm32f4xx_hal_hcd.d" -MT"Drivers/STM32F4xx_HAL_Driver/Src/stm32f4xx_hal_hcd.o" --specs=nano.specs -mfpu=fpv4-sp-d16 -mfloat-abi=hard -mthumb -o "Drivers/STM32F4xx_HAL_Driver/Src/stm32f4xx_hal_hcd.o"
arm-none-eabi-gcc "../Drivers/STM32F4xx_HAL_Driver/Src/stm32f4xx_hal_i2c.c" -mcpu=cortex-m4 -std=gnu11 -g3 -DDEBUG -DSTM32 -DSTM32F429ZITx -DSTM32F4 -DNUCLEO_F429ZI -DUSE_HAL_DRIVER -DSTM32F429xx -c -I../Inc -I"/home/denis/Documentos/CESE/ProgMicro/PdM_workspace-main/Practica2/Drivers/STM32F4xx_HAL_Driver/Inc" -I"/home/denis/Documentos/CESE/ProgMicro/PdM_workspace-main/Practica2/Drivers/CMSIS/Include" -I"/home/denis/Documentos/CESE/ProgMicro/PdM_workspace-main/Practica2/Drivers/CMSIS/Device/ST/STM32F4xx/Include" -I"/home/denis/Documentos/CESE/ProgMicro/PdM_workspace-main/Practica2/Drivers/BSP/STM32F4xx_Nucleo_144" -I"/home/denis/Documentos/CESE/ProgMicro/PdM_workspace-main/Practica2/Drivers/Core/Inc" -O0 -ffunction-sections -fdata-sections -Wall -fstack-usage -MMD -MP -MF"Drivers/STM32F4xx_HAL_Driver/Src/stm32f4xx_hal_i2c.d" -MT"Drivers/STM32F4xx_HAL_Driver/Src/stm32f4xx_hal_i2c.o" --specs=nano.specs -mfpu=fpv4-sp-d16 -mfloat-abi=hard -mthumb -o "Drivers/STM32F4xx_HAL_Driver/Src/stm32f4xx_hal_i2c.o"
arm-none-eabi-gcc "../Drivers/STM32F4xx_HAL_Driver/Src/stm32f4xx_hal_i2c_ex.c" -mcpu=cortex-m4 -std=gnu11 -g3 -DDEBUG -DSTM32 -DSTM32F429ZITx -DSTM32F4 -DNUCLEO_F429ZI -DUSE_HAL_DRIVER -DSTM32F429xx -c -I../Inc -I"/home/denis/Documentos/CESE/ProgMicro/PdM_workspace-main/Practica2/Drivers/STM32F4xx_HAL_Driver/Inc" -I"/home/denis/Documentos/CESE/ProgMicro/PdM_workspace-main/Practica2/Drivers/CMSIS/Include" -I"/home/denis/Documentos/CESE/ProgMicro/PdM_workspace-main/Practica2/Drivers/CMSIS/Device/ST/STM32F4xx/Include" -I"/home/denis/Documentos/CESE/ProgMicro/PdM_workspace-main/Practica2/Drivers/BSP/STM32F4xx_Nucleo_144" -I"/home/denis/Documentos/CESE/ProgMicro/PdM_workspace-main/Practica2/Drivers/Core/Inc" -O0 -ffunction-sections -fdata-sections -Wall -fstack-usage -MMD -MP -MF"Drivers/STM32F4xx_HAL_Driver/Src/stm32f4xx_hal_i2c_ex.d" -MT"Drivers/STM32F4xx_HAL_Driver/Src/stm32f4xx_hal_i2c_ex.o" --specs=nano.specs -mfpu=fpv4-sp-d16 -mfloat-abi=hard -mthumb -o "Drivers/STM32F4xx_HAL_Driver/Src/stm32f4xx_hal_i2c_ex.o"
arm-none-eabi-gcc "../Drivers/STM32F4xx_HAL_Driver/Src/stm32f4xx_hal_i2s.c" -mcpu=cortex-m4 -std=gnu11 -g3 -DDEBUG -DSTM32 -DSTM32F429ZITx -DSTM32F4 -DNUCLEO_F429ZI -DUSE_HAL_DRIVER -DSTM32F429xx -c -I../Inc -I"/home/denis/Documentos/CESE/ProgMicro/PdM_workspace-main/Practica2/Drivers/STM32F4xx_HAL_Driver/Inc" -I"/home/denis/Documentos/CESE/ProgMicro/PdM_workspace-main/Practica2/Drivers/CMSIS/Include" -I"/home/denis/Documentos/CESE/ProgMicro/PdM_workspace-main/Practica2/Drivers/CMSIS/Device/ST/STM32F4xx/Include" -I"/home/denis/Documentos/CESE/ProgMicro/PdM_workspace-main/Practica2/Drivers/BSP/STM32F4xx_Nucleo_144" -I"/home/denis/Documentos/CESE/ProgMicro/PdM_workspace-main/Practica2/Drivers/Core/Inc" -O0 -ffunction-sections -fdata-sections -Wall -fstack-usage -MMD -MP -MF"Drivers/STM32F4xx_HAL_Driver/Src/stm32f4xx_hal_i2s.d" -MT"Drivers/STM32F4xx_HAL_Driver/Src/stm32f4xx_hal_i2s.o" --specs=nano.specs -mfpu=fpv4-sp-d16 -mfloat-abi=hard -mthumb -o "Drivers/STM32F4xx_HAL_Driver/Src/stm32f4xx_hal_i2s.o"
arm-none-eabi-gcc "../Drivers/STM32F4xx_HAL_Driver/Src/stm32f4xx_hal_i2s_ex.c" -mcpu=cortex-m4 -std=gnu11 -g3 -DDEBUG -DSTM32 -DSTM32F429ZITx -DSTM32F4 -DNUCLEO_F429ZI -DUSE_HAL_DRIVER -DSTM32F429xx -c -I../Inc -I"/home/denis/Documentos/CESE/ProgMicro/PdM_workspace-main/Practica2/Drivers/STM32F4xx_HAL_Driver/Inc" -I"/home/denis/Documentos/CESE/ProgMicro/PdM_workspace-main/Practica2/Drivers/CMSIS/Include" -I"/home/denis/Documentos/CESE/ProgMicro/PdM_workspace-main/Practica2/Drivers/CMSIS/Device/ST/STM32F4xx/Include" -I"/home/denis/Documentos/CESE/ProgMicro/PdM_workspace-main/Practica2/Drivers/BSP/STM32F4xx_Nucleo_144" -I"/home/denis/Documentos/CESE/ProgMicro/PdM_workspace-main/Practica2/Drivers/Core/Inc" -O0 -ffunction-sections -fdata-sections -Wall -fstack-usage -MMD -MP -MF"Drivers/STM32F4xx_HAL_Driver/Src/stm32f4xx_hal_i2s_ex.d" -MT"Drivers/STM32F4xx_HAL_Driver/Src/stm32f4xx_hal_i2s_ex.o" --specs=nano.specs -mfpu=fpv4-sp-d16 -mfloat-abi=hard -mthumb -o "Drivers/STM32F4xx_HAL_Driver/Src/stm32f4xx_hal_i2s_ex.o"
arm-none-eabi-gcc "../Drivers/STM32F4xx_HAL_Driver/Src/stm32f4xx_hal_irda.c" -mcpu=cortex-m4 -std=gnu11 -g3 -DDEBUG -DSTM32 -DSTM32F429ZITx -DSTM32F4 -DNUCLEO_F429ZI -DUSE_HAL_DRIVER -DSTM32F429xx -c -I../Inc -I"/home/denis/Documentos/CESE/ProgMicro/PdM_workspace-main/Practica2/Drivers/STM32F4xx_HAL_Driver/Inc" -I"/home/denis/Documentos/CESE/ProgMicro/PdM_workspace-main/Practica2/Drivers/CMSIS/Include" -I"/home/denis/Documentos/CESE/ProgMicro/PdM_workspace-main/Practica2/Drivers/CMSIS/Device/ST/STM32F4xx/Include" -I"/home/denis/Documentos/CESE/ProgMicro/PdM_workspace-main/Practica2/Drivers/BSP/STM32F4xx_Nucleo_144" -I"/home/denis/Documentos/CESE/ProgMicro/PdM_workspace-main/Practica2/Drivers/Core/Inc" -O0 -ffunction-sections -fdata-sections -Wall -fstack-usage -MMD -MP -MF"Drivers/STM32F4xx_HAL_Driver/Src/stm32f4xx_hal_irda.d" -MT"Drivers/STM32F4xx_HAL_Driver/Src/stm32f4xx_hal_irda.o" --specs=nano.specs -mfpu=fpv4-sp-d16 -mfloat-abi=hard -mthumb -o "Drivers/STM32F4xx_HAL_Driver/Src/stm32f4xx_hal_irda.o"
arm-none-eabi-gcc "../Drivers/STM32F4xx_HAL_Driver/Src/stm32f4xx_hal_iwdg.c" -mcpu=cortex-m4 -std=gnu11 -g3 -DDEBUG -DSTM32 -DSTM32F429ZITx -DSTM32F4 -DNUCLEO_F429ZI -DUSE_HAL_DRIVER -DSTM32F429xx -c -I../Inc -I"/home/denis/Documentos/CESE/ProgMicro/PdM_workspace-main/Practica2/Drivers/STM32F4xx_HAL_Driver/Inc" -I"/home/denis/Documentos/CESE/ProgMicro/PdM_workspace-main/Practica2/Drivers/CMSIS/Include" -I"/home/denis/Documentos/CESE/ProgMicro/PdM_workspace-main/Practica2/Drivers/CMSIS/Device/ST/STM32F4xx/Include" -I"/home/denis/Documentos/CESE/ProgMicro/PdM_workspace-main/Practica2/Drivers/BSP/STM32F4xx_Nucleo_144" -I"/home/denis/Documentos/CESE/ProgMicro/PdM_workspace-main/Practica2/Drivers/Core/Inc" -O0 -ffunction-sections -fdata-sections -Wall -fstack-usage -MMD -MP -MF"Drivers/STM32F4xx_HAL_Driver/Src/stm32f4xx_hal_iwdg.d" -MT"Drivers/STM32F4xx_HAL_Driver/Src/stm32f4xx_hal_iwdg.o" --specs=nano.specs -mfpu=fpv4-sp-d16 -mfloat-abi=hard -mthumb -o "Drivers/STM32F4xx_HAL_Driver/Src/stm32f4xx_hal_iwdg.o"
arm-none-eabi-gcc "../Drivers/STM32F4xx_HAL_Driver/Src/stm32f4xx_hal_lptim.c" -mcpu=cortex-m4 -std=gnu11 -g3 -DDEBUG -DSTM32 -DSTM32F429ZITx -DSTM32F4 -DNUCLEO_F429ZI -DUSE_HAL_DRIVER -DSTM32F429xx -c -I../Inc -I"/home/denis/Documentos/CESE/ProgMicro/PdM_workspace-main/Practica2/Drivers/STM32F4xx_HAL_Driver/Inc" -I"/home/denis/Documentos/CESE/ProgMicro/PdM_workspace-main/Practica2/Drivers/CMSIS/Include" -I"/home/denis/Documentos/CESE/ProgMicro/PdM_workspace-main/Practica2/Drivers/CMSIS/Device/ST/STM32F4xx/Include" -I"/home/denis/Documentos/CESE/ProgMicro/PdM_workspace-main/Practica2/Drivers/BSP/STM32F4xx_Nucleo_144" -I"/home/denis/Documentos/CESE/ProgMicro/PdM_workspace-main/Practica2/Drivers/Core/Inc" -O0 -ffunction-sections -fdata-sections -Wall -fstack-usage -MMD -MP -MF"Drivers/STM32F4xx_HAL_Driver/Src/stm32f4xx_hal_lptim.d" -MT"Drivers/STM32F4xx_HAL_Driver/Src/stm32f4xx_hal_lptim.o" --specs=nano.specs -mfpu=fpv4-sp-d16 -mfloat-abi=hard -mthumb -o "Drivers/STM32F4xx_HAL_Driver/Src/stm32f4xx_hal_lptim.o"
arm-none-eabi-gcc "../Drivers/STM32F4xx_HAL_Driver/Src/stm32f4xx_hal_ltdc.c" -mcpu=cortex-m4 -std=gnu11 -g3 -DDEBUG -DSTM32 -DSTM32F429ZITx -DSTM32F4 -DNUCLEO_F429ZI -DUSE_HAL_DRIVER -DSTM32F429xx -c -I../Inc -I"/home/denis/Documentos/CESE/ProgMicro/PdM_workspace-main/Practica2/Drivers/STM32F4xx_HAL_Driver/Inc" -I"/home/denis/Documentos/CESE/ProgMicro/PdM_workspace-main/Practica2/Drivers/CMSIS/Include" -I"/home/denis/Documentos/CESE/ProgMicro/PdM_workspace-main/Practica2/Drivers/CMSIS/Device/ST/STM32F4xx/Include" -I"/home/denis/Documentos/CESE/ProgMicro/PdM_workspace-main/Practica2/Drivers/BSP/STM32F4xx_Nucleo_144" -I"/home/denis/Documentos/CESE/ProgMicro/PdM_workspace-main/Practica2/Drivers/Core/Inc" -O0 -ffunction-sections -fdata-sections -Wall -fstack-usage -MMD -MP -MF"Drivers/STM32F4xx_HAL_Driver/Src/stm32f4xx_hal_ltdc.d" -MT"Drivers/STM32F4xx_HAL_Driver/Src/stm32f4xx_hal_ltdc.o" --specs=nano.specs -mfpu=fpv4-sp-d16 -mfloat-abi=hard -mthumb -o "Drivers/STM32F4xx_HAL_Driver/Src/stm32f4xx_hal_ltdc.o"
arm-none-eabi-gcc "../Drivers/STM32F4xx_HAL_Driver/Src/stm32f4xx_hal_ltdc_ex.c" -mcpu=cortex-m4 -std=gnu11 -g3 -DDEBUG -DSTM32 -DSTM32F429ZITx -DSTM32F4 -DNUCLEO_F429ZI -DUSE_HAL_DRIVER -DSTM32F429xx -c -I../Inc -I"/home/denis/Documentos/CESE/ProgMicro/PdM_workspace-main/Practica2/Drivers/STM32F4xx_HAL_Driver/Inc" -I"/home/denis/Documentos/CESE/ProgMicro/PdM_workspace-main/Practica2/Drivers/CMSIS/Include" -I"/home/denis/Documentos/CESE/ProgMicro/PdM_workspace-main/Practica2/Drivers/CMSIS/Device/ST/STM32F4xx/Include" -I"/home/denis/Documentos/CESE/ProgMicro/PdM_workspace-main/Practica2/Drivers/BSP/STM32F4xx_Nucleo_144" -I"/home/denis/Documentos/CESE/ProgMicro/PdM_workspace-main/Practica2/Drivers/Core/Inc" -O0 -ffunction-sections -fdata-sections -Wall -fstack-usage -MMD -MP -MF"Drivers/STM32F4xx_HAL_Driver/Src/stm32f4xx_hal_ltdc_ex.d" -MT"Drivers/STM32F4xx_HAL_Driver/Src/stm32f4xx_hal_ltdc_ex.o" --specs=nano.specs -mfpu=fpv4-sp-d16 -mfloat-abi=hard -mthumb -o "Drivers/STM32F4xx_HAL_Driver/Src/stm32f4xx_hal_ltdc_ex.o"
arm-none-eabi-gcc "../Drivers/STM32F4xx_HAL_Driver/Src/stm32f4xx_hal_mmc.c" -mcpu=cortex-m4 -std=gnu11 -g3 -DDEBUG -DSTM32 -DSTM32F429ZITx -DSTM32F4 -DNUCLEO_F429ZI -DUSE_HAL_DRIVER -DSTM32F429xx -c -I../Inc -I"/home/denis/Documentos/CESE/ProgMicro/PdM_workspace-main/Practica2/Drivers/STM32F4xx_HAL_Driver/Inc" -I"/home/denis/Documentos/CESE/ProgMicro/PdM_workspace-main/Practica2/Drivers/CMSIS/Include" -I"/home/denis/Documentos/CESE/ProgMicro/PdM_workspace-main/Practica2/Drivers/CMSIS/Device/ST/STM32F4xx/Include" -I"/home/denis/Documentos/CESE/ProgMicro/PdM_workspace-main/Practica2/Drivers/BSP/STM32F4xx_Nucleo_144" -I"/home/denis/Documentos/CESE/ProgMicro/PdM_workspace-main/Practica2/Drivers/Core/Inc" -O0 -ffunction-sections -fdata-sections -Wall -fstack-usage -MMD -MP -MF"Drivers/STM32F4xx_HAL_Driver/Src/stm32f4xx_hal_mmc.d" -MT"Drivers/STM32F4xx_HAL_Driver/Src/stm32f4xx_hal_mmc.o" --specs=nano.specs -mfpu=fpv4-sp-d16 -mfloat-abi=hard -mthumb -o "Drivers/STM32F4xx_HAL_Driver/Src/stm32f4xx_hal_mmc.o"
arm-none-eabi-gcc "../Drivers/STM32F4xx_HAL_Driver/Src/stm32f4xx_hal_msp.c" -mcpu=cortex-m4 -std=gnu11 -g3 -DDEBUG -DSTM32 -DSTM32F429ZITx -DSTM32F4 -DNUCLEO_F429ZI -DUSE_HAL_DRIVER -DSTM32F429xx -c -I../Inc -I"/home/denis/Documentos/CESE/ProgMicro/PdM_workspace-main/Practica2/Drivers/STM32F4xx_HAL_Driver/Inc" -I"/home/denis/Documentos/CESE/ProgMicro/PdM_workspace-main/Practica2/Drivers/CMSIS/Include" -I"/home/denis/Documentos/CESE/ProgMicro/PdM_workspace-main/Practica2/Drivers/CMSIS/Device/ST/STM32F4xx/Include" -I"/home/denis/Documentos/CESE/ProgMicro/PdM_workspace-main/Practica2/Drivers/BSP/STM32F4xx_Nucleo_144" -I"/home/denis/Documentos/CESE/ProgMicro/PdM_workspace-main/Practica2/Drivers/Core/Inc" -O0 -ffunction-sections -fdata-sections -Wall -fstack-usage -MMD -MP -MF"Drivers/STM32F4xx_HAL_Driver/Src/stm32f4xx_hal_msp.d" -MT"Drivers/STM32F4xx_HAL_Driver/Src/stm32f4xx_hal_msp.o" --specs=nano.specs -mfpu=fpv4-sp-d16 -mfloat-abi=hard -mthumb -o "Drivers/STM32F4xx_HAL_Driver/Src/stm32f4xx_hal_msp.o"
arm-none-eabi-gcc "../Drivers/STM32F4xx_HAL_Driver/Src/stm32f4xx_hal_msp_template.c" -mcpu=cortex-m4 -std=gnu11 -g3 -DDEBUG -DSTM32 -DSTM32F429ZITx -DSTM32F4 -DNUCLEO_F429ZI -DUSE_HAL_DRIVER -DSTM32F429xx -c -I../Inc -I"/home/denis/Documentos/CESE/ProgMicro/PdM_workspace-main/Practica2/Drivers/STM32F4xx_HAL_Driver/Inc" -I"/home/denis/Documentos/CESE/ProgMicro/PdM_workspace-main/Practica2/Drivers/CMSIS/Include" -I"/home/denis/Documentos/CESE/ProgMicro/PdM_workspace-main/Practica2/Drivers/CMSIS/Device/ST/STM32F4xx/Include" -I"/home/denis/Documentos/CESE/ProgMicro/PdM_workspace-main/Practica2/Drivers/BSP/STM32F4xx_Nucleo_144" -I"/home/denis/Documentos/CESE/ProgMicro/PdM_workspace-main/Practica2/Drivers/Core/Inc" -O0 -ffunction-sections -fdata-sections -Wall -fstack-usage -MMD -MP -MF"Drivers/STM32F4xx_HAL_Driver/Src/stm32f4xx_hal_msp_template.d" -MT"Drivers/STM32F4xx_HAL_Driver/Src/stm32f4xx_hal_msp_template.o" --specs=nano.specs -mfpu=fpv4-sp-d16 -mfloat-abi=hard -mthumb -o "Drivers/STM32F4xx_HAL_Driver/Src/stm32f4xx_hal_msp_template.o"
arm-none-eabi-gcc "../Drivers/STM32F4xx_HAL_Driver/Src/stm32f4xx_hal_nand.c" -mcpu=cortex-m4 -std=gnu11 -g3 -DDEBUG -DSTM32 -DSTM32F429ZITx -DSTM32F4 -DNUCLEO_F429ZI -DUSE_HAL_DRIVER -DSTM32F429xx -c -I../Inc -I"/home/denis/Documentos/CESE/ProgMicro/PdM_workspace-main/Practica2/Drivers/STM32F4xx_HAL_Driver/Inc" -I"/home/denis/Documentos/CESE/ProgMicro/PdM_workspace-main/Practica2/Drivers/CMSIS/Include" -I"/home/denis/Documentos/CESE/ProgMicro/PdM_workspace-main/Practica2/Drivers/CMSIS/Device/ST/STM32F4xx/Include" -I"/home/denis/Documentos/CESE/ProgMicro/PdM_workspace-main/Practica2/Drivers/BSP/STM32F4xx_Nucleo_144" -I"/home/denis/Documentos/CESE/ProgMicro/PdM_workspace-main/Practica2/Drivers/Core/Inc" -O0 -ffunction-sections -fdata-sections -Wall -fstack-usage -MMD -MP -MF"Drivers/STM32F4xx_HAL_Driver/Src/stm32f4xx_hal_nand.d" -MT"Drivers/STM32F4xx_HAL_Driver/Src/stm32f4xx_hal_nand.o" --specs=nano.specs -mfpu=fpv4-sp-d16 -mfloat-abi=hard -mthumb -o "Drivers/STM32F4xx_HAL_Driver/Src/stm32f4xx_hal_nand.o"
arm-none-eabi-gcc "../Drivers/STM32F4xx_HAL_Driver/Src/stm32f4xx_hal_nor.c" -mcpu=cortex-m4 -std=gnu11 -g3 -DDEBUG -DSTM32 -DSTM32F429ZITx -DSTM32F4 -DNUCLEO_F429ZI -DUSE_HAL_DRIVER -DSTM32F429xx -c -I../Inc -I"/home/denis/Documentos/CESE/ProgMicro/PdM_workspace-main/Practica2/Drivers/STM32F4xx_HAL_Driver/Inc" -I"/home/denis/Documentos/CESE/ProgMicro/PdM_workspace-main/Practica2/Drivers/CMSIS/Include" -I"/home/denis/Documentos/CESE/ProgMicro/PdM_workspace-main/Practica2/Drivers/CMSIS/Device/ST/STM32F4xx/Include" -I"/home/denis/Documentos/CESE/ProgMicro/PdM_workspace-main/Practica2/Drivers/BSP/STM32F4xx_Nucleo_144" -I"/home/denis/Documentos/CESE/ProgMicro/PdM_workspace-main/Practica2/Drivers/Core/Inc" -O0 -ffunction-sections -fdata-sections -Wall -fstack-usage -MMD -MP -MF"Drivers/STM32F4xx_HAL_Driver/Src/stm32f4xx_hal_nor.d" -MT"Drivers/STM32F4xx_HAL_Driver/Src/stm32f4xx_hal_nor.o" --specs=nano.specs -mfpu=fpv4-sp-d16 -mfloat-abi=hard -mthumb -o "Drivers/STM32F4xx_HAL_Driver/Src/stm32f4xx_hal_nor.o"
arm-none-eabi-gcc "../Drivers/STM32F4xx_HAL_Driver/Src/stm32f4xx_hal_pccard.c" -mcpu=cortex-m4 -std=gnu11 -g3 -DDEBUG -DSTM32 -DSTM32F429ZITx -DSTM32F4 -DNUCLEO_F429ZI -DUSE_HAL_DRIVER -DSTM32F429xx -c -I../Inc -I"/home/denis/Documentos/CESE/ProgMicro/PdM_workspace-main/Practica2/Drivers/STM32F4xx_HAL_Driver/Inc" -I"/home/denis/Documentos/CESE/ProgMicro/PdM_workspace-main/Practica2/Drivers/CMSIS/Include" -I"/home/denis/Documentos/CESE/ProgMicro/PdM_workspace-main/Practica2/Drivers/CMSIS/Device/ST/STM32F4xx/Include" -I"/home/denis/Documentos/CESE/ProgMicro/PdM_workspace-main/Practica2/Drivers/BSP/STM32F4xx_Nucleo_144" -I"/home/denis/Documentos/CESE/ProgMicro/PdM_workspace-main/Practica2/Drivers/Core/Inc" -O0 -ffunction-sections -fdata-sections -Wall -fstack-usage -MMD -MP -MF"Drivers/STM32F4xx_HAL_Driver/Src/stm32f4xx_hal_pccard.d" -MT"Drivers/STM32F4xx_HAL_Driver/Src/stm32f4xx_hal_pccard.o" --specs=nano.specs -mfpu=fpv4-sp-d16 -mfloat-abi=hard -mthumb -o "Drivers/STM32F4xx_HAL_Driver/Src/stm32f4xx_hal_pccard.o"
arm-none-eabi-gcc "../Drivers/STM32F4xx_HAL_Driver/Src/stm32f4xx_hal_pcd.c" -mcpu=cortex-m4 -std=gnu11 -g3 -DDEBUG -DSTM32 -DSTM32F429ZITx -DSTM32F4 -DNUCLEO_F429ZI -DUSE_HAL_DRIVER -DSTM32F429xx -c -I../Inc -I"/home/denis/Documentos/CESE/ProgMicro/PdM_workspace-main/Practica2/Drivers/STM32F4xx_HAL_Driver/Inc" -I"/home/denis/Documentos/CESE/ProgMicro/PdM_workspace-main/Practica2/Drivers/CMSIS/Include" -I"/home/denis/Documentos/CESE/ProgMicro/PdM_workspace-main/Practica2/Drivers/CMSIS/Device/ST/STM32F4xx/Include" -I"/home/denis/Documentos/CESE/ProgMicro/PdM_workspace-main/Practica2/Drivers/BSP/STM32F4xx_Nucleo_144" -I"/home/denis/Documentos/CESE/ProgMicro/PdM_workspace-main/Practica2/Drivers/Core/Inc" -O0 -ffunction-sections -fdata-sections -Wall -fstack-usage -MMD -MP -MF"Drivers/STM32F4xx_HAL_Driver/Src/stm32f4xx_hal_pcd.d" -MT"Drivers/STM32F4xx_HAL_Driver/Src/stm32f4xx_hal_pcd.o" --specs=nano.specs -mfpu=fpv4-sp-d16 -mfloat-abi=hard -mthumb -o "Drivers/STM32F4xx_HAL_Driver/Src/stm32f4xx_hal_pcd.o"
arm-none-eabi-gcc "../Drivers/STM32F4xx_HAL_Driver/Src/stm32f4xx_hal_pcd_ex.c" -mcpu=cortex-m4 -std=gnu11 -g3 -DDEBUG -DSTM32 -DSTM32F429ZITx -DSTM32F4 -DNUCLEO_F429ZI -DUSE_HAL_DRIVER -DSTM32F429xx -c -I../Inc -I"/home/denis/Documentos/CESE/ProgMicro/PdM_workspace-main/Practica2/Drivers/STM32F4xx_HAL_Driver/Inc" -I"/home/denis/Documentos/CESE/ProgMicro/PdM_workspace-main/Practica2/Drivers/CMSIS/Include" -I"/home/denis/Documentos/CESE/ProgMicro/PdM_workspace-main/Practica2/Drivers/CMSIS/Device/ST/STM32F4xx/Include" -I"/home/denis/Documentos/CESE/ProgMicro/PdM_workspace-main/Practica2/Drivers/BSP/STM32F4xx_Nucleo_144" -I"/home/denis/Documentos/CESE/ProgMicro/PdM_workspace-main/Practica2/Drivers/Core/Inc" -O0 -ffunction-sections -fdata-sections -Wall -fstack-usage -MMD -MP -MF"Drivers/STM32F4xx_HAL_Driver/Src/stm32f4xx_hal_pcd_ex.d" -MT"Drivers/STM32F4xx_HAL_Driver/Src/stm32f4xx_hal_pcd_ex.o" --specs=nano.specs -mfpu=fpv4-sp-d16 -mfloat-abi=hard -mthumb -o "Drivers/STM32F4xx_HAL_Driver/Src/stm32f4xx_hal_pcd_ex.o"
arm-none-eabi-gcc "../Drivers/STM32F4xx_HAL_Driver/Src/stm32f4xx_hal_pwr.c" -mcpu=cortex-m4 -std=gnu11 -g3 -DDEBUG -DSTM32 -DSTM32F429ZITx -DSTM32F4 -DNUCLEO_F429ZI -DUSE_HAL_DRIVER -DSTM32F429xx -c -I../Inc -I"/home/denis/Documentos/CESE/ProgMicro/PdM_workspace-main/Practica2/Drivers/STM32F4xx_HAL_Driver/Inc" -I"/home/denis/Documentos/CESE/ProgMicro/PdM_workspace-main/Practica2/Drivers/CMSIS/Include" -I"/home/denis/Documentos/CESE/ProgMicro/PdM_workspace-main/Practica2/Drivers/CMSIS/Device/ST/STM32F4xx/Include" -I"/home/denis/Documentos/CESE/ProgMicro/PdM_workspace-main/Practica2/Drivers/BSP/STM32F4xx_Nucleo_144" -I"/home/denis/Documentos/CESE/ProgMicro/PdM_workspace-main/Practica2/Drivers/Core/Inc" -O0 -ffunction-sections -fdata-sections -Wall -fstack-usage -MMD -MP -MF"Drivers/STM32F4xx_HAL_Driver/Src/stm32f4xx_hal_pwr.d" -MT"Drivers/STM32F4xx_HAL_Driver/Src/stm32f4xx_hal_pwr.o" --specs=nano.specs -mfpu=fpv4-sp-d16 -mfloat-abi=hard -mthumb -o "Drivers/STM32F4xx_HAL_Driver/Src/stm32f4xx_hal_pwr.o"
arm-none-eabi-gcc "../Drivers/STM32F4xx_HAL_Driver/Src/stm32f4xx_hal_pwr_ex.c" -mcpu=cortex-m4 -std=gnu11 -g3 -DDEBUG -DSTM32 -DSTM32F429ZITx -DSTM32F4 -DNUCLEO_F429ZI -DUSE_HAL_DRIVER -DSTM32F429xx -c -I../Inc -I"/home/denis/Documentos/CESE/ProgMicro/PdM_workspace-main/Practica2/Drivers/STM32F4xx_HAL_Driver/Inc" -I"/home/denis/Documentos/CESE/ProgMicro/PdM_workspace-main/Practica2/Drivers/CMSIS/Include" -I"/home/denis/Documentos/CESE/ProgMicro/PdM_workspace-main/Practica2/Drivers/CMSIS/Device/ST/STM32F4xx/Include" -I"/home/denis/Documentos/CESE/ProgMicro/PdM_workspace-main/Practica2/Drivers/BSP/STM32F4xx_Nucleo_144" -I"/home/denis/Documentos/CESE/ProgMicro/PdM_workspace-main/Practica2/Drivers/Core/Inc" -O0 -ffunction-sections -fdata-sections -Wall -fstack-usage -MMD -MP -MF"Drivers/STM32F4xx_HAL_Driver/Src/stm32f4xx_hal_pwr_ex.d" -MT"Drivers/STM32F4xx_HAL_Driver/Src/stm32f4xx_hal_pwr_ex.o" --specs=nano.specs -mfpu=fpv4-sp-d16 -mfloat-abi=hard -mthumb -o "Drivers/STM32F4xx_HAL_Driver/Src/stm32f4xx_hal_pwr_ex.o"
arm-none-eabi-gcc "../Drivers/STM32F4xx_HAL_Driver/Src/stm32f4xx_hal_qspi.c" -mcpu=cortex-m4 -std=gnu11 -g3 -DDEBUG -DSTM32 -DSTM32F429ZITx -DSTM32F4 -DNUCLEO_F429ZI -DUSE_HAL_DRIVER -DSTM32F429xx -c -I../Inc -I"/home/denis/Documentos/CESE/ProgMicro/PdM_workspace-main/Practica2/Drivers/STM32F4xx_HAL_Driver/Inc" -I"/home/denis/Documentos/CESE/ProgMicro/PdM_workspace-main/Practica2/Drivers/CMSIS/Include" -I"/home/denis/Documentos/CESE/ProgMicro/PdM_workspace-main/Practica2/Drivers/CMSIS/Device/ST/STM32F4xx/Include" -I"/home/denis/Documentos/CESE/ProgMicro/PdM_workspace-main/Practica2/Drivers/BSP/STM32F4xx_Nucleo_144" -I"/home/denis/Documentos/CESE/ProgMicro/PdM_workspace-main/Practica2/Drivers/Core/Inc" -O0 -ffunction-sections -fdata-sections -Wall -fstack-usage -MMD -MP -MF"Drivers/STM32F4xx_HAL_Driver/Src/stm32f4xx_hal_qspi.d" -MT"Drivers/STM32F4xx_HAL_Driver/Src/stm32f4xx_hal_qspi.o" --specs=nano.specs -mfpu=fpv4-sp-d16 -mfloat-abi=hard -mthumb -o "Drivers/STM32F4xx_HAL_Driver/Src/stm32f4xx_hal_qspi.o"
arm-none-eabi-gcc "../Drivers/STM32F4xx_HAL_Driver/Src/stm32f4xx_hal_rcc.c" -mcpu=cortex-m4 -std=gnu11 -g3 -DDEBUG -DSTM32 -DSTM32F429ZITx -DSTM32F4 -DNUCLEO_F429ZI -DUSE_HAL_DRIVER -DSTM32F429xx -c -I../Inc -I"/home/denis/Documentos/CESE/ProgMicro/PdM_workspace-main/Practica2/Drivers/STM32F4xx_HAL_Driver/Inc" -I"/home/denis/Documentos/CESE/ProgMicro/PdM_workspace-main/Practica2/Drivers/CMSIS/Include" -I"/home/denis/Documentos/CESE/ProgMicro/PdM_workspace-main/Practica2/Drivers/CMSIS/Device/ST/STM32F4xx/Include" -I"/home/denis/Documentos/CESE/ProgMicro/PdM_workspace-main/Practica2/Drivers/BSP/STM32F4xx_Nucleo_144" -I"/home/denis/Documentos/CESE/ProgMicro/PdM_workspace-main/Practica2/Drivers/Core/Inc" -O0 -ffunction-sections -fdata-sections -Wall -fstack-usage -MMD -MP -MF"Drivers/STM32F4xx_HAL_Driver/Src/stm32f4xx_hal_rcc.d" -MT"Drivers/STM32F4xx_HAL_Driver/Src/stm32f4xx_hal_rcc.o" --specs=nano.specs -mfpu=fpv4-sp-d16 -mfloat-abi=hard -mthumb -o "Drivers/STM32F4xx_HAL_Driver/Src/stm32f4xx_hal_rcc.o"
arm-none-eabi-gcc "../Drivers/STM32F4xx_HAL_Driver/Src/stm32f4xx_hal_rcc_ex.c" -mcpu=cortex-m4 -std=gnu11 -g3 -DDEBUG -DSTM32 -DSTM32F429ZITx -DSTM32F4 -DNUCLEO_F429ZI -DUSE_HAL_DRIVER -DSTM32F429xx -c -I../Inc -I"/home/denis/Documentos/CESE/ProgMicro/PdM_workspace-main/Practica2/Drivers/STM32F4xx_HAL_Driver/Inc" -I"/home/denis/Documentos/CESE/ProgMicro/PdM_workspace-main/Practica2/Drivers/CMSIS/Include" -I"/home/denis/Documentos/CESE/ProgMicro/PdM_workspace-main/Practica2/Drivers/CMSIS/Device/ST/STM32F4xx/Include" -I"/home/denis/Documentos/CESE/ProgMicro/PdM_workspace-main/Practica2/Drivers/BSP/STM32F4xx_Nucleo_144" -I"/home/denis/Documentos/CESE/ProgMicro/PdM_workspace-main/Practica2/Drivers/Core/Inc" -O0 -ffunction-sections -fdata-sections -Wall -fstack-usage -MMD -MP -MF"Drivers/STM32F4xx_HAL_Driver/Src/stm32f4xx_hal_rcc_ex.d" -MT"Drivers/STM32F4xx_HAL_Driver/Src/stm32f4xx_hal_rcc_ex.o" --specs=nano.specs -mfpu=fpv4-sp-d16 -mfloat-abi=hard -mthumb -o "Drivers/STM32F4xx_HAL_Driver/Src/stm32f4xx_hal_rcc_ex.o"
arm-none-eabi-gcc "../Drivers/STM32F4xx_HAL_Driver/Src/stm32f4xx_hal_rng.c" -mcpu=cortex-m4 -std=gnu11 -g3 -DDEBUG -DSTM32 -DSTM32F429ZITx -DSTM32F4 -DNUCLEO_F429ZI -DUSE_HAL_DRIVER -DSTM32F429xx -c -I../Inc -I"/home/denis/Documentos/CESE/ProgMicro/PdM_workspace-main/Practica2/Drivers/STM32F4xx_HAL_Driver/Inc" -I"/home/denis/Documentos/CESE/ProgMicro/PdM_workspace-main/Practica2/Drivers/CMSIS/Include" -I"/home/denis/Documentos/CESE/ProgMicro/PdM_workspace-main/Practica2/Drivers/CMSIS/Device/ST/STM32F4xx/Include" -I"/home/denis/Documentos/CESE/ProgMicro/PdM_workspace-main/Practica2/Drivers/BSP/STM32F4xx_Nucleo_144" -I"/home/denis/Documentos/CESE/ProgMicro/PdM_workspace-main/Practica2/Drivers/Core/Inc" -O0 -ffunction-sections -fdata-sections -Wall -fstack-usage -MMD -MP -MF"Drivers/STM32F4xx_HAL_Driver/Src/stm32f4xx_hal_rng.d" -MT"Drivers/STM32F4xx_HAL_Driver/Src/stm32f4xx_hal_rng.o" --specs=nano.specs -mfpu=fpv4-sp-d16 -mfloat-abi=hard -mthumb -o "Drivers/STM32F4xx_HAL_Driver/Src/stm32f4xx_hal_rng.o"
arm-none-eabi-gcc "../Drivers/STM32F4xx_HAL_Driver/Src/stm32f4xx_hal_rtc.c" -mcpu=cortex-m4 -std=gnu11 -g3 -DDEBUG -DSTM32 -DSTM32F429ZITx -DSTM32F4 -DNUCLEO_F429ZI -DUSE_HAL_DRIVER -DSTM32F429xx -c -I../Inc -I"/home/denis/Documentos/CESE/ProgMicro/PdM_workspace-main/Practica2/Drivers/STM32F4xx_HAL_Driver/Inc" -I"/home/denis/Documentos/CESE/ProgMicro/PdM_workspace-main/Practica2/Drivers/CMSIS/Include" -I"/home/denis/Documentos/CESE/ProgMicro/PdM_workspace-main/Practica2/Drivers/CMSIS/Device/ST/STM32F4xx/Include" -I"/home/denis/Documentos/CESE/ProgMicro/PdM_workspace-main/Practica2/Drivers/BSP/STM32F4xx_Nucleo_144" -I"/home/denis/Documentos/CESE/ProgMicro/PdM_workspace-main/Practica2/Drivers/Core/Inc" -O0 -ffunction-sections -fdata-sections -Wall -fstack-usage -MMD -MP -MF"Drivers/STM32F4xx_HAL_Driver/Src/stm32f4xx_hal_rtc.d" -MT"Drivers/STM32F4xx_HAL_Driver/Src/stm32f4xx_hal_rtc.o" --specs=nano.specs -mfpu=fpv4-sp-d16 -mfloat-abi=hard -mthumb -o "Drivers/STM32F4xx_HAL_Driver/Src/stm32f4xx_hal_rtc.o"
arm-none-eabi-gcc "../Drivers/STM32F4xx_HAL_Driver/Src/stm32f4xx_hal_rtc_ex.c" -mcpu=cortex-m4 -std=gnu11 -g3 -DDEBUG -DSTM32 -DSTM32F429ZITx -DSTM32F4 -DNUCLEO_F429ZI -DUSE_HAL_DRIVER -DSTM32F429xx -c -I../Inc -I"/home/denis/Documentos/CESE/ProgMicro/PdM_workspace-main/Practica2/Drivers/STM32F4xx_HAL_Driver/Inc" -I"/home/denis/Documentos/CESE/ProgMicro/PdM_workspace-main/Practica2/Drivers/CMSIS/Include" -I"/home/denis/Documentos/CESE/ProgMicro/PdM_workspace-main/Practica2/Drivers/CMSIS/Device/ST/STM32F4xx/Include" -I"/home/denis/Documentos/CESE/ProgMicro/PdM_workspace-main/Practica2/Drivers/BSP/STM32F4xx_Nucleo_144" -I"/home/denis/Documentos/CESE/ProgMicro/PdM_workspace-main/Practica2/Drivers/Core/Inc" -O0 -ffunction-sections -fdata-sections -Wall -fstack-usage -MMD -MP -MF"Drivers/STM32F4xx_HAL_Driver/Src/stm32f4xx_hal_rtc_ex.d" -MT"Drivers/STM32F4xx_HAL_Driver/Src/stm32f4xx_hal_rtc_ex.o" --specs=nano.specs -mfpu=fpv4-sp-d16 -mfloat-abi=hard -mthumb -o "Drivers/STM32F4xx_HAL_Driver/Src/stm32f4xx_hal_rtc_ex.o"
arm-none-eabi-gcc "../Drivers/STM32F4xx_HAL_Driver/Src/stm32f4xx_hal_sai.c" -mcpu=cortex-m4 -std=gnu11 -g3 -DDEBUG -DSTM32 -DSTM32F429ZITx -DSTM32F4 -DNUCLEO_F429ZI -DUSE_HAL_DRIVER -DSTM32F429xx -c -I../Inc -I"/home/denis/Documentos/CESE/ProgMicro/PdM_workspace-main/Practica2/Drivers/STM32F4xx_HAL_Driver/Inc" -I"/home/denis/Documentos/CESE/ProgMicro/PdM_workspace-main/Practica2/Drivers/CMSIS/Include" -I"/home/denis/Documentos/CESE/ProgMicro/PdM_workspace-main/Practica2/Drivers/CMSIS/Device/ST/STM32F4xx/Include" -I"/home/denis/Documentos/CESE/ProgMicro/PdM_workspace-main/Practica2/Drivers/BSP/STM32F4xx_Nucleo_144" -I"/home/denis/Documentos/CESE/ProgMicro/PdM_workspace-main/Practica2/Drivers/Core/Inc" -O0 -ffunction-sections -fdata-sections -Wall -fstack-usage -MMD -MP -MF"Drivers/STM32F4xx_HAL_Driver/Src/stm32f4xx_hal_sai.d" -MT"Drivers/STM32F4xx_HAL_Driver/Src/stm32f4xx_hal_sai.o" --specs=nano.specs -mfpu=fpv4-sp-d16 -mfloat-abi=hard -mthumb -o "Drivers/STM32F4xx_HAL_Driver/Src/stm32f4xx_hal_sai.o"
arm-none-eabi-gcc "../Drivers/STM32F4xx_HAL_Driver/Src/stm32f4xx_hal_sai_ex.c" -mcpu=cortex-m4 -std=gnu11 -g3 -DDEBUG -DSTM32 -DSTM32F429ZITx -DSTM32F4 -DNUCLEO_F429ZI -DUSE_HAL_DRIVER -DSTM32F429xx -c -I../Inc -I"/home/denis/Documentos/CESE/ProgMicro/PdM_workspace-main/Practica2/Drivers/STM32F4xx_HAL_Driver/Inc" -I"/home/denis/Documentos/CESE/ProgMicro/PdM_workspace-main/Practica2/Drivers/CMSIS/Include" -I"/home/denis/Documentos/CESE/ProgMicro/PdM_workspace-main/Practica2/Drivers/CMSIS/Device/ST/STM32F4xx/Include" -I"/home/denis/Documentos/CESE/ProgMicro/PdM_workspace-main/Practica2/Drivers/BSP/STM32F4xx_Nucleo_144" -I"/home/denis/Documentos/CESE/ProgMicro/PdM_workspace-main/Practica2/Drivers/Core/Inc" -O0 -ffunction-sections -fdata-sections -Wall -fstack-usage -MMD -MP -MF"Drivers/STM32F4xx_HAL_Driver/Src/stm32f4xx_hal_sai_ex.d" -MT"Drivers/STM32F4xx_HAL_Driver/Src/stm32f4xx_hal_sai_ex.o" --specs=nano.specs -mfpu=fpv4-sp-d16 -mfloat-abi=hard -mthumb -o "Drivers/STM32F4xx_HAL_Driver/Src/stm32f4xx_hal_sai_ex.o"
arm-none-eabi-gcc "../Drivers/STM32F4xx_HAL_Driver/Src/stm32f4xx_hal_sd.c" -mcpu=cortex-m4 -std=gnu11 -g3 -DDEBUG -DSTM32 -DSTM32F429ZITx -DSTM32F4 -DNUCLEO_F429ZI -DUSE_HAL_DRIVER -DSTM32F429xx -c -I../Inc -I"/home/denis/Documentos/CESE/ProgMicro/PdM_workspace-main/Practica2/Drivers/STM32F4xx_HAL_Driver/Inc" -I"/home/denis/Documentos/CESE/ProgMicro/PdM_workspace-main/Practica2/Drivers/CMSIS/Include" -I"/home/denis/Documentos/CESE/ProgMicro/PdM_workspace-main/Practica2/Drivers/CMSIS/Device/ST/STM32F4xx/Include" -I"/home/denis/Documentos/CESE/ProgMicro/PdM_workspace-main/Practica2/Drivers/BSP/STM32F4xx_Nucleo_144" -I"/home/denis/Documentos/CESE/ProgMicro/PdM_workspace-main/Practica2/Drivers/Core/Inc" -O0 -ffunction-sections -fdata-sections -Wall -fstack-usage -MMD -MP -MF"Drivers/STM32F4xx_HAL_Driver/Src/stm32f4xx_hal_sd.d" -MT"Drivers/STM32F4xx_HAL_Driver/Src/stm32f4xx_hal_sd.o" --specs=nano.specs -mfpu=fpv4-sp-d16 -mfloat-abi=hard -mthumb -o "Drivers/STM32F4xx_HAL_Driver/Src/stm32f4xx_hal_sd.o"
arm-none-eabi-gcc "../Drivers/STM32F4xx_HAL_Driver/Src/stm32f4xx_hal_sdram.c" -mcpu=cortex-m4 -std=gnu11 -g3 -DDEBUG -DSTM32 -DSTM32F429ZITx -DSTM32F4 -DNUCLEO_F429ZI -DUSE_HAL_DRIVER -DSTM32F429xx -c -I../Inc -I"/home/denis/Documentos/CESE/ProgMicro/PdM_workspace-main/Practica2/Drivers/STM32F4xx_HAL_Driver/Inc" -I"/home/denis/Documentos/CESE/ProgMicro/PdM_workspace-main/Practica2/Drivers/CMSIS/Include" -I"/home/denis/Documentos/CESE/ProgMicro/PdM_workspace-main/Practica2/Drivers/CMSIS/Device/ST/STM32F4xx/Include" -I"/home/denis/Documentos/CESE/ProgMicro/PdM_workspace-main/Practica2/Drivers/BSP/STM32F4xx_Nucleo_144" -I"/home/denis/Documentos/CESE/ProgMicro/PdM_workspace-main/Practica2/Drivers/Core/Inc" -O0 -ffunction-sections -fdata-sections -Wall -fstack-usage -MMD -MP -MF"Drivers/STM32F4xx_HAL_Driver/Src/stm32f4xx_hal_sdram.d" -MT"Drivers/STM32F4xx_HAL_Driver/Src/stm32f4xx_hal_sdram.o" --specs=nano.specs -mfpu=fpv4-sp-d16 -mfloat-abi=hard -mthumb -o "Drivers/STM32F4xx_HAL_Driver/Src/stm32f4xx_hal_sdram.o"
arm-none-eabi-gcc "../Drivers/STM32F4xx_HAL_Driver/Src/stm32f4xx_hal_smartcard.c" -mcpu=cortex-m4 -std=gnu11 -g3 -DDEBUG -DSTM32 -DSTM32F429ZITx -DSTM32F4 -DNUCLEO_F429ZI -DUSE_HAL_DRIVER -DSTM32F429xx -c -I../Inc -I"/home/denis/Documentos/CESE/ProgMicro/PdM_workspace-main/Practica2/Drivers/STM32F4xx_HAL_Driver/Inc" -I"/home/denis/Documentos/CESE/ProgMicro/PdM_workspace-main/Practica2/Drivers/CMSIS/Include" -I"/home/denis/Documentos/CESE/ProgMicro/PdM_workspace-main/Practica2/Drivers/CMSIS/Device/ST/STM32F4xx/Include" -I"/home/denis/Documentos/CESE/ProgMicro/PdM_workspace-main/Practica2/Drivers/BSP/STM32F4xx_Nucleo_144" -I"/home/denis/Documentos/CESE/ProgMicro/PdM_workspace-main/Practica2/Drivers/Core/Inc" -O0 -ffunction-sections -fdata-sections -Wall -fstack-usage -MMD -MP -MF"Drivers/STM32F4xx_HAL_Driver/Src/stm32f4xx_hal_smartcard.d" -MT"Drivers/STM32F4xx_HAL_Driver/Src/stm32f4xx_hal_smartcard.o" --specs=nano.specs -mfpu=fpv4-sp-d16 -mfloat-abi=hard -mthumb -o "Drivers/STM32F4xx_HAL_Driver/Src/stm32f4xx_hal_smartcard.o"
arm-none-eabi-gcc "../Drivers/STM32F4xx_HAL_Driver/Src/stm32f4xx_hal_smbus.c" -mcpu=cortex-m4 -std=gnu11 -g3 -DDEBUG -DSTM32 -DSTM32F429ZITx -DSTM32F4 -DNUCLEO_F429ZI -DUSE_HAL_DRIVER -DSTM32F429xx -c -I../Inc -I"/home/denis/Documentos/CESE/ProgMicro/PdM_workspace-main/Practica2/Drivers/STM32F4xx_HAL_Driver/Inc" -I"/home/denis/Documentos/CESE/ProgMicro/PdM_workspace-main/Practica2/Drivers/CMSIS/Include" -I"/home/denis/Documentos/CESE/ProgMicro/PdM_workspace-main/Practica2/Drivers/CMSIS/Device/ST/STM32F4xx/Include" -I"/home/denis/Documentos/CESE/ProgMicro/PdM_workspace-main/Practica2/Drivers/BSP/STM32F4xx_Nucleo_144" -I"/home/denis/Documentos/CESE/ProgMicro/PdM_workspace-main/Practica2/Drivers/Core/Inc" -O0 -ffunction-sections -fdata-sections -Wall -fstack-usage -MMD -MP -MF"Drivers/STM32F4xx_HAL_Driver/Src/stm32f4xx_hal_smbus.d" -MT"Drivers/STM32F4xx_HAL_Driver/Src/stm32f4xx_hal_smbus.o" --specs=nano.specs -mfpu=fpv4-sp-d16 -mfloat-abi=hard -mthumb -o "Drivers/STM32F4xx_HAL_Driver/Src/stm32f4xx_hal_smbus.o"
[...]
arm-none-eabi-gcc "../Drivers/STM32F4xx_HAL_Driver/Src/stm32f4xx_ll_spi.c" -mcpu=cortex-m4 -std=gnu11 -g3 -DDEBUG -DSTM32 -DSTM32F429ZITx -DSTM32F4 -DNUCLEO_F429ZI -DUSE_HAL_DRIVER -DSTM32F429xx -c -I../Inc -I"/home/denis/Documentos/CESE/ProgMicro/PdM_workspace-main/Practica3/Drivers/STM32F4xx_HAL_Driver/Inc" -I"/home/denis/Documentos/CESE/ProgMicro/PdM_workspace-main/Practica3/Drivers/CMSIS/Include" -I"/home/denis/Documentos/CESE/ProgMicro/PdM_workspace-main/Practica3/Drivers/CMSIS/Device/ST/STM32F4xx/Include" -I"/home/denis/Documentos/CESE/ProgMicro/PdM_workspace-main/Practica3/Drivers/BSP/STM32F4xx_Nucleo_144" -I"/home/denis/Documentos/CESE/ProgMicro/PdM_workspace-main/Practica3/Drivers/Core/Inc" -I"/home/denis/Documentos/CESE/ProgMicro/PdM_workspace-main/Practica3/Drivers/API" -I"/home/denis/Documentos/CESE/ProgMicro/PdM_workspace-main/Practica3/Drivers/API/Inc" -O0 -ffunction-sections -fdata-sections -Wall -fstack-usage -MMD -MP -MF"Drivers/STM32F4xx_HAL_Driver/Src/stm32f4xx_ll_spi.d" -MT"Drivers/STM32F4xx_HAL_Driver/Src/stm32f4xx_ll_spi.o" --specs=nano.specs -mfpu=fpv4-sp-d16 -mfloat-abi=hard -mthumb -o "Drivers/STM32F4xx_HAL_Driver/Src/stm32f4xx_ll_spi.o"
arm-none-eabi-gcc "../Drivers/STM32F4xx_HAL_Driver/Src/stm32f4xx_ll_tim.c" -mcpu=cortex-m4 -std=gnu11 -g3 -DDEBUG -DSTM32 -DSTM32F429ZITx -DSTM32F4 -DNUCLEO_F429ZI -DUSE_HAL_DRIVER -DSTM32F429xx -c -I../Inc -I"/home/denis/Documentos/CESE/ProgMicro/PdM_workspace-main/Practica3/Drivers/STM32F4xx_HAL_Driver/Inc" -I"/home/denis/Documentos/CESE/ProgMicro/PdM_workspace-main/Practica3/Drivers/CMSIS/Include" -I"/home/denis/Documentos/CESE/ProgMicro/PdM_workspace-main/Practica3/Drivers/CMSIS/Device/ST/STM32F4xx/Include" -I"/home/denis/Documentos/CESE/ProgMicro/PdM_workspace-main/Practica3/Drivers/BSP/STM32F4xx_Nucleo_144" -I"/home/denis/Documentos/CESE/ProgMicro/PdM_workspace-main/Practica3/Drivers/Core/Inc" -I"/home/denis/Documentos/CESE/ProgMicro/PdM_workspace-main/Practica3/Drivers/API" -I"/home/denis/Documentos/CESE/ProgMicro/PdM_workspace-main/Practica3/Drivers/API/Inc" -O0 -ffunction-sections -fdata-sections -Wall -fstack-usage -MMD -MP -MF"Drivers/STM32F4xx_HAL_Driver/Src/stm32f4xx_ll_tim.d" -MT"Drivers/STM32F4xx_HAL_Driver/Src/stm32f4xx_ll_tim.o" --specs=nano.specs -mfpu=fpv4-sp-d16 -mfloat-abi=hard -mthumb -o "Drivers/STM32F4xx_HAL_Driver/Src/stm32f4xx_ll_tim.o"
arm-none-eabi-gcc "../Drivers/STM32F4xx_HAL_Driver/Src/stm32f4xx_ll_usart.c" -mcpu=cortex-m4 -std=gnu11 -g3 -DDEBUG -DSTM32 -DSTM32F429ZITx -DSTM32F4 -DNUCLEO_F429ZI -DUSE_HAL_DRIVER -DSTM32F429xx -c -I../Inc -I"/home/denis/Documentos/CESE/ProgMicro/PdM_workspace-main/Practica3/Drivers/STM32F4xx_HAL_Driver/Inc" -I"/home/denis/Documentos/CESE/ProgMicro/PdM_workspace-main/Practica3/Drivers/CMSIS/Include" -I"/home/denis/Documentos/CESE/ProgMicro/PdM_workspace-main/Practica3/Drivers/CMSIS/Device/ST/STM32F4xx/Include" -I"/home/denis/Documentos/CESE/ProgMicro/PdM_workspace-main/Practica3/Drivers/BSP/STM32F4xx_Nucleo_144" -I"/home/denis/Documentos/CESE/ProgMicro/PdM_workspace-main/Practica3/Drivers/Core/Inc" -I"/home/denis/Documentos/CESE/ProgMicro/PdM_workspace-main/Practica3/Drivers/API" -I"/home/denis/Documentos/CESE/ProgMicro/PdM_workspace-main/Practica3/Drivers/API/Inc" -O0 -ffunction-sections -fdata-sections -Wall -fstack-usage -MMD -MP -MF"Drivers/STM32F4xx_HAL_Driver/Src/stm32f4xx_ll_usart.d" -MT"Drivers/STM32F4xx_HAL_Driver/Src/stm32f4xx_ll_usart.o" --specs=nano.specs -mfpu=fpv4-sp-d16 -mfloat-abi=hard -mthumb -o "Drivers/STM32F4xx_HAL_Driver/Src/stm32f4xx_ll_usart.o"
arm-none-eabi-gcc "../Drivers/STM32F4xx_HAL_Driver/Src/stm32f4xx_ll_usb.c" -mcpu=cortex-m4 -std=gnu11 -g3 -DDEBUG -DSTM32 -DSTM32F429ZITx -DSTM32F4 -DNUCLEO_F429ZI -DUSE_HAL_DRIVER -DSTM32F429xx -c -I../Inc -I"/home/denis/Documentos/CESE/ProgMicro/PdM_workspace-main/Practica3/Drivers/STM32F4xx_HAL_Driver/Inc" -I"/home/denis/Documentos/CESE/ProgMicro/PdM_workspace-main/Practica3/Drivers/CMSIS/Include" -I"/home/denis/Documentos/CESE/ProgMicro/PdM_workspace-main/Practica3/Drivers/CMSIS/Device/ST/STM32F4xx/Include" -I"/home/denis/Documentos/CESE/ProgMicro/PdM_workspace-main/Practica3/Drivers/BSP/STM32F4xx_Nucleo_144" -I"/home/denis/Documentos/CESE/ProgMicro/PdM_workspace-main/Practica3/Drivers/Core/Inc" -I"/home/denis/Documentos/CESE/ProgMicro/PdM_workspace-main/Practica3/Drivers/API" -I"/home/denis/Documentos/CESE/ProgMicro/PdM_workspace-main/Practica3/Drivers/API/Inc" -O0 -ffunction-sections -fdata-sections -Wall -fstack-usage -MMD -MP -MF"Drivers/STM32F4xx_HAL_Driver/Src/stm32f4xx_ll_usb.d" -MT"Drivers/STM32F4xx_HAL_Driver/Src/stm32f4xx_ll_usb.o" --specs=nano.specs -mfpu=fpv4-sp-d16 -mfloat-abi=hard -mthumb -o "Drivers/STM32F4xx_HAL_Driver/Src/stm32f4xx_ll_usb.o"
arm-none-eabi-gcc "../Drivers/STM32F4xx_HAL_Driver/Src/stm32f4xx_ll_utils.c" -mcpu=cortex-m4 -std=gnu11 -g3 -DDEBUG -DSTM32 -DSTM32F429ZITx -DSTM32F4 -DNUCLEO_F429ZI -DUSE_HAL_DRIVER -DSTM32F429xx -c -I../Inc -I"/home/denis/Documentos/CESE/ProgMicro/PdM_workspace-main/Practica3/Drivers/STM32F4xx_HAL_Driver/Inc" -I"/home/denis/Documentos/CESE/ProgMicro/PdM_workspace-main/Practica3/Drivers/CMSIS/Include" -I"/home/denis/Documentos/CESE/ProgMicro/PdM_workspace-main/Practica3/Drivers/CMSIS/Device/ST/STM32F4xx/Include" -I"/home/denis/Documentos/CESE/ProgMicro/PdM_workspace-main/Practica3/Drivers/BSP/STM32F4xx_Nucleo_144" -I"/home/denis/Documentos/CESE/ProgMicro/PdM_workspace-main/Practica3/Drivers/Core/Inc" -I"/home/denis/Documentos/CESE/ProgMicro/PdM_workspace-main/Practica3/Drivers/API" -I"/home/denis/Documentos/CESE/ProgMicro/PdM_workspace-main/Practica3/Drivers/API/Inc" -O0 -ffunction-sections -fdata-sections -Wall -fstack-usage -MMD -MP -MF"Drivers/STM32F4xx_HAL_Driver/Src/stm32f4xx_ll_utils.d" -MT"Drivers/STM32F4xx_HAL_Driver/Src/stm32f4xx_ll_utils.o" --specs=nano.specs -mfpu=fpv4-sp-d16 -mfloat-abi=hard -mthumb -o "Drivers/STM32F4xx_HAL_Driver/Src/stm32f4xx_ll_utils.o"
arm-none-eabi-gcc "../Drivers/Core/Src/stm32f4xx_it.c" -mcpu=cortex-m4 -std=gnu11 -g3 -DDEBUG -DSTM32 -DSTM32F429ZITx -DSTM32F4 -DNUCLEO_F429ZI -DUSE_HAL_DRIVER -DSTM32F429xx -c -I../Inc -I"/home/denis/Documentos/CESE/ProgMicro/PdM_workspace-main/Practica3/Drivers/STM32F4xx_HAL_Driver/Inc" -I"/home/denis/Documentos/CESE/ProgMicro/PdM_workspace-main/Practica3/Drivers/CMSIS/Include" -I"/home/denis/Documentos/CESE/ProgMicro/PdM_workspace-main/Practica3/Drivers/CMSIS/Device/ST/STM32F4xx/Include" -I"/home/denis/Documentos/CESE/ProgMicro/PdM_workspace-main/Practica3/Drivers/BSP/STM32F4xx_Nucleo_144" -I"/home/denis/Documentos/CESE/ProgMicro/PdM_workspace-main/Practica3/Drivers/Core/Inc" -I"/home/denis/Documentos/CESE/ProgMicro/PdM_workspace-main/Practica3/Drivers/API" -I"/home/denis/Documentos/CESE/ProgMicro/PdM_workspace-main/Practica3/Drivers/API/Inc" -O0 -ffunction-sections -fdata-sections -Wall -fstack-usage -MMD -MP -MF"Drivers/Core/Src/stm32f4xx_it.d" -MT"Drivers/Core/Src/stm32f4xx_it.o" --specs=nano.specs -mfpu=fpv4-sp-d16 -mfloat-abi=hard -mthumb -o "Drivers/Core/Src/stm32f4xx_it.o"
arm-none-eabi-gcc "../Drivers/Core/Src/syscalls.c" -mcpu=cortex-m4 -std=gnu11 -g3 -DDEBUG -DSTM32 -DSTM32F429ZITx -DSTM32F4 -DNUCLEO_F429ZI -DUSE_HAL_DRIVER -DSTM32F429xx -c -I../Inc -I"/home/denis/Documentos/CESE/ProgMicro/PdM_workspace-main/Practica3/Drivers/STM32F4xx_HAL_Driver/Inc" -I"/home/denis/Documentos/CESE/ProgMicro/PdM_workspace-main/Practica3/Drivers/CMSIS/Include" -I"/home/denis/Documentos/CESE/ProgMicro/PdM_workspace-main/Practica3/Drivers/CMSIS/Device/ST/STM32F4xx/Include" -I"/home/denis/Documentos/CESE/ProgMicro/PdM_workspace-main/Practica3/Drivers/BSP/STM32F4xx_Nucleo_144" -I"/home/denis/Documentos/CESE/ProgMicro/PdM_workspace-main/Practica3/Drivers/Core/Inc" -I"/home/denis/Documentos/CESE/ProgMicro/PdM_workspace-main/Practica3/Drivers/API" -I"/home/denis/Documentos/CESE/ProgMicro/PdM_workspace-main/Practica3/Drivers/API/Inc" -O0 -ffunction-sections -fdata-sections -Wall -fstack-usage -MMD -MP -MF"Drivers/Core/Src/syscalls.d" -MT"Drivers/Core/Src/syscalls.o" --specs=nano.specs -mfpu=fpv4-sp-d16 -mfloat-abi=hard -mthumb -o "Drivers/Core/Src/syscalls.o"
arm-none-eabi-gcc "../Drivers/Core/Src/sysmem.c" -mcpu=cortex-m4 -std=gnu11 -g3 -DDEBUG -DSTM32 -DSTM32F429ZITx -DSTM32F4 -DNUCLEO_F429ZI -DUSE_HAL_DRIVER -DSTM32F429xx -c -I../Inc -I"/home/denis/Documentos/CESE/ProgMicro/PdM_workspace-main/Practica3/Drivers/STM32F4xx_HAL_Driver/Inc" -I"/home/denis/Documentos/CESE/ProgMicro/PdM_workspace-main/Practica3/Drivers/CMSIS/Include" -I"/home/denis/Documentos/CESE/ProgMicro/PdM_workspace-main/Practica3/Drivers/CMSIS/Device/ST/STM32F4xx/Include" -I"/home/denis/Documentos/CESE/ProgMicro/PdM_workspace-main/Practica3/Drivers/BSP/STM32F4xx_Nucleo_144" -I"/home/denis/Documentos/CESE/ProgMicro/PdM_workspace-main/Practica3/Drivers/Core/Inc" -I"/home/denis/Documentos/CESE/ProgMicro/PdM_workspace-main/Practica3/Drivers/API" -I"/home/denis/Documentos/CESE/ProgMicro/PdM_workspace-main/Practica3/Drivers/API/Inc" -O0 -ffunction-sections -fdata-sections -Wall -fstack-usage -MMD -MP -MF"Drivers/Core/Src/sysmem.d" -MT"Drivers/Core/Src/sysmem.o" --specs=nano.specs -mfpu=fpv4-sp-d16 -mfloat-abi=hard -mthumb -o "Drivers/Core/Src/sysmem.o"
arm-none-eabi-gcc "../Drivers/CMSIS/system_stm32f4xx.c" -mcpu=cortex-m4 -std=gnu11 -g3 -DDEBUG -DSTM32 -DSTM32F429ZITx -DSTM32F4 -DNUCLEO_F429ZI -DUSE_HAL_DRIVER -DSTM32F429xx -c -I../Inc -I"/home/denis/Documentos/CESE/ProgMicro/PdM_workspace-main/Practica3/Drivers/STM32F4xx_HAL_Driver/Inc" -I"/home/denis/Documentos/CESE/ProgMicro/PdM_workspace-main/Practica3/Drivers/CMSIS/Include" -I"/home/denis/Documentos/CESE/ProgMicro/PdM_workspace-main/Practica3/Drivers/CMSIS/Device/ST/STM32F4xx/Include" -I"/home/denis/Documentos/CESE/ProgMicro/PdM_workspace-main/Practica3/Drivers/BSP/STM32F4xx_Nucleo_144" -I"/home/denis/Documentos/CESE/ProgMicro/PdM_workspace-main/Practica3/Drivers/Core/Inc" -I"/home/denis/Documentos/CESE/ProgMicro/PdM_workspace-main/Practica3/Drivers/API" -I"/home/denis/Documentos/CESE/ProgMicro/PdM_workspace-main/Practica3/Drivers/API/Inc" -O0 -ffunction-sections -fdata-sections -Wall -fstack-usage -MMD -MP -MF"Drivers/CMSIS/system_stm32f4xx.d" -MT"Drivers/CMSIS/system_stm32f4xx.o" --specs=nano.specs -mfpu=fpv4-sp-d16 -mfloat-abi=hard -mthumb -o "Drivers/CMSIS/system_stm32f4xx.o"
arm-none-eabi-gcc "../Drivers/BSP/STM32F4xx_Nucleo_144/stm32f4xx_nucleo_144.c" -mcpu=cortex-m4 -std=gnu11 -g3 -DDEBUG -DSTM32 -DSTM32F429ZITx -DSTM32F4 -DNUCLEO_F429ZI -DUSE_HAL_DRIVER -DSTM32F429xx -c -I../Inc -I"/home/denis/Documentos/CESE/ProgMicro/PdM_workspace-main/Practica3/Drivers/STM32F4xx_HAL_Driver/Inc" -I"/home/denis/Documentos/CESE/ProgMicro/PdM_workspace-main/Practica3/Drivers/CMSIS/Include" -I"/home/denis/Documentos/CESE/ProgMicro/PdM_workspace-main/Practica3/Drivers/CMSIS/Device/ST/STM32F4xx/Include" -I"/home/denis/Documentos/CESE/ProgMicro/PdM_workspace-main/Practica3/Drivers/BSP/STM32F4xx_Nucleo_144" -I"/home/denis/Documentos/CESE/ProgMicro/PdM_workspace-main/Practica3/Drivers/Core/Inc" -I"/home/denis/Documentos/CESE/ProgMicro/PdM_workspace-main/Practica3/Drivers/API" -I"/home/denis/Documentos/CESE/ProgMicro/PdM_workspace-main/Practica3/Drivers/API/Inc" -O0 -ffunction-sections -fdata-sections -Wall -fstack-usage -MMD -MP -MF"Drivers/BSP/STM32F4xx_Nucleo_144/stm32f4xx_nucleo_144.d" -MT"Drivers/BSP/STM32F4xx_Nucleo_144/stm32f4xx_nucleo_144.o" --specs=nano.specs -mfpu=fpv4-sp-d16 -mfloat-abi=hard -mthumb -o "Drivers/BSP/STM32F4xx_Nucleo_144/stm32f4xx_nucleo_144.o"
arm-none-eabi-gcc "../Drivers/API/Src/API_delay.c" -mcpu=cortex-m4 -std=gnu11 -g3 -DDEBUG -DSTM32 -DSTM32F429ZITx -DSTM32F4 -DNUCLEO_F429ZI -DUSE_HAL_DRIVER -DSTM32F429xx -c -I../Inc -I"/home/denis/Documentos/CESE/ProgMicro/PdM_workspace-main/Practica3/Drivers/STM32F4xx_HAL_Driver/Inc" -I"/home/denis/Documentos/CESE/ProgMicro/PdM_workspace-main/Practica3/Drivers/CMSIS/Include" -I"/home/denis/Documentos/CESE/ProgMicro/PdM_workspace-main/Practica3/Drivers/CMSIS/Device/ST/STM32F4xx/Include" -I"/home/denis/Documentos/CESE/ProgMicro/PdM_workspace-main/Practica3/Drivers/BSP/STM32F4xx_Nucleo_144" -I"/home/denis/Documentos/CESE/ProgMicro/PdM_workspace-main/Practica3/Drivers/Core/Inc" -I"/home/denis/Documentos/CESE/ProgMicro/PdM_workspace-main/Practica3/Drivers/API" -I"/home/denis/Documentos/CESE/ProgMicro/PdM_workspace-main/Practica3/Drivers/API/Inc" -O0 -ffunction-sections -fdata-sections -Wall -fstack-usage -MMD -MP -MF"Drivers/API/Src/API_delay.d" -MT"Drivers/API/Src/API_delay.o" --specs=nano.specs -mfpu=fpv4-sp-d16 -mfloat-abi=hard -mthumb -o "Drivers/API/Src/API_delay.o"
../Drivers/API/Src/API_delay.c: In function 'delayRead':
../Drivers/API/Src/API_delay.c:36:22: warning: implicit declaration of function 'HAL_GetTick' [-Wimplicit-function-declaration]
   36 |   delay->startTime = HAL_GetTick();
      |                      ^~~~~~~~~~~
arm-none-eabi-gcc -o "Practica3.elf" @"objects.list"   -mcpu=cortex-m4 -T"/home/denis/Documentos/CESE/ProgMicro/PdM_workspace-main/Practica3/STM32F429ZITX_FLASH.ld" --specs=nosys.specs -Wl,-Map="Practica3.map" -Wl,--gc-sections -static --specs=nano.specs -mfpu=fpv4-sp-d16 -mfloat-abi=hard -mthumb -Wl,--start-group -lc -lm -Wl,--end-group
Finished building target: Practica3.elf
 
arm-none-eabi-size   Practica3.elf 
arm-none-eabi-objdump -h -S  Practica3.elf  > "Practica3.list"
   text	   data	    bss	    dec	    hex	filename
   6516	     32	   1568	   8116	   1fb4	Practica3.elf
Finished building: default.size.stdout
 
Finished building: Practica3.list
 
12:42:13 **** Incremental Build of configuration Debug for project Practica3 ****
make -j8 all 
arm-none-eabi-gcc "../Src/main.c" -mcpu=cortex-m4 -std=gnu11 -g3 -DDEBUG -DSTM32 -DSTM32F429ZITx -DSTM32F4 -DNUCLEO_F429ZI -DUSE_HAL_DRIVER -DSTM32F429xx -c -I../Inc -I"/home/denis/Documentos/CESE/ProgMicro/PdM_workspace-main/Practica3/Drivers/STM32F4xx_HAL_Driver/Inc" -I"/home/denis/Documentos/CESE/ProgMicro/PdM_workspace-main/Practica3/Drivers/CMSIS/Include" -I"/home/denis/Documentos/CESE/ProgMicro/PdM_workspace-main/Practica3/Drivers/CMSIS/Device/ST/STM32F4xx/Include" -I"/home/denis/Documentos/CESE/ProgMicro/PdM_workspace-main/Practica3/Drivers/BSP/STM32F4xx_Nucleo_144" -I"/home/denis/Documentos/CESE/ProgMicro/PdM_workspace-main/Practica3/Drivers/Core/Inc" -I"/home/denis/Documentos/CESE/ProgMicro/PdM_workspace-main/Practica3/Drivers/API" -I"/home/denis/Documentos/CESE/ProgMicro/PdM_workspace-main/Practica3/Drivers/API/Inc" -O0 -ffunction-sections -fdata-sections -Wall -fstack-usage -MMD -MP -MF"Src/main.d" -MT"Src/main.o" --specs=nano.specs -mfpu=fpv4-sp-d16 -mfloat-abi=hard -mthumb -o "Src/main.o"
arm-none-eabi-gcc "../Drivers/STM32F4xx_HAL_Driver/Src/stm32f4xx_hal_msp.c" -mcpu=cortex-m4 -std=gnu11 -g3 -DDEBUG -DSTM32 -DSTM32F429ZITx -DSTM32F4 -DNUCLEO_F429ZI -DUSE_HAL_DRIVER -DSTM32F429xx -c -I../Inc -I"/home/denis/Documentos/CESE/ProgMicro/PdM_workspace-main/Practica3/Drivers/STM32F4xx_HAL_Driver/Inc" -I"/home/denis/Documentos/CESE/ProgMicro/PdM_workspace-main/Practica3/Drivers/CMSIS/Include" -I"/home/denis/Documentos/CESE/ProgMicro/PdM_workspace-main/Practica3/Drivers/CMSIS/Device/ST/STM32F4xx/Include" -I"/home/denis/Documentos/CESE/ProgMicro/PdM_workspace-main/Practica3/Drivers/BSP/STM32F4xx_Nucleo_144" -I"/home/denis/Documentos/CESE/ProgMicro/PdM_workspace-main/Practica3/Drivers/Core/Inc" -I"/home/denis/Documentos/CESE/ProgMicro/PdM_workspace-main/Practica3/Drivers/API" -I"/home/denis/Documentos/CESE/ProgMicro/PdM_workspace-main/Practica3/Drivers/API/Inc" -O0 -ffunction-sections -fdata-sections -Wall -fstack-usage -MMD -MP -MF"Drivers/STM32F4xx_HAL_Driver/Src/stm32f4xx_hal_msp.d" -MT"Drivers/STM32F4xx_HAL_Driver/Src/stm32f4xx_hal_msp.o" --specs=nano.specs -mfpu=fpv4-sp-d16 -mfloat-abi=hard -mthumb -o "Drivers/STM32F4xx_HAL_Driver/Src/stm32f4xx_hal_msp.o"
arm-none-eabi-gcc "../Drivers/Core/Src/stm32f4xx_it.c" -mcpu=cortex-m4 -std=gnu11 -g3 -DDEBUG -DSTM32 -DSTM32F429ZITx -DSTM32F4 -DNUCLEO_F429ZI -DUSE_HAL_DRIVER -DSTM32F429xx -c -I../Inc -I"/home/denis/Documentos/CESE/ProgMicro/PdM_workspace-main/Practica3/Drivers/STM32F4xx_HAL_Driver/Inc" -I"/home/denis/Documentos/CESE/ProgMicro/PdM_workspace-main/Practica3/Drivers/CMSIS/Include" -I"/home/denis/Documentos/CESE/ProgMicro/PdM_workspace-main/Practica3/Drivers/CMSIS/Device/ST/STM32F4xx/Include" -I"/home/denis/Documentos/CESE/ProgMicro/PdM_workspace-main/Practica3/Drivers/BSP/STM32F4xx_Nucleo_144" -I"/home/denis/Documentos/CESE/ProgMicro/PdM_workspace-main/Practica3/Drivers/Core/Inc" -I"/home/denis/Documentos/CESE/ProgMicro/PdM_workspace-main/Practica3/Drivers/API" -I"/home/denis/Documentos/CESE/ProgMicro/PdM_workspace-main/Practica3/Drivers/API/Inc" -O0 -ffunction-sections -fdata-sections -Wall -fstack-usage -MMD -MP -MF"Drivers/Core/Src/stm32f4xx_it.d" -MT"Drivers/Core/Src/stm32f4xx_it.o" --specs=nano.specs -mfpu=fpv4-sp-d16 -mfloat-abi=hard -mthumb -o "Drivers/Core/Src/stm32f4xx_it.o"
arm-none-eabi-gcc "../Drivers/API/Src/API_delay.c" -mcpu=cortex-m4 -std=gnu11 -g3 -DDEBUG -DSTM32 -DSTM32F429ZITx -DSTM32F4 -DNUCLEO_F429ZI -DUSE_HAL_DRIVER -DSTM32F429xx -c -I../Inc -I"/home/denis/Documentos/CESE/ProgMicro/PdM_workspace-main/Practica3/Drivers/STM32F4xx_HAL_Driver/Inc" -I"/home/denis/Documentos/CESE/ProgMicro/PdM_workspace-main/Practica3/Drivers/CMSIS/Include" -I"/home/denis/Documentos/CESE/ProgMicro/PdM_workspace-main/Practica3/Drivers/CMSIS/Device/ST/STM32F4xx/Include" -I"/home/denis/Documentos/CESE/ProgMicro/PdM_workspace-main/Practica3/Drivers/BSP/STM32F4xx_Nucleo_144" -I"/home/denis/Documentos/CESE/ProgMicro/PdM_workspace-main/Practica3/Drivers/Core/Inc" -I"/home/denis/Documentos/CESE/ProgMicro/PdM_workspace-main/Practica3/Drivers/API" -I"/home/denis/Documentos/CESE/ProgMicro/PdM_workspace-main/Practica3/Drivers/API/Inc" -O0 -ffunction-sections -fdata-sections -Wall -fstack-usage -MMD -MP -MF"Drivers/API/Src/API_delay.d" -MT"Drivers/API/Src/API_delay.o" --specs=nano.specs -mfpu=fpv4-sp-d16 -mfloat-abi=hard -mthumb -o "Drivers/API/Src/API_delay.o"
arm-none-eabi-gcc -o "Practica3.elf" @"objects.list"   -mcpu=cortex-m4 -T"/home/denis/Documentos/CESE/ProgMicro/PdM_workspace-main/Practica3/STM32F429ZITX_FLASH.ld" --specs=nosys.specs -Wl,-Map="Practica3.map" -Wl,--gc-sections -static --specs=nano.specs -mfpu=fpv4-sp-d16 -mfloat-abi=hard -mthumb -Wl,--start-group -lc -lm -Wl,--end-group
Finished building target: Practica3.elf
 
arm-none-eabi-size   Practica3.elf 
arm-none-eabi-objdump -h -S  Practica3.elf  > "Practica3.list"
   text	   data	    bss	    dec	    hex	filename
   6512	     32	   1568	   8112	   1fb0	Practica3.elf
Finished building: default.size.stdout
 
Finished building: Practica3.list
 
12:45:40 **** Incremental Build of configuration Debug for project Practica3 ****
make -j8 all 
arm-none-eabi-size   Practica3.elf 
   text	   data	    bss	    dec	    hex	filename
   6512	     32	   1568	   8112	   1fb0	Practica3.elf
Finished building: default.size.stdout
 
12:46:18 **** Incremental Build of configuration Debug for project Practica3 ****
make -j8 all 
arm-none-eabi-size   Practica3.elf 
   text	   data	    bss	    dec	    hex	filename
   6512	     32	   1568	   8112	   1fb0	Practica3.elf
Finished building: default.size.stdout
 
