08:38:01 **** Incremental Build of configuration Debug for project Practica5_1 ****
make -j8 all 
arm-none-eabi-gcc "../Src/SysConfig.c" -mcpu=cortex-m4 -std=gnu11 -g3 -DDEBUG -DSTM32 -DSTM32F429ZITx -DSTM32F4 -DNUCLEO_F429ZI -DUSE_HAL_DRIVER -DSTM32F429xx -c -I../Inc -I"D:/UBA/CESE/ProgMicro/PdM_workspace-main/Practica5_1/Drivers/STM32F4xx_HAL_Driver/Inc" -I"D:/UBA/CESE/ProgMicro/PdM_workspace-main/Practica5_1/Drivers/CMSIS/Include" -I"D:/UBA/CESE/ProgMicro/PdM_workspace-main/Practica5_1/Drivers/CMSIS/Device/ST/STM32F4xx/Include" -I"D:/UBA/CESE/ProgMicro/PdM_workspace-main/Practica5_1/Drivers/BSP/STM32F4xx_Nucleo_144" -I"D:/UBA/CESE/ProgMicro/PdM_workspace-main/Practica5_1/Drivers/Core/Inc" -I"D:/UBA/CESE/ProgMicro/PdM_workspace-main/Practica5_1/Drivers/API/Inc" -O0 -ffunction-sections -fdata-sections -Wall -fstack-usage -fcyclomatic-complexity -MMD -MP -MF"Src/SysConfig.d" -MT"Src/SysConfig.o" --specs=nano.specs -mfpu=fpv4-sp-d16 -mfloat-abi=hard -mthumb -o "Src/SysConfig.o"
arm-none-eabi-gcc "../Src/main.c" -mcpu=cortex-m4 -std=gnu11 -g3 -DDEBUG -DSTM32 -DSTM32F429ZITx -DSTM32F4 -DNUCLEO_F429ZI -DUSE_HAL_DRIVER -DSTM32F429xx -c -I../Inc -I"D:/UBA/CESE/ProgMicro/PdM_workspace-main/Practica5_1/Drivers/STM32F4xx_HAL_Driver/Inc" -I"D:/UBA/CESE/ProgMicro/PdM_workspace-main/Practica5_1/Drivers/CMSIS/Include" -I"D:/UBA/CESE/ProgMicro/PdM_workspace-main/Practica5_1/Drivers/CMSIS/Device/ST/STM32F4xx/Include" -I"D:/UBA/CESE/ProgMicro/PdM_workspace-main/Practica5_1/Drivers/BSP/STM32F4xx_Nucleo_144" -I"D:/UBA/CESE/ProgMicro/PdM_workspace-main/Practica5_1/Drivers/Core/Inc" -I"D:/UBA/CESE/ProgMicro/PdM_workspace-main/Practica5_1/Drivers/API/Inc" -O0 -ffunction-sections -fdata-sections -Wall -fstack-usage -fcyclomatic-complexity -MMD -MP -MF"Src/main.d" -MT"Src/main.o" --specs=nano.specs -mfpu=fpv4-sp-d16 -mfloat-abi=hard -mthumb -o "Src/main.o"
arm-none-eabi-gcc "../Drivers/STM32F4xx_HAL_Driver/Src/stm32f4xx_hal_msp.c" -mcpu=cortex-m4 -std=gnu11 -g3 -DDEBUG -DSTM32 -DSTM32F429ZITx -DSTM32F4 -DNUCLEO_F429ZI -DUSE_HAL_DRIVER -DSTM32F429xx -c -I../Inc -I"D:/UBA/CESE/ProgMicro/PdM_workspace-main/Practica5_1/Drivers/STM32F4xx_HAL_Driver/Inc" -I"D:/UBA/CESE/ProgMicro/PdM_workspace-main/Practica5_1/Drivers/CMSIS/Include" -I"D:/UBA/CESE/ProgMicro/PdM_workspace-main/Practica5_1/Drivers/CMSIS/Device/ST/STM32F4xx/Include" -I"D:/UBA/CESE/ProgMicro/PdM_workspace-main/Practica5_1/Drivers/BSP/STM32F4xx_Nucleo_144" -I"D:/UBA/CESE/ProgMicro/PdM_workspace-main/Practica5_1/Drivers/Core/Inc" -I"D:/UBA/CESE/ProgMicro/PdM_workspace-main/Practica5_1/Drivers/API/Inc" -O0 -ffunction-sections -fdata-sections -Wall -fstack-usage -fcyclomatic-complexity -MMD -MP -MF"Drivers/STM32F4xx_HAL_Driver/Src/stm32f4xx_hal_msp.d" -MT"Drivers/STM32F4xx_HAL_Driver/Src/stm32f4xx_hal_msp.o" --specs=nano.specs -mfpu=fpv4-sp-d16 -mfloat-abi=hard -mthumb -o "Drivers/STM32F4xx_HAL_Driver/Src/stm32f4xx_hal_msp.o"
arm-none-eabi-gcc "../Drivers/Core/Src/stm32f4xx_it.c" -mcpu=cortex-m4 -std=gnu11 -g3 -DDEBUG -DSTM32 -DSTM32F429ZITx -DSTM32F4 -DNUCLEO_F429ZI -DUSE_HAL_DRIVER -DSTM32F429xx -c -I../Inc -I"D:/UBA/CESE/ProgMicro/PdM_workspace-main/Practica5_1/Drivers/STM32F4xx_HAL_Driver/Inc" -I"D:/UBA/CESE/ProgMicro/PdM_workspace-main/Practica5_1/Drivers/CMSIS/Include" -I"D:/UBA/CESE/ProgMicro/PdM_workspace-main/Practica5_1/Drivers/CMSIS/Device/ST/STM32F4xx/Include" -I"D:/UBA/CESE/ProgMicro/PdM_workspace-main/Practica5_1/Drivers/BSP/STM32F4xx_Nucleo_144" -I"D:/UBA/CESE/ProgMicro/PdM_workspace-main/Practica5_1/Drivers/Core/Inc" -I"D:/UBA/CESE/ProgMicro/PdM_workspace-main/Practica5_1/Drivers/API/Inc" -O0 -ffunction-sections -fdata-sections -Wall -fstack-usage -fcyclomatic-complexity -MMD -MP -MF"Drivers/Core/Src/stm32f4xx_it.d" -MT"Drivers/Core/Src/stm32f4xx_it.o" --specs=nano.specs -mfpu=fpv4-sp-d16 -mfloat-abi=hard -mthumb -o "Drivers/Core/Src/stm32f4xx_it.o"
arm-none-eabi-gcc "../Drivers/API/Src/API_uart.c" -mcpu=cortex-m4 -std=gnu11 -g3 -DDEBUG -DSTM32 -DSTM32F429ZITx -DSTM32F4 -DNUCLEO_F429ZI -DUSE_HAL_DRIVER -DSTM32F429xx -c -I../Inc -I"D:/UBA/CESE/ProgMicro/PdM_workspace-main/Practica5_1/Drivers/STM32F4xx_HAL_Driver/Inc" -I"D:/UBA/CESE/ProgMicro/PdM_workspace-main/Practica5_1/Drivers/CMSIS/Include" -I"D:/UBA/CESE/ProgMicro/PdM_workspace-main/Practica5_1/Drivers/CMSIS/Device/ST/STM32F4xx/Include" -I"D:/UBA/CESE/ProgMicro/PdM_workspace-main/Practica5_1/Drivers/BSP/STM32F4xx_Nucleo_144" -I"D:/UBA/CESE/ProgMicro/PdM_workspace-main/Practica5_1/Drivers/Core/Inc" -I"D:/UBA/CESE/ProgMicro/PdM_workspace-main/Practica5_1/Drivers/API/Inc" -O0 -ffunction-sections -fdata-sections -Wall -fstack-usage -fcyclomatic-complexity -MMD -MP -MF"Drivers/API/Src/API_uart.d" -MT"Drivers/API/Src/API_uart.o" --specs=nano.specs -mfpu=fpv4-sp-d16 -mfloat-abi=hard -mthumb -o "Drivers/API/Src/API_uart.o"
arm-none-eabi-gcc -o "Practica5_1.elf" @"objects.list"   -mcpu=cortex-m4 -T"D:\UBA\CESE\ProgMicro\PdM_workspace-main\Practica5_1\STM32F429ZITX_FLASH.ld" --specs=nosys.specs -Wl,-Map="Practica5_1.map" -Wl,--gc-sections -static --specs=nano.specs -mfpu=fpv4-sp-d16 -mfloat-abi=hard -mthumb -Wl,--start-group -lc -lm -Wl,--end-group
Finished building target: Practica5_1.elf
 
arm-none-eabi-size   Practica5_1.elf 
arm-none-eabi-objdump -h -S  Practica5_1.elf  > "Practica5_1.list"
   text	   data	    bss	    dec	    hex	filename
   8724	    108	   1636	  10468	   28e4	Practica5_1.elf
Finished building: default.size.stdout
 
Finished building: Practica5_1.list
 

08:38:07 Build Finished. 0 errors, 0 warnings. (took 6s.681ms)

