08:05:17 **** Incremental Build of configuration Debug for project Practica4_2 ****
make -j8 all 
arm-none-eabi-gcc "../Src/main.c" -mcpu=cortex-m4 -std=gnu11 -g3 -DDEBUG -DSTM32 -DSTM32F429ZITx -DSTM32F4 -DNUCLEO_F429ZI -DUSE_HAL_DRIVER -DSTM32F429xx -c -I../Inc -I"/home/denis/Documentos/CESE/ProgMicro/PdM_workspace-main/Practica4_2/Drivers/STM32F4xx_HAL_Driver/Inc" -I"/home/denis/Documentos/CESE/ProgMicro/PdM_workspace-main/Practica4_2/Drivers/CMSIS/Include" -I"/home/denis/Documentos/CESE/ProgMicro/PdM_workspace-main/Practica4_2/Drivers/CMSIS/Device/ST/STM32F4xx/Include" -I"/home/denis/Documentos/CESE/ProgMicro/PdM_workspace-main/Practica4_2/Drivers/BSP/STM32F4xx_Nucleo_144" -I"/home/denis/Documentos/CESE/ProgMicro/PdM_workspace-main/Practica4_2/Drivers/Core/Inc" -I"/home/denis/Documentos/CESE/ProgMicro/PdM_workspace-main/Practica4_2/Drivers/API" -I"/home/denis/Documentos/CESE/ProgMicro/PdM_workspace-main/Practica4_2/Drivers/API/Inc" -O0 -ffunction-sections -fdata-sections -Wall -fstack-usage -MMD -MP -MF"Src/main.d" -MT"Src/main.o" --specs=nano.specs -mfpu=fpv4-sp-d16 -mfloat-abi=hard -mthumb -o "Src/main.o"
arm-none-eabi-gcc "../Drivers/API/Src/API_debounce.c" -mcpu=cortex-m4 -std=gnu11 -g3 -DDEBUG -DSTM32 -DSTM32F429ZITx -DSTM32F4 -DNUCLEO_F429ZI -DUSE_HAL_DRIVER -DSTM32F429xx -c -I../Inc -I"/home/denis/Documentos/CESE/ProgMicro/PdM_workspace-main/Practica4_2/Drivers/STM32F4xx_HAL_Driver/Inc" -I"/home/denis/Documentos/CESE/ProgMicro/PdM_workspace-main/Practica4_2/Drivers/CMSIS/Include" -I"/home/denis/Documentos/CESE/ProgMicro/PdM_workspace-main/Practica4_2/Drivers/CMSIS/Device/ST/STM32F4xx/Include" -I"/home/denis/Documentos/CESE/ProgMicro/PdM_workspace-main/Practica4_2/Drivers/BSP/STM32F4xx_Nucleo_144" -I"/home/denis/Documentos/CESE/ProgMicro/PdM_workspace-main/Practica4_2/Drivers/Core/Inc" -I"/home/denis/Documentos/CESE/ProgMicro/PdM_workspace-main/Practica4_2/Drivers/API" -I"/home/denis/Documentos/CESE/ProgMicro/PdM_workspace-main/Practica4_2/Drivers/API/Inc" -O0 -ffunction-sections -fdata-sections -Wall -fstack-usage -MMD -MP -MF"Drivers/API/Src/API_debounce.d" -MT"Drivers/API/Src/API_debounce.o" --specs=nano.specs -mfpu=fpv4-sp-d16 -mfloat-abi=hard -mthumb -o "Drivers/API/Src/API_debounce.o"
arm-none-eabi-gcc -o "Practica4_2.elf" @"objects.list"   -mcpu=cortex-m4 -T"/home/denis/Documentos/CESE/ProgMicro/PdM_workspace-main/Practica4_2/STM32F429ZITX_FLASH.ld" --specs=nosys.specs -Wl,-Map="Practica4_2.map" -Wl,--gc-sections -static --specs=nano.specs -mfpu=fpv4-sp-d16 -mfloat-abi=hard -mthumb -Wl,--start-group -lc -lm -Wl,--end-group
Finished building target: Practica4_2.elf
 
arm-none-eabi-size   Practica4_2.elf 
arm-none-eabi-objdump -h -S  Practica4_2.elf  > "Practica4_2.list"
   text	   data	    bss	    dec	    hex	filename
   7140	     36	   1588	   8764	   223c	Practica4_2.elf
Finished building: default.size.stdout
 
Finished building: Practica4_2.list
 

08:05:18 Build Finished. 0 errors, 0 warnings. (took 1s.626ms)

