07:59:45 **** Incremental Build of configuration Debug for project TPFinalPdM_v1.2 ****
make -j8 all 
arm-none-eabi-gcc "../Drivers/API/Src/port.c" -mcpu=cortex-m4 -std=gnu11 -g3 -DDEBUG -DUSE_HAL_DRIVER -DSTM32F429xx -c -I../Core/Inc -I../Drivers/STM32F4xx_HAL_Driver/Inc -I../Drivers/STM32F4xx_HAL_Driver/Inc/Legacy -I../Drivers/CMSIS/Device/ST/STM32F4xx/Include -I../Drivers/CMSIS/Include -I"D:/UBA/CESE/ProgMicro/PdM_workspace-main/TPFinalPdM_v1.2/Drivers/API/Inc" -I"D:/UBA/CESE/ProgMicro/PdM_workspace-main/TPFinalPdM_v1.2/Drivers/BSP" -O0 -ffunction-sections -fdata-sections -Wall -fstack-usage -fcyclomatic-complexity -MMD -MP -MF"Drivers/API/Src/port.d" -MT"Drivers/API/Src/port.o" --specs=nano.specs -mfpu=fpv4-sp-d16 -mfloat-abi=hard -mthumb -o "Drivers/API/Src/port.o"
arm-none-eabi-gcc -o "TPFinalPdM_v1.2.elf" @"objects.list"   -mcpu=cortex-m4 -T"D:\UBA\CESE\ProgMicro\PdM_workspace-main\TPFinalPdM_v1.2\STM32F429ZITX_FLASH.ld" --specs=nosys.specs -Wl,-Map="TPFinalPdM_v1.2.map" -Wl,--gc-sections -static --specs=nano.specs -mfpu=fpv4-sp-d16 -mfloat-abi=hard -mthumb -Wl,--start-group -lc -lm -Wl,--end-group
Finished building target: TPFinalPdM_v1.2.elf
 
arm-none-eabi-size   TPFinalPdM_v1.2.elf 
arm-none-eabi-objdump -h -S  TPFinalPdM_v1.2.elf  > "TPFinalPdM_v1.2.list"
   text	   data	    bss	    dec	    hex	filename
  26628	    472	   2888	  29988	   7524	TPFinalPdM_v1.2.elf
Finished building: default.size.stdout
 
Finished building: TPFinalPdM_v1.2.list
 

07:59:46 Build Finished. 0 errors, 0 warnings. (took 1s.464ms)

